Archive member included because of file (symbol)

.\CortexM0\ARM_GCC_484\Debug\Health Thermometer.a(cyfitter_cfg.o)
                              .\CortexM0\ARM_GCC_484\Debug\Cm0Start.o (cyfitter_cfg)
.\CortexM0\ARM_GCC_484\Debug\Health Thermometer.a(ADC.o)
                              .\CortexM0\ARM_GCC_484\Debug\CommonFunctions.o (ADC_Start)
.\CortexM0\ARM_GCC_484\Debug\Health Thermometer.a(ADC_PM.o)
                              .\CortexM0\ARM_GCC_484\Debug\CommonFunctions.o (ADC_Sleep)
.\CortexM0\ARM_GCC_484\Debug\Health Thermometer.a(ADC_INT.o)
                              .\CortexM0\ARM_GCC_484\Debug\Health Thermometer.a(ADC.o) (ADC_ISR)
.\CortexM0\ARM_GCC_484\Debug\Health Thermometer.a(AMuxSeq.o)
                              .\CortexM0\ARM_GCC_484\Debug\Temperature.o (AMuxSeq_DisconnectAll)
.\CortexM0\ARM_GCC_484\Debug\Health Thermometer.a(Thermistor.o)
                              .\CortexM0\ARM_GCC_484\Debug\Temperature.o (Thermistor_GetResistance)
.\CortexM0\ARM_GCC_484\Debug\Health Thermometer.a(BLE.o)
                              .\CortexM0\ARM_GCC_484\Debug\BLE_HTSS.o (CyBle_Start)
.\CortexM0\ARM_GCC_484\Debug\Health Thermometer.a(BLE_gatt.o)
                              .\CortexM0\ARM_GCC_484\Debug\main.o (cyBle_state)
.\CortexM0\ARM_GCC_484\Debug\Health Thermometer.a(BLE_eventHandler.o)
                              .\CortexM0\ARM_GCC_484\Debug\Health Thermometer.a(BLE.o) (cyBle_eventHandlerFlag)
.\CortexM0\ARM_GCC_484\Debug\Health Thermometer.a(BLE_dis.o)
                              .\CortexM0\ARM_GCC_484\Debug\Health Thermometer.a(BLE.o) (CyBle_DisInit)
.\CortexM0\ARM_GCC_484\Debug\Health Thermometer.a(BLE_hts.o)
                              .\CortexM0\ARM_GCC_484\Debug\Health Thermometer.a(BLE.o) (CyBle_HtsInit)
.\CortexM0\ARM_GCC_484\Debug\Health Thermometer.a(V_HIGH.o)
                              .\CortexM0\ARM_GCC_484\Debug\CommonFunctions.o (V_HIGH_Write)
.\CortexM0\ARM_GCC_484\Debug\Health Thermometer.a(V_LOW.o)
                              .\CortexM0\ARM_GCC_484\Debug\CommonFunctions.o (V_LOW_Write)
.\CortexM0\ARM_GCC_484\Debug\Health Thermometer.a(SW.o)
                              .\CortexM0\ARM_GCC_484\Debug\CommonFunctions.o (SW_ClearInterrupt)
.\CortexM0\ARM_GCC_484\Debug\Health Thermometer.a(Wakeup_ISR.o)
                              .\CortexM0\ARM_GCC_484\Debug\main.o (Wakeup_ISR_Start)
.\CortexM0\ARM_GCC_484\Debug\Health Thermometer.a(CyBootAsmGnu.o)
                              .\CortexM0\ARM_GCC_484\Debug\Health Thermometer.a(cyfitter_cfg.o) (CyDelayCycles)
.\CortexM0\ARM_GCC_484\Debug\Health Thermometer.a(CyLib.o)
                              .\CortexM0\ARM_GCC_484\Debug\main.o (CySysClkWriteImoFreq)
.\CortexM0\ARM_GCC_484\Debug\Health Thermometer.a(cyPm.o)
                              .\CortexM0\ARM_GCC_484\Debug\main.o (CySysPmSleep)
C:\Program Files (x86)\Cypress\PSoC Creator\3.1\PSoC Creator\psoc\content\cycomponentlibrary\CyComponentLibrary.cylib\BLE_v1_10\Library\gccCyBLEStack_BLE_SOC_PERIPHERAL.a(CyBle.o)
                              .\CortexM0\ARM_GCC_484\Debug\main.o (CyBle_EnterLPM)
C:\Program Files (x86)\Cypress\PSoC Creator\3.1\PSoC Creator\psoc\content\cycomponentlibrary\CyComponentLibrary.cylib\BLE_v1_10\Library\gccCyBLEStack_BLE_SOC_PERIPHERAL.a(CyBleStackMgrIP_Interface.o)
                              C:\Program Files (x86)\Cypress\PSoC Creator\3.1\PSoC Creator\psoc\content\cycomponentlibrary\CyComponentLibrary.cylib\BLE_v1_10\Library\gccCyBLEStack_BLE_SOC_PERIPHERAL.a(CyBle.o) (CyBleStackMgr_BleGetConfigData)
C:\Program Files (x86)\Cypress\PSoC Creator\3.1\PSoC Creator\psoc\content\cycomponentlibrary\CyComponentLibrary.cylib\BLE_v1_10\Library\gccCyBLEStack_BLE_SOC_PERIPHERAL.a(BT_os.o)
                              C:\Program Files (x86)\Cypress\PSoC Creator\3.1\PSoC Creator\psoc\content\cycomponentlibrary\CyComponentLibrary.cylib\BLE_v1_10\Library\gccCyBLEStack_BLE_SOC_PERIPHERAL.a(CyBleStackMgrIP_Interface.o) (bt_stack_init_os)
C:\Program Files (x86)\Cypress\PSoC Creator\3.1\PSoC Creator\psoc\content\cycomponentlibrary\CyComponentLibrary.cylib\BLE_v1_10\Library\gccCyBLEStack_BLE_SOC_PERIPHERAL.a(CyBleStackMgr_StackTaskHandler.o)
                              C:\Program Files (x86)\Cypress\PSoC Creator\3.1\PSoC Creator\psoc\content\cycomponentlibrary\CyComponentLibrary.cylib\BLE_v1_10\Library\gccCyBLEStack_BLE_SOC_PERIPHERAL.a(CyBleStackMgrIP_Interface.o) (CyBle_CreateBleStackTask)
C:\Program Files (x86)\Cypress\PSoC Creator\3.1\PSoC Creator\psoc\content\cycomponentlibrary\CyComponentLibrary.cylib\BLE_v1_10\Library\gccCyBLEStack_BLE_SOC_PERIPHERAL.a(transport_sf.o)
                              C:\Program Files (x86)\Cypress\PSoC Creator\3.1\PSoC Creator\psoc\content\cycomponentlibrary\CyComponentLibrary.cylib\BLE_v1_10\Library\gccCyBLEStack_BLE_SOC_PERIPHERAL.a(CyBleStackMgr_StackTaskHandler.o) (hci_soft_transport_notify_data_received)
[...]
Memory Configuration

Name             Origin             Length             Attributes
rom              0x00000000         0x00020000         xr
ram              0x20000000         0x00004000         xrw
*default*        0x00000000         0xffffffff

Linker script and memory map

LOAD c:/program files (x86)/cypress/psoc creator/3.1/psoc creator/import/gnu_cs/arm/4.8.4/bin/../lib/gcc/arm-none-eabi/4.8.4/armv6-m/crti.o
LOAD c:/program files (x86)/cypress/psoc creator/3.1/psoc creator/import/gnu_cs/arm/4.8.4/bin/../lib/gcc/arm-none-eabi/4.8.4/armv6-m/crtbegin.o
LOAD c:/program files (x86)/cypress/psoc creator/3.1/psoc creator/import/gnu_cs/arm/4.8.4/bin/../lib/gcc/arm-none-eabi/4.8.4/../../../../arm-none-eabi/lib/armv6-m/crt0.o
START GROUP
LOAD .\CortexM0\ARM_GCC_484\Debug\main.o
LOAD .\CortexM0\ARM_GCC_484\Debug\BLE_HTSS.o
LOAD .\CortexM0\ARM_GCC_484\Debug\Temperature.o
LOAD .\CortexM0\ARM_GCC_484\Debug\CommonFunctions.o
LOAD .\CortexM0\ARM_GCC_484\Debug\WatchdogTimer.o
LOAD .\CortexM0\ARM_GCC_484\Debug\cymetadata.o
LOAD .\CortexM0\ARM_GCC_484\Debug\Cm0Start.o
LOAD .\CortexM0\ARM_GCC_484\Debug\Health Thermometer.a
LOAD C:\Program Files (x86)\Cypress\PSoC Creator\3.1\PSoC Creator\psoc\content\cycomponentlibrary\CyComponentLibrary.cylib\BLE_v1_10\Library\gccCyBLEStack_BLE_SOC_PERIPHERAL.a
LOAD C:\Program Files (x86)\Cypress\PSoC Creator\3.1\PSoC Creator\psoc\content\cycomponentlibrary\CyComponentLibrary.cylib\CortexM0\ARM_GCC_484\Debug\CyComponentLibrary.a
END GROUP
START GROUP
LOAD c:/program files (x86)/cypress/psoc creator/3.1/psoc creator/import/gnu_cs/arm/4.8.4/bin/../lib/gcc/arm-none-eabi/4.8.4/armv6-m\libgcc.a
LOAD c:/program files (x86)/cypress/psoc creator/3.1/psoc creator/import/gnu_cs/arm/4.8.4/bin/../lib/gcc/arm-none-eabi/4.8.4/../../../../arm-none-eabi/lib/armv6-m\libg_s.a
LOAD c:/program files (x86)/cypress/psoc creator/3.1/psoc creator/import/gnu_cs/arm/4.8.4/bin/../lib/gcc/arm-none-eabi/4.8.4/../../../../arm-none-eabi/lib/armv6-m\libc_s.a
END GROUP
START GROUP
LOAD c:/program files (x86)/cypress/psoc creator/3.1/psoc creator/import/gnu_cs/arm/4.8.4/bin/../lib/gcc/arm-none-eabi/4.8.4/armv6-m\libgcc.a
LOAD c:/program files (x86)/cypress/psoc creator/3.1/psoc creator/import/gnu_cs/arm/4.8.4/bin/../lib/gcc/arm-none-eabi/4.8.4/../../../../arm-none-eabi/lib/armv6-m\libc_s.a
END GROUP
LOAD c:/program files (x86)/cypress/psoc creator/3.1/psoc creator/import/gnu_cs/arm/4.8.4/bin/../lib/gcc/arm-none-eabi/4.8.4/armv6-m/crtend.o
LOAD c:/program files (x86)/cypress/psoc creator/3.1/psoc creator/import/gnu_cs/arm/4.8.4/bin/../lib/gcc/arm-none-eabi/4.8.4/armv6-m/crtn.o
START GROUP
LOAD c:/program files (x86)/cypress/psoc creator/3.1/psoc creator/import/gnu_cs/arm/4.8.4/bin/../lib/gcc/arm-none-eabi/4.8.4/armv6-m\libgcc.a
LOAD c:/program files (x86)/cypress/psoc creator/3.1/psoc creator/import/gnu_cs/arm/4.8.4/bin/../lib/gcc/arm-none-eabi/4.8.4/../../../../arm-none-eabi/lib/armv6-m\libc.a
LOAD c:/program files (x86)/cypress/psoc creator/3.1/psoc creator/import/gnu_cs/arm/4.8.4/bin/../lib/gcc/arm-none-eabi/4.8.4/../../../../arm-none-eabi/lib/armv6-m\libnosys.a
END GROUP
                0x00000000                CY_APPL_ORIGIN = 0x0
                0x00000080                CY_FLASH_ROW_SIZE = 0x80
                0x00000001                CY_APPL_NUM = 0x1
                0x00000040                CY_METADATA_SIZE = 0x40
                0x20002548                PROVIDE (__cy_heap_start, _end)
                0x00000001                PROVIDE (__cy_region_num, ((__cy_regions_end - __cy_regions) / 0x10))
                0x20004000                PROVIDE (__cy_stack, (ORIGIN (ram) + 0x4000))
                0x20003800                PROVIDE (__cy_heap_end, (__cy_stack - 0x800))

.cybootloader   0x00000000        0x0
 *(.cybootloader)
                0x00000000                appl1_start = CY_APPL_ORIGIN?CY_APPL_ORIGIN:ALIGN (CY_FLASH_ROW_SIZE)
                0x0000ff80                appl2_start = (appl1_start + ALIGN ((((0x20000 - appl1_start) - (0x2 * CY_FLASH_ROW_SIZE)) / 0x2), CY_FLASH_ROW_SIZE))
                0x00000000                appl_start = (CY_APPL_NUM == 0x1)?appl1_start:appl2_start

.text           0x00000000     0x2a28
 CREATE_OBJECT_SYMBOLS
                0x00000000                PROVIDE (__cy_interrupt_vector, RomVectors)
 *(.romvectors)
 .romvectors    0x00000000       0x10 .\CortexM0\ARM_GCC_484\Debug\Cm0Start.o
                0x00000000                RomVectors
                0x00000001                ASSERT ((. != __cy_interrupt_vector), No interrupt vector)
                0x00000001                ASSERT (CY_APPL_ORIGIN?(SIZEOF (.cybootloader) <= CY_APPL_ORIGIN):0x1, Wrong image location)
                0x00000010                PROVIDE (__cy_reset, Reset)
 *(.text.Reset)
 .text.Reset    0x00000010        0x8 .\CortexM0\ARM_GCC_484\Debug\Cm0Start.o
                0x00000010                Reset
                0x00000001                ASSERT ((. != __cy_reset), No reset code)
 *(.psocinit)
 .psocinit      0x00000018      0x2d4 .\CortexM0\ARM_GCC_484\Debug\Health Thermometer.a(cyfitter_cfg.o)
                0x00000194                cyfitter_cfg
                0x000002ec                . = MAX (., 0x100)
 *(.text .text.* .gnu.linkonce.t.*)
 .text          0x000002ec       0x60 c:/program files (x86)/cypress/psoc creator/3.1/psoc creator/import/gnu_cs/arm/4.8.4/bin/../lib/gcc/arm-none-eabi/4.8.4/armv6-m/crtbegin.o
 .text.main     0x0000034c       0xd0 .\CortexM0\ARM_GCC_484\Debug\main.o
                0x0000034c                main
 .text.GenericEventHandler
                0x0000041c       0x6c .\CortexM0\ARM_GCC_484\Debug\BLE_HTSS.o
                0x0000041c                GenericEventHandler
 .text.HtssEventHandler
                0x00000488       0x70 .\CortexM0\ARM_GCC_484\Debug\BLE_HTSS.o
                0x00000488                HtssEventHandler
 .text.EnableBLE
                0x000004f8       0x20 .\CortexM0\ARM_GCC_484\Debug\BLE_HTSS.o
                0x000004f8                EnableBLE
 .text.ProcessBLE
                0x00000518       0x9c .\CortexM0\ARM_GCC_484\Debug\BLE_HTSS.o
                0x00000518                ProcessBLE
 .text.MeasureSensorVoltage
                0x000005b4       0x2c .\CortexM0\ARM_GCC_484\Debug\Temperature.o
 .text.ProcessTemperature
                0x000005e0       0xc0 .\CortexM0\ARM_GCC_484\Debug\Temperature.o
                0x000005e0                ProcessTemperature
 .text.InitializeSystem
                0x000006a0       0x20 .\CortexM0\ARM_GCC_484\Debug\CommonFunctions.o
                0x000006a0                InitializeSystem
 .text.PrepareForDeepSleep
                0x000006c0       0x24 .\CortexM0\ARM_GCC_484\Debug\CommonFunctions.o
                0x000006c0                PrepareForDeepSleep
 .text.WakeupFromDeepSleep
                0x000006e4       0x18 .\CortexM0\ARM_GCC_484\Debug\CommonFunctions.o
                0x000006e4                WakeupFromDeepSleep
 .text.WatchdogTimer_Lock
                0x000006fc       0x24 .\CortexM0\ARM_GCC_484\Debug\WatchdogTimer.o
 .text.WatchdogTimer_Unlock
                0x00000720       0x38 .\CortexM0\ARM_GCC_484\Debug\WatchdogTimer.o
 .text.WatchdogTimer_Isr
                0x00000758       0x84 .\CortexM0\ARM_GCC_484\Debug\WatchdogTimer.o
                0x00000758                WatchdogTimer_Isr
 .text.WatchdogTimer_Start
                0x000007dc       0x88 .\CortexM0\ARM_GCC_484\Debug\WatchdogTimer.o
                0x000007dc                WatchdogTimer_Start
 .text.WatchdogTimer_Stop
                0x00000864       0x30 .\CortexM0\ARM_GCC_484\Debug\WatchdogTimer.o
                0x00000864                WatchdogTimer_Stop
 .text.IntDefaultHandler
                0x00000894        0x8 .\CortexM0\ARM_GCC_484\Debug\Cm0Start.o
                0x00000894                IntDefaultHandler
 .text.Start_c  0x0000089c       0x98 .\CortexM0\ARM_GCC_484\Debug\Cm0Start.o
                0x0000089c                Start_c
 .text.initialize_psoc
                0x00000934       0x70 .\CortexM0\ARM_GCC_484\Debug\Cm0Start.o
                0x00000934                initialize_psoc
 .text.CYMEMZERO
                0x000009a4       0x20 .\CortexM0\ARM_GCC_484\Debug\Health Thermometer.a(cyfitter_cfg.o)
 .text.cfg_write_bytes32
                0x000009c4       0x80 .\CortexM0\ARM_GCC_484\Debug\Health Thermometer.a(cyfitter_cfg.o)
 .text.AnalogSetDefault
                0x00000a44       0x2c .\CortexM0\ARM_GCC_484\Debug\Health Thermometer.a(cyfitter_cfg.o)
 .text.SetAnalogRoutingPumps
                0x00000a70       0x40 .\CortexM0\ARM_GCC_484\Debug\Health Thermometer.a(cyfitter_cfg.o)
                0x00000a70                SetAnalogRoutingPumps
 .text.AMuxSeq_CYAMUXSIDE_B_DisconnectAll
                0x00000ab0       0x30 .\CortexM0\ARM_GCC_484\Debug\Health Thermometer.a(cyfitter_cfg.o)
                0x00000ab0                AMuxSeq_CYAMUXSIDE_B_DisconnectAll
 .text.AMuxSeq_CYAMUXSIDE_B_Next
                0x00000ae0       0x90 .\CortexM0\ARM_GCC_484\Debug\Health Thermometer.a(cyfitter_cfg.o)
                0x00000ae0                AMuxSeq_CYAMUXSIDE_B_Next
 .text.AMuxSeq_CYAMUXSIDE_A_DisconnectAll
                0x00000b70       0x28 .\CortexM0\ARM_GCC_484\Debug\Health Thermometer.a(cyfitter_cfg.o)
                0x00000b70                AMuxSeq_CYAMUXSIDE_A_DisconnectAll
 .text.AMuxSeq_CYAMUXSIDE_A_Next
                0x00000b98       0x84 .\CortexM0\ARM_GCC_484\Debug\Health Thermometer.a(cyfitter_cfg.o)
                0x00000b98                AMuxSeq_CYAMUXSIDE_A_Next
 .text.ADC_Start
                0x00000c1c       0x24 .\CortexM0\ARM_GCC_484\Debug\Health Thermometer.a(ADC.o)
                0x00000c1c                ADC_Start
 .text.ADC_Init
                0x00000c40      0x1a4 .\CortexM0\ARM_GCC_484\Debug\Health Thermometer.a(ADC.o)
                0x00000c40                ADC_Init
 .text.ADC_Enable
                0x00000de4       0x38 .\CortexM0\ARM_GCC_484\Debug\Health Thermometer.a(ADC.o)
                0x00000de4                ADC_Enable
 .text.ADC_Stop
                0x00000e1c       0x18 .\CortexM0\ARM_GCC_484\Debug\Health Thermometer.a(ADC.o)
                0x00000e1c                ADC_Stop
 .text.ADC_StartConvert
                0x00000e34       0x1c .\CortexM0\ARM_GCC_484\Debug\Health Thermometer.a(ADC.o)
                0x00000e34                ADC_StartConvert
 .text.ADC_StopConvert
                0x00000e50       0x1c .\CortexM0\ARM_GCC_484\Debug\Health Thermometer.a(ADC.o)
                0x00000e50                ADC_StopConvert
 .text.ADC_IsEndConversion
                0x00000e6c       0x48 .\CortexM0\ARM_GCC_484\Debug\Health Thermometer.a(ADC.o)
                0x00000e6c                ADC_IsEndConversion
 .text.ADC_GetResult16
                0x00000eb4       0x44 .\CortexM0\ARM_GCC_484\Debug\Health Thermometer.a(ADC.o)
                0x00000eb4                ADC_GetResult16
 .text.ADC_Sleep
                0x00000ef8       0x58 .\CortexM0\ARM_GCC_484\Debug\Health Thermometer.a(ADC_PM.o)
                0x00000ef8                ADC_Sleep
 .text.ADC_Wakeup
                0x00000f50       0x38 .\CortexM0\ARM_GCC_484\Debug\Health Thermometer.a(ADC_PM.o)
                0x00000f50                ADC_Wakeup
 .text.ADC_ISR  0x00000f88       0x1c .\CortexM0\ARM_GCC_484\Debug\Health Thermometer.a(ADC_INT.o)
                0x00000f88                ADC_ISR
 .text.AMuxSeq_Next
                0x00000fa4       0x10 .\CortexM0\ARM_GCC_484\Debug\Health Thermometer.a(AMuxSeq.o)
                0x00000fa4                AMuxSeq_Next
 .text.AMuxSeq_DisconnectAll
                0x00000fb4       0x10 .\CortexM0\ARM_GCC_484\Debug\Health Thermometer.a(AMuxSeq.o)
                0x00000fb4                AMuxSeq_DisconnectAll
 .text.Thermistor_GetResistance
                0x00000fc4       0x94 .\CortexM0\ARM_GCC_484\Debug\Health Thermometer.a(Thermistor.o)
                0x00000fc4                Thermistor_GetResistance
 .text.Thermistor_GetTemperature
                0x00001058      0x184 .\CortexM0\ARM_GCC_484\Debug\Health Thermometer.a(Thermistor.o)
                0x00001058                Thermistor_GetTemperature
 .text.CyBle_Init
                0x000011dc       0x34 .\CortexM0\ARM_GCC_484\Debug\Health Thermometer.a(BLE.o)
                0x000011dc                CyBle_Init
 .text.CyBle_ServiceInit
                0x00001210       0x10 .\CortexM0\ARM_GCC_484\Debug\Health Thermometer.a(BLE.o)
                0x00001210                CyBle_ServiceInit
 .text.CyBle_Start
                0x00001220       0x90 .\CortexM0\ARM_GCC_484\Debug\Health Thermometer.a(BLE.o)
                0x00001220                CyBle_Start
 .text.CyBle_GappStartAdvertisement
                0x000012b0       0xc4 .\CortexM0\ARM_GCC_484\Debug\Health Thermometer.a(BLE.o)
                0x000012b0                CyBle_GappStartAdvertisement
 .text.CyBle_Get16ByPtr
                0x00001374       0x24 .\CortexM0\ARM_GCC_484\Debug\Health Thermometer.a(BLE.o)
                0x00001374                CyBle_Get16ByPtr
 .text.CyBle_GattsWriteEventHandler
                0x00001398       0xa0 .\CortexM0\ARM_GCC_484\Debug\Health Thermometer.a(BLE_gatt.o)
                0x00001398                CyBle_GattsWriteEventHandler
 .text.CyBle_WriteReqHandler
                0x00001438       0x98 .\CortexM0\ARM_GCC_484\Debug\Health Thermometer.a(BLE_eventHandler.o)
 .text.CyBle_ValueConfirmation
                0x000014d0       0x30 .\CortexM0\ARM_GCC_484\Debug\Health Thermometer.a(BLE_eventHandler.o)
 .text.CyBle_GattDisconnectEventHandler
                0x00001500       0x18 .\CortexM0\ARM_GCC_484\Debug\Health Thermometer.a(BLE_eventHandler.o)
 .text.CyBle_TimeOutEventHandler
                0x00001518       0x10 .\CortexM0\ARM_GCC_484\Debug\Health Thermometer.a(BLE_eventHandler.o)
 .text.CyBle_GattConnectReqHandler
                0x00001528        0x8 .\CortexM0\ARM_GCC_484\Debug\Health Thermometer.a(BLE_eventHandler.o)
 .text.CyBle_IsDeviceAddressValid
                0x00001530       0x60 .\CortexM0\ARM_GCC_484\Debug\Health Thermometer.a(BLE_eventHandler.o)
 .text.CyBle_L2Cap_ConnParamUpdateRspEventHandler
                0x00001590       0x14 .\CortexM0\ARM_GCC_484\Debug\Health Thermometer.a(BLE_eventHandler.o)
 .text.CyBle_GapConnUpdateCompleteEventHandler
                0x000015a4       0x10 .\CortexM0\ARM_GCC_484\Debug\Health Thermometer.a(BLE_eventHandler.o)
 .text.CyBle_EventHandler
                0x000015b4      0x314 .\CortexM0\ARM_GCC_484\Debug\Health Thermometer.a(BLE_eventHandler.o)
                0x000015b4                CyBle_EventHandler
 .text.CyBle_DisInit
                0x000018c8        0x8 .\CortexM0\ARM_GCC_484\Debug\Health Thermometer.a(BLE_dis.o)
                0x000018c8                CyBle_DisInit
 .text.CyBle_HtsInit
                0x000018d0       0x14 .\CortexM0\ARM_GCC_484\Debug\Health Thermometer.a(BLE_hts.o)
                0x000018d0                CyBle_HtsInit
 .text.CyBle_HtsRegisterAttrCallback
                0x000018e4       0x18 .\CortexM0\ARM_GCC_484\Debug\Health Thermometer.a(BLE_hts.o)
                0x000018e4                CyBle_HtsRegisterAttrCallback
 .text.CyBle_HtssGetCharacteristicValue
                0x000018fc       0x88 .\CortexM0\ARM_GCC_484\Debug\Health Thermometer.a(BLE_hts.o)
                0x000018fc                CyBle_HtssGetCharacteristicValue
 .text.CyBle_HtssGetCharacteristicDescriptor
                0x00001984       0xac .\CortexM0\ARM_GCC_484\Debug\Health Thermometer.a(BLE_hts.o)
                0x00001984                CyBle_HtssGetCharacteristicDescriptor
 .text.CyBle_HtssWriteEventHandler
                0x00001a30      0x300 .\CortexM0\ARM_GCC_484\Debug\Health Thermometer.a(BLE_hts.o)
                0x00001a30                CyBle_HtssWriteEventHandler
 .text.CyBle_HtssSendIndication
                0x00001d30       0xf0 .\CortexM0\ARM_GCC_484\Debug\Health Thermometer.a(BLE_hts.o)
                0x00001d30                CyBle_HtssSendIndication
 .text.CyBle_HtssConfirmationEventHandler
                0x00001e20       0xd8 .\CortexM0\ARM_GCC_484\Debug\Health Thermometer.a(BLE_hts.o)
                0x00001e20                CyBle_HtssConfirmationEventHandler
 .text.V_HIGH_Write
                0x00001ef8       0x48 .\CortexM0\ARM_GCC_484\Debug\Health Thermometer.a(V_HIGH.o)
                0x00001ef8                V_HIGH_Write
 .text.V_LOW_Write
                0x00001f40       0x4c .\CortexM0\ARM_GCC_484\Debug\Health Thermometer.a(V_LOW.o)
                0x00001f40                V_LOW_Write
 .text.SW_ClearInterrupt
                0x00001f8c       0x30 .\CortexM0\ARM_GCC_484\Debug\Health Thermometer.a(SW.o)
                0x00001f8c                SW_ClearInterrupt
 .text.Wakeup_ISR_Start
                0x00001fbc       0x24 .\CortexM0\ARM_GCC_484\Debug\Health Thermometer.a(Wakeup_ISR.o)
                0x00001fbc                Wakeup_ISR_Start
 .text.Wakeup_ISR_Interrupt
                0x00001fe0        0x8 .\CortexM0\ARM_GCC_484\Debug\Health Thermometer.a(Wakeup_ISR.o)
                0x00001fe0                Wakeup_ISR_Interrupt
 .text.Wakeup_ISR_SetVector
                0x00001fe8       0x18 .\CortexM0\ARM_GCC_484\Debug\Health Thermometer.a(Wakeup_ISR.o)
                0x00001fe8                Wakeup_ISR_SetVector
 .text.Wakeup_ISR_SetPriority
                0x00002000       0x50 .\CortexM0\ARM_GCC_484\Debug\Health Thermometer.a(Wakeup_ISR.o)
                0x00002000                Wakeup_ISR_SetPriority
 .text.Wakeup_ISR_Enable
                0x00002050       0x14 .\CortexM0\ARM_GCC_484\Debug\Health Thermometer.a(Wakeup_ISR.o)
                0x00002050                Wakeup_ISR_Enable
 .text.Wakeup_ISR_Disable
                0x00002064       0x14 .\CortexM0\ARM_GCC_484\Debug\Health Thermometer.a(Wakeup_ISR.o)
                0x00002064                Wakeup_ISR_Disable
 .text          0x00002078       0x20 .\CortexM0\ARM_GCC_484\Debug\Health Thermometer.a(CyBootAsmGnu.o)
                0x00002078                CyDelayCycles
                0x0000208a                CyEnterCriticalSection
                0x00002092                CyExitCriticalSection
 .text.CySysClkWcoSetHighPowerMode
                0x00002098       0x3c .\CortexM0\ARM_GCC_484\Debug\Health Thermometer.a(CyLib.o)
 .text.CySysClkWcoSetLowPowerMode
                0x000020d4       0x48 .\CortexM0\ARM_GCC_484\Debug\Health Thermometer.a(CyLib.o)
 .text.CySysClkWriteSysclkDiv
                0x0000211c       0x44 .\CortexM0\ARM_GCC_484\Debug\Health Thermometer.a(CyLib.o)
                0x0000211c                CySysClkWriteSysclkDiv
 .text.CySysClkWriteImoFreq
                0x00002160      0x1e0 .\CortexM0\ARM_GCC_484\Debug\Health Thermometer.a(CyLib.o)
                0x00002160                CySysClkWriteImoFreq
 .text.CySysClkEcoStart
                0x00002340       0x74 .\CortexM0\ARM_GCC_484\Debug\Health Thermometer.a(CyLib.o)
                0x00002340                CySysClkEcoStart
 .text.CySysClkEcoReadStatus
                0x000023b4       0x18 .\CortexM0\ARM_GCC_484\Debug\Health Thermometer.a(CyLib.o)
                0x000023b4                CySysClkEcoReadStatus
 .text.CySysClkWcoStart
                0x000023cc       0x20 .\CortexM0\ARM_GCC_484\Debug\Health Thermometer.a(CyLib.o)
                0x000023cc                CySysClkWcoStart
 .text.CySysClkWcoSetPowerMode
                0x000023ec       0x40 .\CortexM0\ARM_GCC_484\Debug\Health Thermometer.a(CyLib.o)
                0x000023ec                CySysClkWcoSetPowerMode
 .text.CyIntSetVector
                0x0000242c       0x4c .\CortexM0\ARM_GCC_484\Debug\Health Thermometer.a(CyLib.o)
                0x0000242c                CyIntSetVector
 .text.CyIntSetPriority
                0x00002478       0xa8 .\CortexM0\ARM_GCC_484\Debug\Health Thermometer.a(CyLib.o)
                0x00002478                CyIntSetPriority
 .text.CyIntEnable
                0x00002520       0x2c .\CortexM0\ARM_GCC_484\Debug\Health Thermometer.a(CyLib.o)
                0x00002520                CyIntEnable
 .text.CyHalt   0x0000254c       0x14 .\CortexM0\ARM_GCC_484\Debug\Health Thermometer.a(CyLib.o)
                0x0000254c                CyHalt
 .text.CyDelay  0x00002560       0x48 .\CortexM0\ARM_GCC_484\Debug\Health Thermometer.a(CyLib.o)
                0x00002560                CyDelay
 .text.CyDelayUs
                0x000025a8       0x28 .\CortexM0\ARM_GCC_484\Debug\Health Thermometer.a(CyLib.o)
                0x000025a8                CyDelayUs
 .text.CySysPmSleep
                0x000025d0       0x34 .\CortexM0\ARM_GCC_484\Debug\Health Thermometer.a(cyPm.o)
                0x000025d0                CySysPmSleep
 .text.CySysPmDeepSleep
                0x00002604       0x6c .\CortexM0\ARM_GCC_484\Debug\Health Thermometer.a(cyPm.o)
                0x00002604                CySysPmDeepSleep
 .text.CySysPmHibernate
                0x00002670       0x6c .\CortexM0\ARM_GCC_484\Debug\Health Thermometer.a(cyPm.o)
                0x00002670                CySysPmHibernate
 .text.CyBLE_Bless_LlRegWrite
                0x000026dc       0x1c .\CortexM0\ARM_GCC_484\Debug\Health Thermometer.a(BLE_HAL_PVT.o)
                0x000026dc                CyBLE_Bless_LlRegWrite
 .text.CyBLE_Bless_RfRegWrite
                0x000026f8       0x1c .\CortexM0\ARM_GCC_484\Debug\Health Thermometer.a(BLE_HAL_PVT.o)
                0x000026f8                CyBLE_Bless_RfRegWrite
 .text.CyBleHal_DelayUs
                0x00002714       0x1c .\CortexM0\ARM_GCC_484\Debug\Health Thermometer.a(BLE_HAL_PVT.o)
                0x00002714                CyBleHal_DelayUs
 .text.CyBleHal_EnableGlobalInterrupts
                0x00002730        0xc .\CortexM0\ARM_GCC_484\Debug\Health Thermometer.a(BLE_HAL_PVT.o)
                0x00002730                CyBleHal_EnableGlobalInterrupts
 .text.CyBleHal_DisableGlobalInterrupts
                0x0000273c        0xc .\CortexM0\ARM_GCC_484\Debug\Health Thermometer.a(BLE_HAL_PVT.o)
                0x0000273c                CyBleHal_DisableGlobalInterrupts
 .text.CyBle_HalInit
                0x00002748       0x20 .\CortexM0\ARM_GCC_484\Debug\Health Thermometer.a(BLE_HAL_PVT.o)
                0x00002748                CyBle_HalInit
 .text.CYBLE_BlessStart
                0x00002768       0x14 .\CortexM0\ARM_GCC_484\Debug\Health Thermometer.a(BLE_HAL_PVT.o)
                0x00002768                CYBLE_BlessStart
 .text.BLE_bless_isr_StartEx
                0x0000277c       0x24 .\CortexM0\ARM_GCC_484\Debug\Health Thermometer.a(BLE_bless_isr.o)
                0x0000277c                BLE_bless_isr_StartEx
 .text.BLE_bless_isr_SetVector
                0x000027a0       0x18 .\CortexM0\ARM_GCC_484\Debug\Health Thermometer.a(BLE_bless_isr.o)
                0x000027a0                BLE_bless_isr_SetVector
 .text.BLE_bless_isr_SetPriority
                0x000027b8       0x50 .\CortexM0\ARM_GCC_484\Debug\Health Thermometer.a(BLE_bless_isr.o)
                0x000027b8                BLE_bless_isr_SetPriority
 .text.BLE_bless_isr_Enable
                0x00002808       0x14 .\CortexM0\ARM_GCC_484\Debug\Health Thermometer.a(BLE_bless_isr.o)
                0x00002808                BLE_bless_isr_Enable
 .text.BLE_bless_isr_Disable
                0x0000281c       0x14 .\CortexM0\ARM_GCC_484\Debug\Health Thermometer.a(BLE_bless_isr.o)
                0x0000281c                BLE_bless_isr_Disable
 .text.CyBLE_Bless_Interrupt
                0x00002830        0xc .\CortexM0\ARM_GCC_484\Debug\Health Thermometer.a(BLE_HAL_INT.o)
                0x00002830                CyBLE_Bless_Interrupt
 .text          0x0000283c       0x9c c:/program files (x86)/cypress/psoc creator/3.1/psoc creator/import/gnu_cs/arm/4.8.4/bin/../lib/gcc/arm-none-eabi/4.8.4/armv6-m\libgcc.a(_udivsi3.o)
                0x0000283c                __aeabi_uidiv
                0x0000283c                __udivsi3
                0x000028c4                __aeabi_uidivmod
 .text          0x000028d8       0xc0 c:/program files (x86)/cypress/psoc creator/3.1/psoc creator/import/gnu_cs/arm/4.8.4/bin/../lib/gcc/arm-none-eabi/4.8.4/armv6-m\libgcc.a(_divsi3.o)
                0x000028d8                __divsi3
                0x000028d8                __aeabi_idiv
                0x00002984                __aeabi_idivmod
 .text          0x00002998        0x4 c:/program files (x86)/cypress/psoc creator/3.1/psoc creator/import/gnu_cs/arm/4.8.4/bin/../lib/gcc/arm-none-eabi/4.8.4/armv6-m\libgcc.a(_dvmd_tls.o)
                0x00002998                __aeabi_idiv0
                0x00002998                __aeabi_ldiv0
 .text.__libc_init_array
                0x0000299c       0x4c c:/program files (x86)/cypress/psoc creator/3.1/psoc creator/import/gnu_cs/arm/4.8.4/bin/../lib/gcc/arm-none-eabi/4.8.4/../../../../arm-none-eabi/lib/armv6-m\libg_s.a(lib_a-init.o)
                0x0000299c                __libc_init_array
 .text.memcmp   0x000029e8       0x1e c:/program files (x86)/cypress/psoc creator/3.1/psoc creator/import/gnu_cs/arm/4.8.4/bin/../lib/gcc/arm-none-eabi/4.8.4/../../../../arm-none-eabi/lib/armv6-m\libg_s.a(lib_a-memcmp.o)
                0x000029e8                memcmp
 .text.memcpy   0x00002a06       0x12 c:/program files (x86)/cypress/psoc creator/3.1/psoc creator/import/gnu_cs/arm/4.8.4/bin/../lib/gcc/arm-none-eabi/4.8.4/../../../../arm-none-eabi/lib/armv6-m\libg_s.a(lib_a-memcpy-stub.o)
                0x00002a06                memcpy
 .text.memset   0x00002a18       0x10 c:/program files (x86)/cypress/psoc creator/3.1/psoc creator/import/gnu_cs/arm/4.8.4/bin/../lib/gcc/arm-none-eabi/4.8.4/../../../../arm-none-eabi/lib/armv6-m\libg_s.a(lib_a-memset.o)
                0x00002a18                memset
 *(.plt)
 *(.gnu.warning)
 *(.glue_7t)
 .glue_7t       0x00000000        0x0 linker stubs
 *(.glue_7)
 .glue_7        0x00000000        0x0 linker stubs
 *(.vfp11_veneer)
 .vfp11_veneer  0x00000000        0x0 linker stubs
 *(.bootloader)
 *(.ARM.extab* .gnu.linkonce.armextab.*)
 *(.gcc_except_table)

.v4_bx          0x00002a28        0x0
 .v4_bx         0x00000000        0x0 linker stubs

.iplt           0x00002a28        0x0
 .iplt          0x00000000        0x0 c:/program files (x86)/cypress/psoc creator/3.1/psoc creator/import/gnu_cs/arm/4.8.4/bin/../lib/gcc/arm-none-eabi/4.8.4/armv6-m/crtbegin.o

i.CyBle_EnterLPM
                0x00002a28        0x8
 i.CyBle_EnterLPM
                0x00002a28        0x8 C:\Program Files (x86)\Cypress\PSoC Creator\3.1\PSoC Creator\psoc\content\cycomponentlibrary\CyComponentLibrary.cylib\BLE_v1_10\Library\gccCyBLEStack_BLE_SOC_PERIPHERAL.a(CyBle.o)
                0x00002a28                CyBle_EnterLPM

i.CyBle_ExitLPM
                0x00002a30        0x8
 i.CyBle_ExitLPM
                0x00002a30        0x8 C:\Program Files (x86)\Cypress\PSoC Creator\3.1\PSoC Creator\psoc\content\cycomponentlibrary\CyComponentLibrary.cylib\BLE_v1_10\Library\gccCyBLEStack_BLE_SOC_PERIPHERAL.a(CyBle.o)
                0x00002a30                CyBle_ExitLPM

i.CyBle_ProcessEvents
                0x00002a38        0x8
 i.CyBle_ProcessEvents
                0x00002a38        0x8 C:\Program Files (x86)\Cypress\PSoC Creator\3.1\PSoC Creator\psoc\content\cycomponentlibrary\CyComponentLibrary.cylib\BLE_v1_10\Library\gccCyBLEStack_BLE_SOC_PERIPHERAL.a(CyBle.o)
                0x00002a38                CyBle_ProcessEvents

i.CyBle_SetDeviceAddress
                0x00002a40       0x24
 i.CyBle_SetDeviceAddress
                0x00002a40       0x24 C:\Program Files (x86)\Cypress\PSoC Creator\3.1\PSoC Creator\psoc\content\cycomponentlibrary\CyComponentLibrary.cylib\BLE_v1_10\Library\gccCyBLEStack_BLE_SOC_PERIPHERAL.a(CyBle.o)
                0x00002a40                CyBle_SetDeviceAddress

i.CyBle_StackInit
                0x00002a64       0x84
 i.CyBle_StackInit
                0x00002a64       0x84 C:\Program Files (x86)\Cypress\PSoC Creator\3.1\PSoC Creator\psoc\content\cycomponentlibrary\CyComponentLibrary.cylib\BLE_v1_10\Library\gccCyBLEStack_BLE_SOC_PERIPHERAL.a(CyBle.o)
                0x00002a64                CyBle_StackInit

i.CyBleStackMgr_BleGetConfigData
                0x00002ae8        0x4
 i.CyBleStackMgr_BleGetConfigData
                0x00002ae8        0x4 C:\Program Files (x86)\Cypress\PSoC Creator\3.1\PSoC Creator\psoc\content\cycomponentlibrary\CyComponentLibrary.cylib\BLE_v1_10\Library\gccCyBLEStack_BLE_SOC_PERIPHERAL.a(CyBleStackMgrIP_Interface.o)
                0x00002ae8                CyBleStackMgr_BleGetConfigData

i.CyBleStackMgr_BleSetConfigData
                0x00002aec        0x4
 i.CyBleStackMgr_BleSetConfigData
                0x00002aec        0x4 C:\Program Files (x86)\Cypress\PSoC Creator\3.1\PSoC Creator\psoc\content\cycomponentlibrary\CyComponentLibrary.cylib\BLE_v1_10\Library\gccCyBLEStack_BLE_SOC_PERIPHERAL.a(CyBleStackMgrIP_Interface.o)
                0x00002aec                CyBleStackMgr_BleSetConfigData

i.CyBleStackMgr_Init
                0x00002af0      0x104
 i.CyBleStackMgr_Init
                0x00002af0      0x104 C:\Program Files (x86)\Cypress\PSoC Creator\3.1\PSoC Creator\psoc\content\cycomponentlibrary\CyComponentLibrary.cylib\BLE_v1_10\Library\gccCyBLEStack_BLE_SOC_PERIPHERAL.a(CyBleStackMgrIP_Interface.o)
                0x00002af0                CyBleStackMgr_Init

i.CyBleStackMgr_ProcessBleEvents
                0x00002bf4       0x14
 i.CyBleStackMgr_ProcessBleEvents
                0x00002bf4       0x14 C:\Program Files (x86)\Cypress\PSoC Creator\3.1\PSoC Creator\psoc\content\cycomponentlibrary\CyComponentLibrary.cylib\BLE_v1_10\Library\gccCyBLEStack_BLE_SOC_PERIPHERAL.a(CyBleStackMgrIP_Interface.o)
                0x00002bf4                CyBleStackMgr_ProcessBleEvents

i.ble_stack_idle_task_callback
                0x00002c08        0x2
 i.ble_stack_idle_task_callback
                0x00002c08        0x2 C:\Program Files (x86)\Cypress\PSoC Creator\3.1\PSoC Creator\psoc\content\cycomponentlibrary\CyComponentLibrary.cylib\BLE_v1_10\Library\gccCyBLEStack_BLE_SOC_PERIPHERAL.a(CyBleStackMgrIP_Interface.o)
                0x00002c08                ble_stack_idle_task_callback

i.BT_OSFreeBuf  0x00002c0c       0x18
 i.BT_OSFreeBuf
                0x00002c0c       0x18 C:\Program Files (x86)\Cypress\PSoC Creator\3.1\PSoC Creator\psoc\content\cycomponentlibrary\CyComponentLibrary.cylib\BLE_v1_10\Library\gccCyBLEStack_BLE_SOC_PERIPHERAL.a(BT_os.o)
                0x00002c0c                BT_OSFreeBuf

i.BT_OSGetBuF   0x00002c24       0x1c
 i.BT_OSGetBuF  0x00002c24       0x1c C:\Program Files (x86)\Cypress\PSoC Creator\3.1\PSoC Creator\psoc\content\cycomponentlibrary\CyComponentLibrary.cylib\BLE_v1_10\Library\gccCyBLEStack_BLE_SOC_PERIPHERAL.a(BT_os.o)
                0x00002c24                BT_OSGetBuF

i.BT_OSMemCreate
                0x00002c40       0x1c
 i.BT_OSMemCreate
                0x00002c40       0x1c C:\Program Files (x86)\Cypress\PSoC Creator\3.1\PSoC Creator\psoc\content\cycomponentlibrary\CyComponentLibrary.cylib\BLE_v1_10\Library\gccCyBLEStack_BLE_SOC_PERIPHERAL.a(BT_os.o)
                0x00002c40                BT_OSMemCreate

i.BT_alloc_mem_ext
                0x00002c5c       0x34
 i.BT_alloc_mem_ext
                0x00002c5c       0x34 C:\Program Files (x86)\Cypress\PSoC Creator\3.1\PSoC Creator\psoc\content\cycomponentlibrary\CyComponentLibrary.cylib\BLE_v1_10\Library\gccCyBLEStack_BLE_SOC_PERIPHERAL.a(BT_os.o)
                0x00002c5c                BT_alloc_mem_ext

i.BT_free_mem   0x00002c90        0xc
 i.BT_free_mem  0x00002c90        0xc C:\Program Files (x86)\Cypress\PSoC Creator\3.1\PSoC Creator\psoc\content\cycomponentlibrary\CyComponentLibrary.cylib\BLE_v1_10\Library\gccCyBLEStack_BLE_SOC_PERIPHERAL.a(BT_os.o)
                0x00002c90                BT_free_mem

i.bt_stack_init_os
                0x00002c9c       0x34
 i.bt_stack_init_os
                0x00002c9c       0x34 C:\Program Files (x86)\Cypress\PSoC Creator\3.1\PSoC Creator\psoc\content\cycomponentlibrary\CyComponentLibrary.cylib\BLE_v1_10\Library\gccCyBLEStack_BLE_SOC_PERIPHERAL.a(BT_os.o)
                0x00002c9c                bt_stack_init_os

i.CyBle_CheckBleStackTaskStatus
                0x00002cd0        0x4
 i.CyBle_CheckBleStackTaskStatus
                0x00002cd0        0x4 C:\Program Files (x86)\Cypress\PSoC Creator\3.1\PSoC Creator\psoc\content\cycomponentlibrary\CyComponentLibrary.cylib\BLE_v1_10\Library\gccCyBLEStack_BLE_SOC_PERIPHERAL.a(CyBleStackMgr_StackTaskHandler.o)
                0x00002cd0                CyBle_CheckBleStackTaskStatus

i.CyBle_CreateBleStackTask
                0x00002cd4       0x2c
 i.CyBle_CreateBleStackTask
                0x00002cd4       0x2c C:\Program Files (x86)\Cypress\PSoC Creator\3.1\PSoC Creator\psoc\content\cycomponentlibrary\CyComponentLibrary.cylib\BLE_v1_10\Library\gccCyBLEStack_BLE_SOC_PERIPHERAL.a(CyBleStackMgr_StackTaskHandler.o)
                0x00002cd4                CyBle_CreateBleStackTask

i.CyBle_SignalBleStackTask
                0x00002d00       0x50
 i.CyBle_SignalBleStackTask
                0x00002d00       0x50 C:\Program Files (x86)\Cypress\PSoC Creator\3.1\PSoC Creator\psoc\content\cycomponentlibrary\CyComponentLibrary.cylib\BLE_v1_10\Library\gccCyBLEStack_BLE_SOC_PERIPHERAL.a(CyBleStackMgr_StackTaskHandler.o)
                0x00002d00                CyBle_SignalBleStackTask

i.CyBle_StackTaskHandler
                0x00002d50       0x5c
 i.CyBle_StackTaskHandler
                0x00002d50       0x5c C:\Program Files (x86)\Cypress\PSoC Creator\3.1\PSoC Creator\psoc\content\cycomponentlibrary\CyComponentLibrary.cylib\BLE_v1_10\Library\gccCyBLEStack_BLE_SOC_PERIPHERAL.a(CyBleStackMgr_StackTaskHandler.o)
                0x00002d50                CyBle_StackTaskHandler

i.__ARM_common_switch8
                0x00002dac       0x1a
 i.__ARM_common_switch8
                0x00002dac       0x1a C:\Program Files (x86)\Cypress\PSoC Creator\3.1\PSoC Creator\psoc\content\cycomponentlibrary\CyComponentLibrary.cylib\BLE_v1_10\Library\gccCyBLEStack_BLE_SOC_PERIPHERAL.a(CyBleStackMgr_StackTaskHandler.o)
                0x00002dac                __ARM_common_switch8

i.hci_soft_transport_notify_data_received
                0x00002dc8        0xc
 i.hci_soft_transport_notify_data_received
                0x00002dc8        0xc C:\Program Files (x86)\Cypress\PSoC Creator\3.1\PSoC Creator\psoc\content\cycomponentlibrary\CyComponentLibrary.cylib\BLE_v1_10\Library\gccCyBLEStack_BLE_SOC_PERIPHERAL.a(transport_sf.o)
                0x00002dc8                hci_soft_transport_notify_data_received

i.hci_soft_transport_rx_data
                0x00002dd4       0x30
 i.hci_soft_transport_rx_data
                0x00002dd4       0x30 C:\Program Files (x86)\Cypress\PSoC Creator\3.1\PSoC Creator\psoc\content\cycomponentlibrary\CyComponentLibrary.cylib\BLE_v1_10\Library\gccCyBLEStack_BLE_SOC_PERIPHERAL.a(transport_sf.o)
                0x00002dd4                hci_soft_transport_rx_data

i.hci_transport_bt_init
                0x00002e04        0x2
 i.hci_transport_bt_init
                0x00002e04        0x2 C:\Program Files (x86)\Cypress\PSoC Creator\3.1\PSoC Creator\psoc\content\cycomponentlibrary\CyComponentLibrary.cylib\BLE_v1_10\Library\gccCyBLEStack_BLE_SOC_PERIPHERAL.a(transport_sf.o)
                0x00002e04                hci_transport_bt_init

i.hci_transport_init
                0x00002e08       0x10
 i.hci_transport_init
                0x00002e08       0x10 C:\Program Files (x86)\Cypress\PSoC Creator\3.1\PSoC Creator\psoc\content\cycomponentlibrary\CyComponentLibrary.cylib\BLE_v1_10\Library\gccCyBLEStack_BLE_SOC_PERIPHERAL.a(transport_sf.o)
                0x00002e08                hci_transport_init

i.hci_transport_write_data
                0x00002e18       0xd4
 i.hci_transport_write_data
                0x00002e18       0xd4 C:\Program Files (x86)\Cypress\PSoC Creator\3.1\PSoC Creator\psoc\content\cycomponentlibrary\CyComponentLibrary.cylib\BLE_v1_10\Library\gccCyBLEStack_BLE_SOC_PERIPHERAL.a(transport_sf.o)
                0x00002e18                hci_transport_write_data

i.pf_hci_soft_transport_write
                0x00002eec       0x74
 i.pf_hci_soft_transport_write
                0x00002eec       0x74 C:\Program Files (x86)\Cypress\PSoC Creator\3.1\PSoC Creator\psoc\content\cycomponentlibrary\CyComponentLibrary.cylib\BLE_v1_10\Library\gccCyBLEStack_BLE_SOC_PERIPHERAL.a(transport_sf.o)
                0x00002eec                pf_hci_soft_transport_write

i.pf_soft_hci_transport_init
                0x00002f60        0xc
 i.pf_soft_hci_transport_init
                0x00002f60        0xc C:\Program Files (x86)\Cypress\PSoC Creator\3.1\PSoC Creator\psoc\content\cycomponentlibrary\CyComponentLibrary.cylib\BLE_v1_10\Library\gccCyBLEStack_BLE_SOC_PERIPHERAL.a(transport_sf.o)
                0x00002f60                pf_soft_hci_transport_init

i.CyBleStackMgr_GetTime
                0x00002f6c       0x14
 i.CyBleStackMgr_GetTime
                0x00002f6c       0x14 C:\Program Files (x86)\Cypress\PSoC Creator\3.1\PSoC Creator\psoc\content\cycomponentlibrary\CyComponentLibrary.cylib\BLE_v1_10\Library\gccCyBLEStack_BLE_SOC_PERIPHERAL.a(CyBleStackMgr_PSoCHal.o)
                0x00002f6c                CyBleStackMgr_GetTime

i.CyBleStackMgr_HalInit
                0x00002f80       0x24
 i.CyBleStackMgr_HalInit
                0x00002f80       0x24 C:\Program Files (x86)\Cypress\PSoC Creator\3.1\PSoC Creator\psoc\content\cycomponentlibrary\CyComponentLibrary.cylib\BLE_v1_10\Library\gccCyBLEStack_BLE_SOC_PERIPHERAL.a(CyBleStackMgr_PSoCHal.o)
                0x00002f80                CyBleStackMgr_HalInit

i.CyBleStackMgr_HalIntrEnable
                0x00002fa4        0x8
 i.CyBleStackMgr_HalIntrEnable
                0x00002fa4        0x8 C:\Program Files (x86)\Cypress\PSoC Creator\3.1\PSoC Creator\psoc\content\cycomponentlibrary\CyComponentLibrary.cylib\BLE_v1_10\Library\gccCyBLEStack_BLE_SOC_PERIPHERAL.a(CyBleStackMgr_PSoCHal.o)
                0x00002fa4                CyBleStackMgr_HalIntrEnable

i.CyBleStackMgr_HandleLinkLayerTick
                0x00002fac       0x5c
 i.CyBleStackMgr_HandleLinkLayerTick
                0x00002fac       0x5c C:\Program Files (x86)\Cypress\PSoC Creator\3.1\PSoC Creator\psoc\content\cycomponentlibrary\CyComponentLibrary.cylib\BLE_v1_10\Library\gccCyBLEStack_BLE_SOC_PERIPHERAL.a(CyBleStackMgr_PSoCHal.o)
                0x00002fac                CyBleStackMgr_HandleLinkLayerTick

i.CyBleStackMgr_HciPortInit
                0x00003008        0xc
 i.CyBleStackMgr_HciPortInit
                0x00003008        0xc C:\Program Files (x86)\Cypress\PSoC Creator\3.1\PSoC Creator\psoc\content\cycomponentlibrary\CyComponentLibrary.cylib\BLE_v1_10\Library\gccCyBLEStack_BLE_SOC_PERIPHERAL.a(CyBleStackMgr_PSoCHal.o)
                0x00003008                CyBleStackMgr_HciPortInit

i.CyBleStackMgr_HciPortReset
                0x00003014        0x2
 i.CyBleStackMgr_HciPortReset
                0x00003014        0x2 C:\Program Files (x86)\Cypress\PSoC Creator\3.1\PSoC Creator\psoc\content\cycomponentlibrary\CyComponentLibrary.cylib\BLE_v1_10\Library\gccCyBLEStack_BLE_SOC_PERIPHERAL.a(CyBleStackMgr_PSoCHal.o)
                0x00003014                CyBleStackMgr_HciPortReset

i.CyBleStackMgr_HciPortWrite
                0x00003016        0x8
 i.CyBleStackMgr_HciPortWrite
                0x00003016        0x8 C:\Program Files (x86)\Cypress\PSoC Creator\3.1\PSoC Creator\psoc\content\cycomponentlibrary\CyComponentLibrary.cylib\BLE_v1_10\Library\gccCyBLEStack_BLE_SOC_PERIPHERAL.a(CyBleStackMgr_PSoCHal.o)
                0x00003016                CyBleStackMgr_HciPortWrite

i.CyBleStackMgr_ResetLinkLayerTimerEntity
                0x00003020       0x14
 i.CyBleStackMgr_ResetLinkLayerTimerEntity
                0x00003020       0x14 C:\Program Files (x86)\Cypress\PSoC Creator\3.1\PSoC Creator\psoc\content\cycomponentlibrary\CyComponentLibrary.cylib\BLE_v1_10\Library\gccCyBLEStack_BLE_SOC_PERIPHERAL.a(CyBleStackMgr_PSoCHal.o)
                0x00003020                CyBleStackMgr_ResetLinkLayerTimerEntity

i.CyBleStackMgr_TimerStart
                0x00003034       0x2c
 i.CyBleStackMgr_TimerStart
                0x00003034       0x2c C:\Program Files (x86)\Cypress\PSoC Creator\3.1\PSoC Creator\psoc\content\cycomponentlibrary\CyComponentLibrary.cylib\BLE_v1_10\Library\gccCyBLEStack_BLE_SOC_PERIPHERAL.a(CyBleStackMgr_PSoCHal.o)
                0x00003034                CyBleStackMgr_TimerStart

i.CyBleStackMgr_TimerStop
                0x00003060       0x18
 i.CyBleStackMgr_TimerStop
                0x00003060       0x18 C:\Program Files (x86)\Cypress\PSoC Creator\3.1\PSoC Creator\psoc\content\cycomponentlibrary\CyComponentLibrary.cylib\BLE_v1_10\Library\gccCyBLEStack_BLE_SOC_PERIPHERAL.a(CyBleStackMgr_PSoCHal.o)
                0x00003060                CyBleStackMgr_TimerStop

i.CyBleStackMgr_isTimerRunning
                0x00003078       0x10
 i.CyBleStackMgr_isTimerRunning
                0x00003078       0x10 C:\Program Files (x86)\Cypress\PSoC Creator\3.1\PSoC Creator\psoc\content\cycomponentlibrary\CyComponentLibrary.cylib\BLE_v1_10\Library\gccCyBLEStack_BLE_SOC_PERIPHERAL.a(CyBleStackMgr_PSoCHal.o)
                0x00003078                CyBleStackMgr_isTimerRunning

i.CyBleAtlantisRadioInit
                0x00003088      0x1ac
 i.CyBleAtlantisRadioInit
                0x00003088      0x1ac C:\Program Files (x86)\Cypress\PSoC Creator\3.1\PSoC Creator\psoc\content\cycomponentlibrary\CyComponentLibrary.cylib\BLE_v1_10\Library\gccCyBLEStack_BLE_SOC_PERIPHERAL.a(CyBleStackMgr_BleSSDriver.o)

i.CyBleStackMgr_BleSSFifoRead
                0x00003234       0x38
 i.CyBleStackMgr_BleSSFifoRead
                0x00003234       0x38 C:\Program Files (x86)\Cypress\PSoC Creator\3.1\PSoC Creator\psoc\content\cycomponentlibrary\CyComponentLibrary.cylib\BLE_v1_10\Library\gccCyBLEStack_BLE_SOC_PERIPHERAL.a(CyBleStackMgr_BleSSDriver.o)
                0x00003234                CyBleStackMgr_BleSSFifoRead

i.CyBleStackMgr_BleSSFifoWrite
                0x0000326c       0x30
 i.CyBleStackMgr_BleSSFifoWrite
                0x0000326c       0x30 C:\Program Files (x86)\Cypress\PSoC Creator\3.1\PSoC Creator\psoc\content\cycomponentlibrary\CyComponentLibrary.cylib\BLE_v1_10\Library\gccCyBLEStack_BLE_SOC_PERIPHERAL.a(CyBleStackMgr_BleSSDriver.o)
                0x0000326c                CyBleStackMgr_BleSSFifoWrite

i.CyBleStackMgr_BleSSInit
                0x0000329c       0x50
 i.CyBleStackMgr_BleSSInit
                0x0000329c       0x50 C:\Program Files (x86)\Cypress\PSoC Creator\3.1\PSoC Creator\psoc\content\cycomponentlibrary\CyComponentLibrary.cylib\BLE_v1_10\Library\gccCyBLEStack_BLE_SOC_PERIPHERAL.a(CyBleStackMgr_BleSSDriver.o)
                0x0000329c                CyBleStackMgr_BleSSInit

i.CyBleStackMgr_BleSSMemRead
                0x000032ec       0x26
 i.CyBleStackMgr_BleSSMemRead
                0x000032ec       0x26 C:\Program Files (x86)\Cypress\PSoC Creator\3.1\PSoC Creator\psoc\content\cycomponentlibrary\CyComponentLibrary.cylib\BLE_v1_10\Library\gccCyBLEStack_BLE_SOC_PERIPHERAL.a(CyBleStackMgr_BleSSDriver.o)
                0x000032ec                CyBleStackMgr_BleSSMemRead

i.CyBleStackMgr_BleSSMemWrite
                0x00003314       0x34
 i.CyBleStackMgr_BleSSMemWrite
                0x00003314       0x34 C:\Program Files (x86)\Cypress\PSoC Creator\3.1\PSoC Creator\psoc\content\cycomponentlibrary\CyComponentLibrary.cylib\BLE_v1_10\Library\gccCyBLEStack_BLE_SOC_PERIPHERAL.a(CyBleStackMgr_BleSSDriver.o)
                0x00003314                CyBleStackMgr_BleSSMemWrite

i.CyBleStackMgr_BleSSRegRead
                0x00003348        0xc
 i.CyBleStackMgr_BleSSRegRead
                0x00003348        0xc C:\Program Files (x86)\Cypress\PSoC Creator\3.1\PSoC Creator\psoc\content\cycomponentlibrary\CyComponentLibrary.cylib\BLE_v1_10\Library\gccCyBLEStack_BLE_SOC_PERIPHERAL.a(CyBleStackMgr_BleSSDriver.o)
                0x00003348                CyBleStackMgr_BleSSRegRead

i.CyBleStackMgr_BleSSRegWrite
                0x00003354        0xc
 i.CyBleStackMgr_BleSSRegWrite
                0x00003354        0xc C:\Program Files (x86)\Cypress\PSoC Creator\3.1\PSoC Creator\psoc\content\cycomponentlibrary\CyComponentLibrary.cylib\BLE_v1_10\Library\gccCyBLEStack_BLE_SOC_PERIPHERAL.a(CyBleStackMgr_BleSSDriver.o)
                0x00003354                CyBleStackMgr_BleSSRegWrite

i.CyBleStackMgr_BleSSReset
                0x00003360       0x2c
 i.CyBleStackMgr_BleSSReset
                0x00003360       0x2c C:\Program Files (x86)\Cypress\PSoC Creator\3.1\PSoC Creator\psoc\content\cycomponentlibrary\CyComponentLibrary.cylib\BLE_v1_10\Library\gccCyBLEStack_BLE_SOC_PERIPHERAL.a(CyBleStackMgr_BleSSDriver.o)
                0x00003360                CyBleStackMgr_BleSSReset

i.CyBleStackMgr_BleSSShutdown
                0x0000338c       0x24
 i.CyBleStackMgr_BleSSShutdown
                0x0000338c       0x24 C:\Program Files (x86)\Cypress\PSoC Creator\3.1\PSoC Creator\psoc\content\cycomponentlibrary\CyComponentLibrary.cylib\BLE_v1_10\Library\gccCyBLEStack_BLE_SOC_PERIPHERAL.a(CyBleStackMgr_BleSSDriver.o)
                0x0000338c                CyBleStackMgr_BleSSShutdown

i.CyBleStackMgr_GenericIface
                0x000033b0       0x3c
 i.CyBleStackMgr_GenericIface
                0x000033b0       0x3c C:\Program Files (x86)\Cypress\PSoC Creator\3.1\PSoC Creator\psoc\content\cycomponentlibrary\CyComponentLibrary.cylib\BLE_v1_10\Library\gccCyBLEStack_BLE_SOC_PERIPHERAL.a(CyBleStackMgr_BleSSDriver.o)
                0x000033b0                CyBleStackMgr_GenericIface

i.CyBleStackMgr_HandleBleSSIntr
                0x000033ec       0x94
 i.CyBleStackMgr_HandleBleSSIntr
                0x000033ec       0x94 C:\Program Files (x86)\Cypress\PSoC Creator\3.1\PSoC Creator\psoc\content\cycomponentlibrary\CyComponentLibrary.cylib\BLE_v1_10\Library\gccCyBLEStack_BLE_SOC_PERIPHERAL.a(CyBleStackMgr_BleSSDriver.o)
                0x000033ec                CyBleStackMgr_HandleBleSSIntr

i.CyBleStackMgr_SetClockParam
                0x00003480       0xb4
 i.CyBleStackMgr_SetClockParam
                0x00003480       0xb4 C:\Program Files (x86)\Cypress\PSoC Creator\3.1\PSoC Creator\psoc\content\cycomponentlibrary\CyComponentLibrary.cylib\BLE_v1_10\Library\gccCyBLEStack_BLE_SOC_PERIPHERAL.a(CyBleStackMgr_BleSSDriver.o)

i.CyBleStackMgr_isXtalCpuClkSource
                0x00003534       0x18
 i.CyBleStackMgr_isXtalCpuClkSource
                0x00003534       0x18 C:\Program Files (x86)\Cypress\PSoC Creator\3.1\PSoC Creator\psoc\content\cycomponentlibrary\CyComponentLibrary.cylib\BLE_v1_10\Library\gccCyBLEStack_BLE_SOC_PERIPHERAL.a(CyBleStackMgr_BleSSDriver.o)
                0x00003534                CyBleStackMgr_isXtalCpuClkSource

i.CyBle_EnterDsmMode
                0x0000354c       0x3c
 i.CyBle_EnterDsmMode
                0x0000354c       0x3c C:\Program Files (x86)\Cypress\PSoC Creator\3.1\PSoC Creator\psoc\content\cycomponentlibrary\CyComponentLibrary.cylib\BLE_v1_10\Library\gccCyBLEStack_BLE_SOC_PERIPHERAL.a(CyBleStackMgr_BleSSDriver.o)
                0x0000354c                CyBle_EnterDsmMode

i.CyBle_ExitDsmMode
                0x00003588       0x2c
 i.CyBle_ExitDsmMode
                0x00003588       0x2c C:\Program Files (x86)\Cypress\PSoC Creator\3.1\PSoC Creator\psoc\content\cycomponentlibrary\CyComponentLibrary.cylib\BLE_v1_10\Library\gccCyBLEStack_BLE_SOC_PERIPHERAL.a(CyBleStackMgr_BleSSDriver.o)
                0x00003588                CyBle_ExitDsmMode

i.CyBle_GetBleSsOperationalMode
                0x000035b4        0xc
 i.CyBle_GetBleSsOperationalMode
                0x000035b4        0xc C:\Program Files (x86)\Cypress\PSoC Creator\3.1\PSoC Creator\psoc\content\cycomponentlibrary\CyComponentLibrary.cylib\BLE_v1_10\Library\gccCyBLEStack_BLE_SOC_PERIPHERAL.a(CyBleStackMgr_BleSSDriver.o)
                0x000035b4                CyBle_GetBleSsOperationalMode

i.CyBle_GetEventCloseState
                0x000035c0       0x10
 i.CyBle_GetEventCloseState
                0x000035c0       0x10 C:\Program Files (x86)\Cypress\PSoC Creator\3.1\PSoC Creator\psoc\content\cycomponentlibrary\CyComponentLibrary.cylib\BLE_v1_10\Library\gccCyBLEStack_BLE_SOC_PERIPHERAL.a(CyBleStackMgr_BleSSDriver.o)
                0x000035c0                CyBle_GetEventCloseState

i.CyBle_GetLpMode
                0x000035d0       0x26
 i.CyBle_GetLpMode
                0x000035d0       0x26 C:\Program Files (x86)\Cypress\PSoC Creator\3.1\PSoC Creator\psoc\content\cycomponentlibrary\CyComponentLibrary.cylib\BLE_v1_10\Library\gccCyBLEStack_BLE_SOC_PERIPHERAL.a(CyBleStackMgr_BleSSDriver.o)
                0x000035d0                CyBle_GetLpMode

i.CyBle_GetTxGainMode
                0x000035f8       0x2c
 i.CyBle_GetTxGainMode
                0x000035f8       0x2c C:\Program Files (x86)\Cypress\PSoC Creator\3.1\PSoC Creator\psoc\content\cycomponentlibrary\CyComponentLibrary.cylib\BLE_v1_10\Library\gccCyBLEStack_BLE_SOC_PERIPHERAL.a(CyBleStackMgr_BleSSDriver.o)
                0x000035f8                CyBle_GetTxGainMode

i.CyBle_SetAutoWakeUp
                0x00003624        0xc
 i.CyBle_SetAutoWakeUp
                0x00003624        0xc C:\Program Files (x86)\Cypress\PSoC Creator\3.1\PSoC Creator\psoc\content\cycomponentlibrary\CyComponentLibrary.cylib\BLE_v1_10\Library\gccCyBLEStack_BLE_SOC_PERIPHERAL.a(CyBleStackMgr_BleSSDriver.o)
                0x00003624                CyBle_SetAutoWakeUp

i.CyBle_SetBleSsOperationalMode
                0x00003630       0x20
 i.CyBle_SetBleSsOperationalMode
                0x00003630       0x20 C:\Program Files (x86)\Cypress\PSoC Creator\3.1\PSoC Creator\psoc\content\cycomponentlibrary\CyComponentLibrary.cylib\BLE_v1_10\Library\gccCyBLEStack_BLE_SOC_PERIPHERAL.a(CyBleStackMgr_BleSSDriver.o)
                0x00003630                CyBle_SetBleSsOperationalMode

i.CyBle_SetEventCloseState
                0x00003650        0xc
 i.CyBle_SetEventCloseState
                0x00003650        0xc C:\Program Files (x86)\Cypress\PSoC Creator\3.1\PSoC Creator\psoc\content\cycomponentlibrary\CyComponentLibrary.cylib\BLE_v1_10\Library\gccCyBLEStack_BLE_SOC_PERIPHERAL.a(CyBleStackMgr_BleSSDriver.o)
                0x00003650                CyBle_SetEventCloseState

i.CyBle_SetTxGainMode
                0x0000365c       0x38
 i.CyBle_SetTxGainMode
                0x0000365c       0x38 C:\Program Files (x86)\Cypress\PSoC Creator\3.1\PSoC Creator\psoc\content\cycomponentlibrary\CyComponentLibrary.cylib\BLE_v1_10\Library\gccCyBLEStack_BLE_SOC_PERIPHERAL.a(CyBleStackMgr_BleSSDriver.o)
                0x0000365c                CyBle_SetTxGainMode

i.pf_rf_get_abs_rssi
                0x00003694       0x24
 i.pf_rf_get_abs_rssi
                0x00003694       0x24 C:\Program Files (x86)\Cypress\PSoC Creator\3.1\PSoC Creator\psoc\content\cycomponentlibrary\CyComponentLibrary.cylib\BLE_v1_10\Library\gccCyBLEStack_BLE_SOC_PERIPHERAL.a(CyBleStackMgr_BleSSDriver.o)
                0x00003694                pf_rf_get_abs_rssi

i.OS_init       0x000036b8       0x64
 i.OS_init      0x000036b8       0x64 C:\Program Files (x86)\Cypress\PSoC Creator\3.1\PSoC Creator\psoc\content\cycomponentlibrary\CyComponentLibrary.cylib\BLE_v1_10\Library\gccCyBLEStack_BLE_SOC_PERIPHERAL.a(mint_os.o)
                0x000036b8                OS_init

i.mintos_malloc
                0x0000371c       0x34
 i.mintos_malloc
                0x0000371c       0x34 C:\Program Files (x86)\Cypress\PSoC Creator\3.1\PSoC Creator\psoc\content\cycomponentlibrary\CyComponentLibrary.cylib\BLE_v1_10\Library\gccCyBLEStack_BLE_SOC_PERIPHERAL.a(mint_os.o)
                0x0000371c                mintos_malloc

i.OS_create_queue
                0x00003750       0x64
 i.OS_create_queue
                0x00003750       0x64 C:\Program Files (x86)\Cypress\PSoC Creator\3.1\PSoC Creator\psoc\content\cycomponentlibrary\CyComponentLibrary.cylib\BLE_v1_10\Library\gccCyBLEStack_BLE_SOC_PERIPHERAL.a(mint_os_queue.o)
                0x00003750                OS_create_queue

i.OS_enqueue_item
                0x000037b4       0x8c
 i.OS_enqueue_item
                0x000037b4       0x8c C:\Program Files (x86)\Cypress\PSoC Creator\3.1\PSoC Creator\psoc\content\cycomponentlibrary\CyComponentLibrary.cylib\BLE_v1_10\Library\gccCyBLEStack_BLE_SOC_PERIPHERAL.a(mint_os_queue.o)
                0x000037b4                OS_enqueue_item

i.OS_queue_get_num_of_items
                0x00003840       0x28
 i.OS_queue_get_num_of_items
                0x00003840       0x28 C:\Program Files (x86)\Cypress\PSoC Creator\3.1\PSoC Creator\psoc\content\cycomponentlibrary\CyComponentLibrary.cylib\BLE_v1_10\Library\gccCyBLEStack_BLE_SOC_PERIPHERAL.a(mint_os_queue.o)
                0x00003840                OS_queue_get_num_of_items

i.OS_queue_mgmt_init
                0x00003868       0x40
 i.OS_queue_mgmt_init
                0x00003868       0x40 C:\Program Files (x86)\Cypress\PSoC Creator\3.1\PSoC Creator\psoc\content\cycomponentlibrary\CyComponentLibrary.cylib\BLE_v1_10\Library\gccCyBLEStack_BLE_SOC_PERIPHERAL.a(mint_os_queue.o)
                0x00003868                OS_queue_mgmt_init

i.OS_remove_item
                0x000038a8       0xa0
 i.OS_remove_item
                0x000038a8       0xa0 C:\Program Files (x86)\Cypress\PSoC Creator\3.1\PSoC Creator\psoc\content\cycomponentlibrary\CyComponentLibrary.cylib\BLE_v1_10\Library\gccCyBLEStack_BLE_SOC_PERIPHERAL.a(mint_os_queue.o)
                0x000038a8                OS_remove_item

i.OS_create_task
                0x00003948       0x88
 i.OS_create_task
                0x00003948       0x88 C:\Program Files (x86)\Cypress\PSoC Creator\3.1\PSoC Creator\psoc\content\cycomponentlibrary\CyComponentLibrary.cylib\BLE_v1_10\Library\gccCyBLEStack_BLE_SOC_PERIPHERAL.a(mint_os_task.o)
                0x00003948                OS_create_task

i.OS_isr_send_signal_to_task
                0x000039d0        0xc
 i.OS_isr_send_signal_to_task
                0x000039d0        0xc C:\Program Files (x86)\Cypress\PSoC Creator\3.1\PSoC Creator\psoc\content\cycomponentlibrary\CyComponentLibrary.cylib\BLE_v1_10\Library\gccCyBLEStack_BLE_SOC_PERIPHERAL.a(mint_os_task.o)
                0x000039d0                OS_isr_send_signal_to_task

i.OS_scheduler  0x000039dc       0x64
 i.OS_scheduler
                0x000039dc       0x64 C:\Program Files (x86)\Cypress\PSoC Creator\3.1\PSoC Creator\psoc\content\cycomponentlibrary\CyComponentLibrary.cylib\BLE_v1_10\Library\gccCyBLEStack_BLE_SOC_PERIPHERAL.a(mint_os_task.o)
                0x000039dc                OS_scheduler

i.OS_send_signal_to_task
                0x00003a40        0xc
 i.OS_send_signal_to_task
                0x00003a40        0xc C:\Program Files (x86)\Cypress\PSoC Creator\3.1\PSoC Creator\psoc\content\cycomponentlibrary\CyComponentLibrary.cylib\BLE_v1_10\Library\gccCyBLEStack_BLE_SOC_PERIPHERAL.a(mint_os_task.o)
                0x00003a40                OS_send_signal_to_task

i.OS_send_signal_to_task_context
                0x00003a4c       0x3c
 i.OS_send_signal_to_task_context
                0x00003a4c       0x3c C:\Program Files (x86)\Cypress\PSoC Creator\3.1\PSoC Creator\psoc\content\cycomponentlibrary\CyComponentLibrary.cylib\BLE_v1_10\Library\gccCyBLEStack_BLE_SOC_PERIPHERAL.a(mint_os_task.o)

i.OS_task_mgmt_init
                0x00003a88       0x50
 i.OS_task_mgmt_init
                0x00003a88       0x50 C:\Program Files (x86)\Cypress\PSoC Creator\3.1\PSoC Creator\psoc\content\cycomponentlibrary\CyComponentLibrary.cylib\BLE_v1_10\Library\gccCyBLEStack_BLE_SOC_PERIPHERAL.a(mint_os_task.o)
                0x00003a88                OS_task_mgmt_init

i.mint_buf_mgmt_allocate_buffer
                0x00003ad8       0x4c
 i.mint_buf_mgmt_allocate_buffer
                0x00003ad8       0x4c C:\Program Files (x86)\Cypress\PSoC Creator\3.1\PSoC Creator\psoc\content\cycomponentlibrary\CyComponentLibrary.cylib\BLE_v1_10\Library\gccCyBLEStack_BLE_SOC_PERIPHERAL.a(mint_buf_mgmt.o)
                0x00003ad8                mint_buf_mgmt_allocate_buffer

i.mint_buf_mgmt_create_pool
                0x00003b24       0xd8
 i.mint_buf_mgmt_create_pool
                0x00003b24       0xd8 C:\Program Files (x86)\Cypress\PSoC Creator\3.1\PSoC Creator\psoc\content\cycomponentlibrary\CyComponentLibrary.cylib\BLE_v1_10\Library\gccCyBLEStack_BLE_SOC_PERIPHERAL.a(mint_buf_mgmt.o)
                0x00003b24                mint_buf_mgmt_create_pool

i.mint_buf_mgmt_free_buffer
                0x00003bfc       0xa4
 i.mint_buf_mgmt_free_buffer
                0x00003bfc       0xa4 C:\Program Files (x86)\Cypress\PSoC Creator\3.1\PSoC Creator\psoc\content\cycomponentlibrary\CyComponentLibrary.cylib\BLE_v1_10\Library\gccCyBLEStack_BLE_SOC_PERIPHERAL.a(mint_buf_mgmt.o)
                0x00003bfc                mint_buf_mgmt_free_buffer

i.mint_buf_mgmt_get_free_heap
                0x00003ca0       0x1c
 i.mint_buf_mgmt_get_free_heap
                0x00003ca0       0x1c C:\Program Files (x86)\Cypress\PSoC Creator\3.1\PSoC Creator\psoc\content\cycomponentlibrary\CyComponentLibrary.cylib\BLE_v1_10\Library\gccCyBLEStack_BLE_SOC_PERIPHERAL.a(mint_buf_mgmt.o)
                0x00003ca0                mint_buf_mgmt_get_free_heap

i.mint_buf_mgmt_init
                0x00003cbc       0x44
 i.mint_buf_mgmt_init
                0x00003cbc       0x44 C:\Program Files (x86)\Cypress\PSoC Creator\3.1\PSoC Creator\psoc\content\cycomponentlibrary\CyComponentLibrary.cylib\BLE_v1_10\Library\gccCyBLEStack_BLE_SOC_PERIPHERAL.a(mint_buf_mgmt.o)
                0x00003cbc                mint_buf_mgmt_init

i.mint_buf_mgmt_malloc
                0x00003d00       0x2c
 i.mint_buf_mgmt_malloc
                0x00003d00       0x2c C:\Program Files (x86)\Cypress\PSoC Creator\3.1\PSoC Creator\psoc\content\cycomponentlibrary\CyComponentLibrary.cylib\BLE_v1_10\Library\gccCyBLEStack_BLE_SOC_PERIPHERAL.a(mint_buf_mgmt.o)
                0x00003d00                mint_buf_mgmt_malloc

i.mint_buf_mgmt_reset_pool
                0x00003d2c       0x70
 i.mint_buf_mgmt_reset_pool
                0x00003d2c       0x70 C:\Program Files (x86)\Cypress\PSoC Creator\3.1\PSoC Creator\psoc\content\cycomponentlibrary\CyComponentLibrary.cylib\BLE_v1_10\Library\gccCyBLEStack_BLE_SOC_PERIPHERAL.a(mint_buf_mgmt.o)
                0x00003d2c                mint_buf_mgmt_reset_pool

i.mint_buf_mgmt_stack_init
                0x00003d9c       0x24
 i.mint_buf_mgmt_stack_init
                0x00003d9c       0x24 C:\Program Files (x86)\Cypress\PSoC Creator\3.1\PSoC Creator\psoc\content\cycomponentlibrary\CyComponentLibrary.cylib\BLE_v1_10\Library\gccCyBLEStack_BLE_SOC_PERIPHERAL.a(mint_buf_mgmt.o)
                0x00003d9c                mint_buf_mgmt_stack_init

i.mint_buf_mgmt_stack_pop
                0x00003dc0       0x36
 i.mint_buf_mgmt_stack_pop
                0x00003dc0       0x36 C:\Program Files (x86)\Cypress\PSoC Creator\3.1\PSoC Creator\psoc\content\cycomponentlibrary\CyComponentLibrary.cylib\BLE_v1_10\Library\gccCyBLEStack_BLE_SOC_PERIPHERAL.a(mint_buf_mgmt.o)
                0x00003dc0                mint_buf_mgmt_stack_pop

i.mint_buf_mgmt_stack_push
                0x00003df6       0x36
 i.mint_buf_mgmt_stack_push
                0x00003df6       0x36 C:\Program Files (x86)\Cypress\PSoC Creator\3.1\PSoC Creator\psoc\content\cycomponentlibrary\CyComponentLibrary.cylib\BLE_v1_10\Library\gccCyBLEStack_BLE_SOC_PERIPHERAL.a(mint_buf_mgmt.o)
                0x00003df6                mint_buf_mgmt_stack_push

i.mint_buf_mgmt_stack_reset
                0x00003e2c       0x1e
 i.mint_buf_mgmt_stack_reset
                0x00003e2c       0x1e C:\Program Files (x86)\Cypress\PSoC Creator\3.1\PSoC Creator\psoc\content\cycomponentlibrary\CyComponentLibrary.cylib\BLE_v1_10\Library\gccCyBLEStack_BLE_SOC_PERIPHERAL.a(mint_buf_mgmt.o)
                0x00003e2c                mint_buf_mgmt_stack_reset

i.mint_buf_mgmt_stack_search_item
                0x00003e4a       0x30
 i.mint_buf_mgmt_stack_search_item
                0x00003e4a       0x30 C:\Program Files (x86)\Cypress\PSoC Creator\3.1\PSoC Creator\psoc\content\cycomponentlibrary\CyComponentLibrary.cylib\BLE_v1_10\Library\gccCyBLEStack_BLE_SOC_PERIPHERAL.a(mint_buf_mgmt.o)
                0x00003e4a                mint_buf_mgmt_stack_search_item

i.mint_buf_mgmt_pl_init
                0x00003e7c       0x2c
 i.mint_buf_mgmt_pl_init
                0x00003e7c       0x2c C:\Program Files (x86)\Cypress\PSoC Creator\3.1\PSoC Creator\psoc\content\cycomponentlibrary\CyComponentLibrary.cylib\BLE_v1_10\Library\gccCyBLEStack_BLE_SOC_PERIPHERAL.a(mint_buf_mgmt_pl.o)
                0x00003e7c                mint_buf_mgmt_pl_init

i.CyBleControllerIP_GetPingState
                0x00003ea8        0xc
 i.CyBleControllerIP_GetPingState
                0x00003ea8        0xc C:\Program Files (x86)\Cypress\PSoC Creator\3.1\PSoC Creator\psoc\content\cycomponentlibrary\CyComponentLibrary.cylib\BLE_v1_10\Library\gccCyBLEStack_BLE_SOC_PERIPHERAL.a(CyBleControllerIP_Interface.o)
                0x00003ea8                CyBleControllerIP_GetPingState

i.CyBleController_AddDeviceToWhiteList
                0x00003eb4       0x40
 i.CyBleController_AddDeviceToWhiteList
                0x00003eb4       0x40 C:\Program Files (x86)\Cypress\PSoC Creator\3.1\PSoC Creator\psoc\content\cycomponentlibrary\CyComponentLibrary.cylib\BLE_v1_10\Library\gccCyBLEStack_BLE_SOC_PERIPHERAL.a(CyBleControllerIP_Interface.o)
                0x00003eb4                CyBleController_AddDeviceToWhiteList

i.CyBleController_EnterLowPowerMode
                0x00003ef4       0x2c
 i.CyBleController_EnterLowPowerMode
                0x00003ef4       0x2c C:\Program Files (x86)\Cypress\PSoC Creator\3.1\PSoC Creator\psoc\content\cycomponentlibrary\CyComponentLibrary.cylib\BLE_v1_10\Library\gccCyBLEStack_BLE_SOC_PERIPHERAL.a(CyBleControllerIP_Interface.o)
                0x00003ef4                CyBleController_EnterLowPowerMode

i.CyBleController_ExitLowPowerMode
                0x00003f20       0x10
 i.CyBleController_ExitLowPowerMode
                0x00003f20       0x10 C:\Program Files (x86)\Cypress\PSoC Creator\3.1\PSoC Creator\psoc\content\cycomponentlibrary\CyComponentLibrary.cylib\BLE_v1_10\Library\gccCyBLEStack_BLE_SOC_PERIPHERAL.a(CyBleControllerIP_Interface.o)
                0x00003f20                CyBleController_ExitLowPowerMode

i.CyBleController_Init
                0x00003f30       0x3c
 i.CyBleController_Init
                0x00003f30       0x3c C:\Program Files (x86)\Cypress\PSoC Creator\3.1\PSoC Creator\psoc\content\cycomponentlibrary\CyComponentLibrary.cylib\BLE_v1_10\Library\gccCyBLEStack_BLE_SOC_PERIPHERAL.a(CyBleControllerIP_Interface.o)
                0x00003f30                CyBleController_Init

i.CyBleController_SetDeviceAddress
                0x00003f6c       0x2e
 i.CyBleController_SetDeviceAddress
                0x00003f6c       0x2e C:\Program Files (x86)\Cypress\PSoC Creator\3.1\PSoC Creator\psoc\content\cycomponentlibrary\CyComponentLibrary.cylib\BLE_v1_10\Library\gccCyBLEStack_BLE_SOC_PERIPHERAL.a(CyBleControllerIP_Interface.o)
                0x00003f6c                CyBleController_SetDeviceAddress

i.CyBle_GetBleSsState
                0x00003f9a       0x10
 i.CyBle_GetBleSsState
                0x00003f9a       0x10 C:\Program Files (x86)\Cypress\PSoC Creator\3.1\PSoC Creator\psoc\content\cycomponentlibrary\CyComponentLibrary.cylib\BLE_v1_10\Library\gccCyBLEStack_BLE_SOC_PERIPHERAL.a(CyBleControllerIP_Interface.o)
                0x00003f9a                CyBle_GetBleSsState

i.CyBle_GetTxPowerLevel
                0x00003faa       0x4e
 i.CyBle_GetTxPowerLevel
                0x00003faa       0x4e C:\Program Files (x86)\Cypress\PSoC Creator\3.1\PSoC Creator\psoc\content\cycomponentlibrary\CyComponentLibrary.cylib\BLE_v1_10\Library\gccCyBLEStack_BLE_SOC_PERIPHERAL.a(CyBleControllerIP_Interface.o)
                0x00003faa                CyBle_GetTxPowerLevel

i.CyBle_SetTxPowerLevel
                0x00003ff8       0x56
 i.CyBle_SetTxPowerLevel
                0x00003ff8       0x56 C:\Program Files (x86)\Cypress\PSoC Creator\3.1\PSoC Creator\psoc\content\cycomponentlibrary\CyComponentLibrary.cylib\BLE_v1_10\Library\gccCyBLEStack_BLE_SOC_PERIPHERAL.a(CyBleControllerIP_Interface.o)
                0x00003ff8                CyBle_SetTxPowerLevel

i.ll_check_and_mark_packet_ready_for_transmission
                0x00004050       0x28
 i.ll_check_and_mark_packet_ready_for_transmission
                0x00004050       0x28 C:\Program Files (x86)\Cypress\PSoC Creator\3.1\PSoC Creator\psoc\content\cycomponentlibrary\CyComponentLibrary.cylib\BLE_v1_10\Library\gccCyBLEStack_BLE_SOC_PERIPHERAL.a(ll.o)
                0x00004050                ll_check_and_mark_packet_ready_for_transmission

i.ll_cleanup_pending_data_pdu
                0x00004078       0x38
 i.ll_cleanup_pending_data_pdu
                0x00004078       0x38 C:\Program Files (x86)\Cypress\PSoC Creator\3.1\PSoC Creator\psoc\content\cycomponentlibrary\CyComponentLibrary.cylib\BLE_v1_10\Library\gccCyBLEStack_BLE_SOC_PERIPHERAL.a(ll.o)
                0x00004078                ll_cleanup_pending_data_pdu

i.ll_enter_dsm_mode
                0x000040b0      0x1a4
 i.ll_enter_dsm_mode
                0x000040b0      0x1a4 C:\Program Files (x86)\Cypress\PSoC Creator\3.1\PSoC Creator\psoc\content\cycomponentlibrary\CyComponentLibrary.cylib\BLE_v1_10\Library\gccCyBLEStack_BLE_SOC_PERIPHERAL.a(ll.o)
                0x000040b0                ll_enter_dsm_mode

i.ll_enter_hibernate_mode
                0x00004254       0x28
 i.ll_enter_hibernate_mode
                0x00004254       0x28 C:\Program Files (x86)\Cypress\PSoC Creator\3.1\PSoC Creator\psoc\content\cycomponentlibrary\CyComponentLibrary.cylib\BLE_v1_10\Library\gccCyBLEStack_BLE_SOC_PERIPHERAL.a(ll.o)
                0x00004254                ll_enter_hibernate_mode

i.ll_enter_sm_mode
                0x0000427c       0x60
 i.ll_enter_sm_mode
                0x0000427c       0x60 C:\Program Files (x86)\Cypress\PSoC Creator\3.1\PSoC Creator\psoc\content\cycomponentlibrary\CyComponentLibrary.cylib\BLE_v1_10\Library\gccCyBLEStack_BLE_SOC_PERIPHERAL.a(ll.o)
                0x0000427c                ll_enter_sm_mode

i.ll_exit_low_power_mode
                0x000042dc       0x98
 i.ll_exit_low_power_mode
                0x000042dc       0x98 C:\Program Files (x86)\Cypress\PSoC Creator\3.1\PSoC Creator\psoc\content\cycomponentlibrary\CyComponentLibrary.cylib\BLE_v1_10\Library\gccCyBLEStack_BLE_SOC_PERIPHERAL.a(ll.o)
                0x000042dc                ll_exit_low_power_mode

i.ll_get_ack_status
                0x00004374       0x3c
 i.ll_get_ack_status
                0x00004374       0x3c C:\Program Files (x86)\Cypress\PSoC Creator\3.1\PSoC Creator\psoc\content\cycomponentlibrary\CyComponentLibrary.cylib\BLE_v1_10\Library\gccCyBLEStack_BLE_SOC_PERIPHERAL.a(ll.o)
                0x00004374                ll_get_ack_status

i.ll_get_ack_status_for_all_connections
                0x000043b0       0x34
 i.ll_get_ack_status_for_all_connections
                0x000043b0       0x34 C:\Program Files (x86)\Cypress\PSoC Creator\3.1\PSoC Creator\psoc\content\cycomponentlibrary\CyComponentLibrary.cylib\BLE_v1_10\Library\gccCyBLEStack_BLE_SOC_PERIPHERAL.a(ll.o)
                0x000043b0                ll_get_ack_status_for_all_connections

i.ll_get_adv_ch_tx_power
                0x000043e4       0x20
 i.ll_get_adv_ch_tx_power
                0x000043e4       0x20 C:\Program Files (x86)\Cypress\PSoC Creator\3.1\PSoC Creator\psoc\content\cycomponentlibrary\CyComponentLibrary.cylib\BLE_v1_10\Library\gccCyBLEStack_BLE_SOC_PERIPHERAL.a(ll.o)
                0x000043e4                ll_get_adv_ch_tx_power

i.ll_get_data_channel_map
                0x00004404       0x24
 i.ll_get_data_channel_map
                0x00004404       0x24 C:\Program Files (x86)\Cypress\PSoC Creator\3.1\PSoC Creator\psoc\content\cycomponentlibrary\CyComponentLibrary.cylib\BLE_v1_10\Library\gccCyBLEStack_BLE_SOC_PERIPHERAL.a(ll.o)
                0x00004404                ll_get_data_channel_map

i.ll_get_max_white_list_size
                0x00004428        0xc
 i.ll_get_max_white_list_size
                0x00004428        0xc C:\Program Files (x86)\Cypress\PSoC Creator\3.1\PSoC Creator\psoc\content\cycomponentlibrary\CyComponentLibrary.cylib\BLE_v1_10\Library\gccCyBLEStack_BLE_SOC_PERIPHERAL.a(ll.o)
                0x00004428                ll_get_max_white_list_size

i.ll_get_my_role
                0x00004434        0xc
 i.ll_get_my_role
                0x00004434        0xc C:\Program Files (x86)\Cypress\PSoC Creator\3.1\PSoC Creator\psoc\content\cycomponentlibrary\CyComponentLibrary.cylib\BLE_v1_10\Library\gccCyBLEStack_BLE_SOC_PERIPHERAL.a(ll.o)
                0x00004434                ll_get_my_role

i.ll_get_next_available_fifo_for_data_pdu
                0x00004440        0x8
 i.ll_get_next_available_fifo_for_data_pdu
                0x00004440        0x8 C:\Program Files (x86)\Cypress\PSoC Creator\3.1\PSoC Creator\psoc\content\cycomponentlibrary\CyComponentLibrary.cylib\BLE_v1_10\Library\gccCyBLEStack_BLE_SOC_PERIPHERAL.a(ll.o)
                0x00004440                ll_get_next_available_fifo_for_data_pdu

i.ll_get_next_available_fifo_for_ll_pdu
                0x00004448       0x24
 i.ll_get_next_available_fifo_for_ll_pdu
                0x00004448       0x24 C:\Program Files (x86)\Cypress\PSoC Creator\3.1\PSoC Creator\psoc\content\cycomponentlibrary\CyComponentLibrary.cylib\BLE_v1_10\Library\gccCyBLEStack_BLE_SOC_PERIPHERAL.a(ll.o)
                0x00004448                ll_get_next_available_fifo_for_ll_pdu

i.ll_get_rssi_value
                0x0000446c       0x26
 i.ll_get_rssi_value
                0x0000446c       0x26 C:\Program Files (x86)\Cypress\PSoC Creator\3.1\PSoC Creator\psoc\content\cycomponentlibrary\CyComponentLibrary.cylib\BLE_v1_10\Library\gccCyBLEStack_BLE_SOC_PERIPHERAL.a(ll.o)
                0x0000446c                ll_get_rssi_value

i.ll_get_transmit_power_level
                0x00004494       0x2c
 i.ll_get_transmit_power_level
                0x00004494       0x2c C:\Program Files (x86)\Cypress\PSoC Creator\3.1\PSoC Creator\psoc\content\cycomponentlibrary\CyComponentLibrary.cylib\BLE_v1_10\Library\gccCyBLEStack_BLE_SOC_PERIPHERAL.a(ll.o)
                0x00004494                ll_get_transmit_power_level

i.ll_handle_ack_received
                0x000044c0       0x74
 i.ll_handle_ack_received
                0x000044c0       0x74 C:\Program Files (x86)\Cypress\PSoC Creator\3.1\PSoC Creator\psoc\content\cycomponentlibrary\CyComponentLibrary.cylib\BLE_v1_10\Library\gccCyBLEStack_BLE_SOC_PERIPHERAL.a(ll.o)
                0x000044c0                ll_handle_ack_received

i.ll_handle_add_device_in_whitelist
                0x00004534       0x3a
 i.ll_handle_add_device_in_whitelist
                0x00004534       0x3a C:\Program Files (x86)\Cypress\PSoC Creator\3.1\PSoC Creator\psoc\content\cycomponentlibrary\CyComponentLibrary.cylib\BLE_v1_10\Library\gccCyBLEStack_BLE_SOC_PERIPHERAL.a(ll.o)
                0x00004534                ll_handle_add_device_in_whitelist

i.ll_handle_clear_whitelist
                0x0000456e       0x16
 i.ll_handle_clear_whitelist
                0x0000456e       0x16 C:\Program Files (x86)\Cypress\PSoC Creator\3.1\PSoC Creator\psoc\content\cycomponentlibrary\CyComponentLibrary.cylib\BLE_v1_10\Library\gccCyBLEStack_BLE_SOC_PERIPHERAL.a(ll.o)
                0x0000456e                ll_handle_clear_whitelist

i.ll_handle_encrypt_host_data
                0x00004584       0x36
 i.ll_handle_encrypt_host_data
                0x00004584       0x36 C:\Program Files (x86)\Cypress\PSoC Creator\3.1\PSoC Creator\psoc\content\cycomponentlibrary\CyComponentLibrary.cylib\BLE_v1_10\Library\gccCyBLEStack_BLE_SOC_PERIPHERAL.a(ll.o)
                0x00004584                ll_handle_encrypt_host_data

i.ll_handle_host_data_packet
                0x000045ba       0x54
 i.ll_handle_host_data_packet
                0x000045ba       0x54 C:\Program Files (x86)\Cypress\PSoC Creator\3.1\PSoC Creator\psoc\content\cycomponentlibrary\CyComponentLibrary.cylib\BLE_v1_10\Library\gccCyBLEStack_BLE_SOC_PERIPHERAL.a(ll.o)
                0x000045ba                ll_handle_host_data_packet

i.ll_handle_read_host_channel_map
                0x0000460e        0x4
 i.ll_handle_read_host_channel_map
                0x0000460e        0x4 C:\Program Files (x86)\Cypress\PSoC Creator\3.1\PSoC Creator\psoc\content\cycomponentlibrary\CyComponentLibrary.cylib\BLE_v1_10\Library\gccCyBLEStack_BLE_SOC_PERIPHERAL.a(ll.o)
                0x0000460e                ll_handle_read_host_channel_map

i.ll_handle_remove_device_in_whitelist
                0x00004612       0x2a
 i.ll_handle_remove_device_in_whitelist
                0x00004612       0x2a C:\Program Files (x86)\Cypress\PSoC Creator\3.1\PSoC Creator\psoc\content\cycomponentlibrary\CyComponentLibrary.cylib\BLE_v1_10\Library\gccCyBLEStack_BLE_SOC_PERIPHERAL.a(ll.o)
                0x00004612                ll_handle_remove_device_in_whitelist

i.ll_handle_reset
                0x0000463c        0xe
 i.ll_handle_reset
                0x0000463c        0xe C:\Program Files (x86)\Cypress\PSoC Creator\3.1\PSoC Creator\psoc\content\cycomponentlibrary\CyComponentLibrary.cylib\BLE_v1_10\Library\gccCyBLEStack_BLE_SOC_PERIPHERAL.a(ll.o)
                0x0000463c                ll_handle_reset

i.ll_handle_set_random_address
                0x0000464a       0x36
 i.ll_handle_set_random_address
                0x0000464a       0x36 C:\Program Files (x86)\Cypress\PSoC Creator\3.1\PSoC Creator\psoc\content\cycomponentlibrary\CyComponentLibrary.cylib\BLE_v1_10\Library\gccCyBLEStack_BLE_SOC_PERIPHERAL.a(ll.o)
                0x0000464a                ll_handle_set_random_address

i.ll_init       0x00004680       0x18
 i.ll_init      0x00004680       0x18 C:\Program Files (x86)\Cypress\PSoC Creator\3.1\PSoC Creator\psoc\content\cycomponentlibrary\CyComponentLibrary.cylib\BLE_v1_10\Library\gccCyBLEStack_BLE_SOC_PERIPHERAL.a(ll.o)
                0x00004680                ll_init

i.ll_initialize_device_attributes
                0x00004698       0x4c
 i.ll_initialize_device_attributes
                0x00004698       0x4c C:\Program Files (x86)\Cypress\PSoC Creator\3.1\PSoC Creator\psoc\content\cycomponentlibrary\CyComponentLibrary.cylib\BLE_v1_10\Library\gccCyBLEStack_BLE_SOC_PERIPHERAL.a(ll.o)
                0x00004698                ll_initialize_device_attributes

i.ll_is_pkt_pending
                0x000046e4       0x2a
 i.ll_is_pkt_pending
                0x000046e4       0x2a C:\Program Files (x86)\Cypress\PSoC Creator\3.1\PSoC Creator\psoc\content\cycomponentlibrary\CyComponentLibrary.cylib\BLE_v1_10\Library\gccCyBLEStack_BLE_SOC_PERIPHERAL.a(ll.o)
                0x000046e4                ll_is_pkt_pending

i.ll_is_sent_pkt_pending
                0x0000470e       0x1a
 i.ll_is_sent_pkt_pending
                0x0000470e       0x1a C:\Program Files (x86)\Cypress\PSoC Creator\3.1\PSoC Creator\psoc\content\cycomponentlibrary\CyComponentLibrary.cylib\BLE_v1_10\Library\gccCyBLEStack_BLE_SOC_PERIPHERAL.a(ll.o)
                0x0000470e                ll_is_sent_pkt_pending

i.ll_isr_exit_low_power_mode
                0x00004728       0x16
 i.ll_isr_exit_low_power_mode
                0x00004728       0x16 C:\Program Files (x86)\Cypress\PSoC Creator\3.1\PSoC Creator\psoc\content\cycomponentlibrary\CyComponentLibrary.cylib\BLE_v1_10\Library\gccCyBLEStack_BLE_SOC_PERIPHERAL.a(ll.o)
                0x00004728                ll_isr_exit_low_power_mode

i.ll_load_host_data_packet
                0x0000473e       0x4a
 i.ll_load_host_data_packet
                0x0000473e       0x4a C:\Program Files (x86)\Cypress\PSoC Creator\3.1\PSoC Creator\psoc\content\cycomponentlibrary\CyComponentLibrary.cylib\BLE_v1_10\Library\gccCyBLEStack_BLE_SOC_PERIPHERAL.a(ll.o)
                0x0000473e                ll_load_host_data_packet

i.ll_load_packet_to_fifo
                0x00004788       0x6e
 i.ll_load_packet_to_fifo
                0x00004788       0x6e C:\Program Files (x86)\Cypress\PSoC Creator\3.1\PSoC Creator\psoc\content\cycomponentlibrary\CyComponentLibrary.cylib\BLE_v1_10\Library\gccCyBLEStack_BLE_SOC_PERIPHERAL.a(ll.o)
                0x00004788                ll_load_packet_to_fifo

i.ll_process_acks
                0x000047f6       0x3c
 i.ll_process_acks
                0x000047f6       0x3c C:\Program Files (x86)\Cypress\PSoC Creator\3.1\PSoC Creator\psoc\content\cycomponentlibrary\CyComponentLibrary.cylib\BLE_v1_10\Library\gccCyBLEStack_BLE_SOC_PERIPHERAL.a(ll.o)
                0x000047f6                ll_process_acks

i.ll_reset      0x00004832       0x12
 i.ll_reset     0x00004832       0x12 C:\Program Files (x86)\Cypress\PSoC Creator\3.1\PSoC Creator\psoc\content\cycomponentlibrary\CyComponentLibrary.cylib\BLE_v1_10\Library\gccCyBLEStack_BLE_SOC_PERIPHERAL.a(ll.o)
                0x00004832                ll_reset

i.ll_update_active_features
                0x00004844       0x58
 i.ll_update_active_features
                0x00004844       0x58 C:\Program Files (x86)\Cypress\PSoC Creator\3.1\PSoC Creator\psoc\content\cycomponentlibrary\CyComponentLibrary.cylib\BLE_v1_10\Library\gccCyBLEStack_BLE_SOC_PERIPHERAL.a(ll.o)
                0x00004844                ll_update_active_features

i.ll_update_device_fsm
                0x0000489c        0x8
 i.ll_update_device_fsm
                0x0000489c        0x8 C:\Program Files (x86)\Cypress\PSoC Creator\3.1\PSoC Creator\psoc\content\cycomponentlibrary\CyComponentLibrary.cylib\BLE_v1_10\Library\gccCyBLEStack_BLE_SOC_PERIPHERAL.a(ll.o)
                0x0000489c                ll_update_device_fsm

i.pf_le_start_timer
                0x000048a4       0x16
 i.pf_le_start_timer
                0x000048a4       0x16 C:\Program Files (x86)\Cypress\PSoC Creator\3.1\PSoC Creator\psoc\content\cycomponentlibrary\CyComponentLibrary.cylib\BLE_v1_10\Library\gccCyBLEStack_BLE_SOC_PERIPHERAL.a(ll.o)
                0x000048a4                pf_le_start_timer

i.pf_le_stop_timer
                0x000048ba       0x12
 i.pf_le_stop_timer
                0x000048ba       0x12 C:\Program Files (x86)\Cypress\PSoC Creator\3.1\PSoC Creator\psoc\content\cycomponentlibrary\CyComponentLibrary.cylib\BLE_v1_10\Library\gccCyBLEStack_BLE_SOC_PERIPHERAL.a(ll.o)
                0x000048ba                pf_le_stop_timer

i.CyBleControllerIP_TuneAdvEventInterPktSlots
                0x000048cc       0x44
 i.CyBleControllerIP_TuneAdvEventInterPktSlots
                0x000048cc       0x44 C:\Program Files (x86)\Cypress\PSoC Creator\3.1\PSoC Creator\psoc\content\cycomponentlibrary\CyComponentLibrary.cylib\BLE_v1_10\Library\gccCyBLEStack_BLE_SOC_PERIPHERAL.a(ll_advertiser.o)
                0x000048cc                CyBleControllerIP_TuneAdvEventInterPktSlots

i.ll_adv_is_configured_connection_adv
                0x00004910       0x1e
 i.ll_adv_is_configured_connection_adv
                0x00004910       0x1e C:\Program Files (x86)\Cypress\PSoC Creator\3.1\PSoC Creator\psoc\content\cycomponentlibrary\CyComponentLibrary.cylib\BLE_v1_10\Library\gccCyBLEStack_BLE_SOC_PERIPHERAL.a(ll_advertiser.o)
                0x00004910                ll_adv_is_configured_connection_adv

i.ll_check_random_address_in_use_by_advertiser
                0x0000492e       0x10
 i.ll_check_random_address_in_use_by_advertiser
                0x0000492e       0x10 C:\Program Files (x86)\Cypress\PSoC Creator\3.1\PSoC Creator\psoc\content\cycomponentlibrary\CyComponentLibrary.cylib\BLE_v1_10\Library\gccCyBLEStack_BLE_SOC_PERIPHERAL.a(ll_advertiser.o)
                0x0000492e                ll_check_random_address_in_use_by_advertiser

i.ll_check_whitelist_in_use_by_advertiser
                0x0000493e       0x10
 i.ll_check_whitelist_in_use_by_advertiser
                0x0000493e       0x10 C:\Program Files (x86)\Cypress\PSoC Creator\3.1\PSoC Creator\psoc\content\cycomponentlibrary\CyComponentLibrary.cylib\BLE_v1_10\Library\gccCyBLEStack_BLE_SOC_PERIPHERAL.a(ll_advertiser.o)
                0x0000493e                ll_check_whitelist_in_use_by_advertiser

i.ll_get_adv_status
                0x0000494e        0xc
 i.ll_get_adv_status
                0x0000494e        0xc C:\Program Files (x86)\Cypress\PSoC Creator\3.1\PSoC Creator\psoc\content\cycomponentlibrary\CyComponentLibrary.cylib\BLE_v1_10\Library\gccCyBLEStack_BLE_SOC_PERIPHERAL.a(ll_advertiser.o)
                0x0000494e                ll_get_adv_status

i.ll_get_adv_type
                0x0000495a       0x16
 i.ll_get_adv_type
                0x0000495a       0x16 C:\Program Files (x86)\Cypress\PSoC Creator\3.1\PSoC Creator\psoc\content\cycomponentlibrary\CyComponentLibrary.cylib\BLE_v1_10\Library\gccCyBLEStack_BLE_SOC_PERIPHERAL.a(ll_advertiser.o)
                0x0000495a                ll_get_adv_type

i.ll_handle_adv_intr
                0x00004970       0x50
 i.ll_handle_adv_intr
                0x00004970       0x50 C:\Program Files (x86)\Cypress\PSoC Creator\3.1\PSoC Creator\psoc\content\cycomponentlibrary\CyComponentLibrary.cylib\BLE_v1_10\Library\gccCyBLEStack_BLE_SOC_PERIPHERAL.a(ll_advertiser.o)
                0x00004970                ll_handle_adv_intr

i.ll_handle_set_adv_data
                0x000049c0       0x14
 i.ll_handle_set_adv_data
                0x000049c0       0x14 C:\Program Files (x86)\Cypress\PSoC Creator\3.1\PSoC Creator\psoc\content\cycomponentlibrary\CyComponentLibrary.cylib\BLE_v1_10\Library\gccCyBLEStack_BLE_SOC_PERIPHERAL.a(ll_advertiser.o)
                0x000049c0                ll_handle_set_adv_data

i.ll_handle_set_adv_parameters
                0x000049d4       0x84
 i.ll_handle_set_adv_parameters
                0x000049d4       0x84 C:\Program Files (x86)\Cypress\PSoC Creator\3.1\PSoC Creator\psoc\content\cycomponentlibrary\CyComponentLibrary.cylib\BLE_v1_10\Library\gccCyBLEStack_BLE_SOC_PERIPHERAL.a(ll_advertiser.o)
                0x000049d4                ll_handle_set_adv_parameters

i.ll_handle_set_advertise_enable
                0x00004a58       0x70
 i.ll_handle_set_advertise_enable
                0x00004a58       0x70 C:\Program Files (x86)\Cypress\PSoC Creator\3.1\PSoC Creator\psoc\content\cycomponentlibrary\CyComponentLibrary.cylib\BLE_v1_10\Library\gccCyBLEStack_BLE_SOC_PERIPHERAL.a(ll_advertiser.o)
                0x00004a58                ll_handle_set_advertise_enable

i.ll_handle_set_scan_resp_data
                0x00004ac8       0x14
 i.ll_handle_set_scan_resp_data
                0x00004ac8       0x14 C:\Program Files (x86)\Cypress\PSoC Creator\3.1\PSoC Creator\psoc\content\cycomponentlibrary\CyComponentLibrary.cylib\BLE_v1_10\Library\gccCyBLEStack_BLE_SOC_PERIPHERAL.a(ll_advertiser.o)
                0x00004ac8                ll_handle_set_scan_resp_data

i.ll_init_advertiser
                0x00004adc       0x68
 i.ll_init_advertiser
                0x00004adc       0x68 C:\Program Files (x86)\Cypress\PSoC Creator\3.1\PSoC Creator\psoc\content\cycomponentlibrary\CyComponentLibrary.cylib\BLE_v1_10\Library\gccCyBLEStack_BLE_SOC_PERIPHERAL.a(ll_advertiser.o)
                0x00004adc                ll_init_advertiser

i.is_le_connection_handle
                0x00004b44       0x28
 i.is_le_connection_handle
                0x00004b44       0x28 C:\Program Files (x86)\Cypress\PSoC Creator\3.1\PSoC Creator\psoc\content\cycomponentlibrary\CyComponentLibrary.cylib\BLE_v1_10\Library\gccCyBLEStack_BLE_SOC_PERIPHERAL.a(ll_connection.o)
                0x00004b44                is_le_connection_handle

i.le_assign_connection_handle
                0x00004b6c       0x28
 i.le_assign_connection_handle
                0x00004b6c       0x28 C:\Program Files (x86)\Cypress\PSoC Creator\3.1\PSoC Creator\psoc\content\cycomponentlibrary\CyComponentLibrary.cylib\BLE_v1_10\Library\gccCyBLEStack_BLE_SOC_PERIPHERAL.a(ll_connection.o)
                0x00004b6c                le_assign_connection_handle

i.le_get_connection_index
                0x00004b94        0x6
 i.le_get_connection_index
                0x00004b94        0x6 C:\Program Files (x86)\Cypress\PSoC Creator\3.1\PSoC Creator\psoc\content\cycomponentlibrary\CyComponentLibrary.cylib\BLE_v1_10\Library\gccCyBLEStack_BLE_SOC_PERIPHERAL.a(ll_connection.o)
                0x00004b94                le_get_connection_index

i.ll_allocate_connection
                0x00004b9c       0x44
 i.ll_allocate_connection
                0x00004b9c       0x44 C:\Program Files (x86)\Cypress\PSoC Creator\3.1\PSoC Creator\psoc\content\cycomponentlibrary\CyComponentLibrary.cylib\BLE_v1_10\Library\gccCyBLEStack_BLE_SOC_PERIPHERAL.a(ll_connection.o)
                0x00004b9c                ll_allocate_connection

i.ll_calculate_and_program_def_win_widen_drift
                0x00004be0       0x14
 i.ll_calculate_and_program_def_win_widen_drift
                0x00004be0       0x14 C:\Program Files (x86)\Cypress\PSoC Creator\3.1\PSoC Creator\psoc\content\cycomponentlibrary\CyComponentLibrary.cylib\BLE_v1_10\Library\gccCyBLEStack_BLE_SOC_PERIPHERAL.a(ll_connection.o)
                0x00004be0                ll_calculate_and_program_def_win_widen_drift

i.ll_calculate_drift
                0x00004bf4       0x2c
 i.ll_calculate_drift
                0x00004bf4       0x2c C:\Program Files (x86)\Cypress\PSoC Creator\3.1\PSoC Creator\psoc\content\cycomponentlibrary\CyComponentLibrary.cylib\BLE_v1_10\Library\gccCyBLEStack_BLE_SOC_PERIPHERAL.a(ll_connection.o)
                0x00004bf4                ll_calculate_drift

i.ll_check_and_decrypt_ll_pdu
                0x00004c20       0x68
 i.ll_check_and_decrypt_ll_pdu
                0x00004c20       0x68 C:\Program Files (x86)\Cypress\PSoC Creator\3.1\PSoC Creator\psoc\content\cycomponentlibrary\CyComponentLibrary.cylib\BLE_v1_10\Library\gccCyBLEStack_BLE_SOC_PERIPHERAL.a(ll_connection.o)
                0x00004c20                ll_check_and_decrypt_ll_pdu

i.ll_check_and_decrypt_packet
                0x00004c88       0x6a
 i.ll_check_and_decrypt_packet
                0x00004c88       0x6a C:\Program Files (x86)\Cypress\PSoC Creator\3.1\PSoC Creator\psoc\content\cycomponentlibrary\CyComponentLibrary.cylib\BLE_v1_10\Library\gccCyBLEStack_BLE_SOC_PERIPHERAL.a(ll_connection.o)
                0x00004c88                ll_check_and_decrypt_packet

i.ll_check_and_encrypt_ll_pdu
                0x00004cf2       0x72
 i.ll_check_and_encrypt_ll_pdu
                0x00004cf2       0x72 C:\Program Files (x86)\Cypress\PSoC Creator\3.1\PSoC Creator\psoc\content\cycomponentlibrary\CyComponentLibrary.cylib\BLE_v1_10\Library\gccCyBLEStack_BLE_SOC_PERIPHERAL.a(ll_connection.o)
                0x00004cf2                ll_check_and_encrypt_ll_pdu

i.ll_check_and_encrypt_packet
                0x00004d64       0x8a
 i.ll_check_and_encrypt_packet
                0x00004d64       0x8a C:\Program Files (x86)\Cypress\PSoC Creator\3.1\PSoC Creator\psoc\content\cycomponentlibrary\CyComponentLibrary.cylib\BLE_v1_10\Library\gccCyBLEStack_BLE_SOC_PERIPHERAL.a(ll_connection.o)
                0x00004d64                ll_check_and_encrypt_packet

i.ll_check_for_allowing_incoming_connection_update
                0x00004dee       0x42
 i.ll_check_for_allowing_incoming_connection_update
                0x00004dee       0x42 C:\Program Files (x86)\Cypress\PSoC Creator\3.1\PSoC Creator\psoc\content\cycomponentlibrary\CyComponentLibrary.cylib\BLE_v1_10\Library\gccCyBLEStack_BLE_SOC_PERIPHERAL.a(ll_connection.o)
                0x00004dee                ll_check_for_allowing_incoming_connection_update

i.ll_check_if_pdu_is_loaded_to_hardware
                0x00004e30       0x1c
 i.ll_check_if_pdu_is_loaded_to_hardware
                0x00004e30       0x1c C:\Program Files (x86)\Cypress\PSoC Creator\3.1\PSoC Creator\psoc\content\cycomponentlibrary\CyComponentLibrary.cylib\BLE_v1_10\Library\gccCyBLEStack_BLE_SOC_PERIPHERAL.a(ll_connection.o)
                0x00004e30                ll_check_if_pdu_is_loaded_to_hardware

i.ll_check_random_address_in_use_by_initiator
                0x00004e4c       0x30
 i.ll_check_random_address_in_use_by_initiator
                0x00004e4c       0x30 C:\Program Files (x86)\Cypress\PSoC Creator\3.1\PSoC Creator\psoc\content\cycomponentlibrary\CyComponentLibrary.cylib\BLE_v1_10\Library\gccCyBLEStack_BLE_SOC_PERIPHERAL.a(ll_connection.o)
                0x00004e4c                ll_check_random_address_in_use_by_initiator

i.ll_check_white_list_in_use_by_initiator
                0x00004e7c       0x30
 i.ll_check_white_list_in_use_by_initiator
                0x00004e7c       0x30 C:\Program Files (x86)\Cypress\PSoC Creator\3.1\PSoC Creator\psoc\content\cycomponentlibrary\CyComponentLibrary.cylib\BLE_v1_10\Library\gccCyBLEStack_BLE_SOC_PERIPHERAL.a(ll_connection.o)
                0x00004e7c                ll_check_white_list_in_use_by_initiator

i.ll_conn_free_enc_txn_buffer
                0x00004eac       0x16
 i.ll_conn_free_enc_txn_buffer
                0x00004eac       0x16 C:\Program Files (x86)\Cypress\PSoC Creator\3.1\PSoC Creator\psoc\content\cycomponentlibrary\CyComponentLibrary.cylib\BLE_v1_10\Library\gccCyBLEStack_BLE_SOC_PERIPHERAL.a(ll_connection.o)
                0x00004eac                ll_conn_free_enc_txn_buffer

i.ll_conn_fsm_update_channel_state
                0x00004ec2        0x6
 i.ll_conn_fsm_update_channel_state
                0x00004ec2        0x6 C:\Program Files (x86)\Cypress\PSoC Creator\3.1\PSoC Creator\psoc\content\cycomponentlibrary\CyComponentLibrary.cylib\BLE_v1_10\Library\gccCyBLEStack_BLE_SOC_PERIPHERAL.a(ll_connection.o)
                0x00004ec2                ll_conn_fsm_update_channel_state

i.ll_conn_fsm_update_conn_update_state
                0x00004ec8        0x6
 i.ll_conn_fsm_update_conn_update_state
                0x00004ec8        0x6 C:\Program Files (x86)\Cypress\PSoC Creator\3.1\PSoC Creator\psoc\content\cycomponentlibrary\CyComponentLibrary.cylib\BLE_v1_10\Library\gccCyBLEStack_BLE_SOC_PERIPHERAL.a(ll_connection.o)
                0x00004ec8                ll_conn_fsm_update_conn_update_state

i.ll_conn_fsm_update_enc_state
                0x00004ece        0x6
 i.ll_conn_fsm_update_enc_state
                0x00004ece        0x6 C:\Program Files (x86)\Cypress\PSoC Creator\3.1\PSoC Creator\psoc\content\cycomponentlibrary\CyComponentLibrary.cylib\BLE_v1_10\Library\gccCyBLEStack_BLE_SOC_PERIPHERAL.a(ll_connection.o)
                0x00004ece                ll_conn_fsm_update_enc_state

i.ll_conn_fsm_update_state
                0x00004ed4        0x4
 i.ll_conn_fsm_update_state
                0x00004ed4        0x4 C:\Program Files (x86)\Cypress\PSoC Creator\3.1\PSoC Creator\psoc\content\cycomponentlibrary\CyComponentLibrary.cylib\BLE_v1_10\Library\gccCyBLEStack_BLE_SOC_PERIPHERAL.a(ll_connection.o)
                0x00004ed4                ll_conn_fsm_update_state

i.ll_conn_handle_data_pdu_from_host_when_data_paused
                0x00004ed8        0x8
 i.ll_conn_handle_data_pdu_from_host_when_data_paused
                0x00004ed8        0x8 C:\Program Files (x86)\Cypress\PSoC Creator\3.1\PSoC Creator\psoc\content\cycomponentlibrary\CyComponentLibrary.cylib\BLE_v1_10\Library\gccCyBLEStack_BLE_SOC_PERIPHERAL.a(ll_connection.o)
                0x00004ed8                ll_conn_handle_data_pdu_from_host_when_data_paused

i.ll_conn_handle_direct_adv_timeout
                0x00004ee0       0x2a
 i.ll_conn_handle_direct_adv_timeout
                0x00004ee0       0x2a C:\Program Files (x86)\Cypress\PSoC Creator\3.1\PSoC Creator\psoc\content\cycomponentlibrary\CyComponentLibrary.cylib\BLE_v1_10\Library\gccCyBLEStack_BLE_SOC_PERIPHERAL.a(ll_connection.o)
                0x00004ee0                ll_conn_handle_direct_adv_timeout

i.ll_conn_handle_ping_timer_expired_interrupt
                0x00004f0c       0x1c
 i.ll_conn_handle_ping_timer_expired_interrupt
                0x00004f0c       0x1c C:\Program Files (x86)\Cypress\PSoC Creator\3.1\PSoC Creator\psoc\content\cycomponentlibrary\CyComponentLibrary.cylib\BLE_v1_10\Library\gccCyBLEStack_BLE_SOC_PERIPHERAL.a(ll_connection.o)
                0x00004f0c                ll_conn_handle_ping_timer_expired_interrupt

i.ll_conn_handle_ping_timer_nearly_expired_interrupt
                0x00004f28       0x20
 i.ll_conn_handle_ping_timer_nearly_expired_interrupt
                0x00004f28       0x20 C:\Program Files (x86)\Cypress\PSoC Creator\3.1\PSoC Creator\psoc\content\cycomponentlibrary\CyComponentLibrary.cylib\BLE_v1_10\Library\gccCyBLEStack_BLE_SOC_PERIPHERAL.a(ll_connection.o)
                0x00004f28                ll_conn_handle_ping_timer_nearly_expired_interrupt

i.ll_conn_handle_stop_connectable_adv
                0x00004f48       0x12
 i.ll_conn_handle_stop_connectable_adv
                0x00004f48       0x12 C:\Program Files (x86)\Cypress\PSoC Creator\3.1\PSoC Creator\psoc\content\cycomponentlibrary\CyComponentLibrary.cylib\BLE_v1_10\Library\gccCyBLEStack_BLE_SOC_PERIPHERAL.a(ll_connection.o)
                0x00004f48                ll_conn_handle_stop_connectable_adv

i.ll_conn_process_pending_transactions
                0x00004f5a        0x4
 i.ll_conn_process_pending_transactions
                0x00004f5a        0x4 C:\Program Files (x86)\Cypress\PSoC Creator\3.1\PSoC Creator\psoc\content\cycomponentlibrary\CyComponentLibrary.cylib\BLE_v1_10\Library\gccCyBLEStack_BLE_SOC_PERIPHERAL.a(ll_connection.o)
                0x00004f5a                ll_conn_process_pending_transactions

i.ll_conn_program_authenticated_payload_timer
                0x00004f60       0x50
 i.ll_conn_program_authenticated_payload_timer
                0x00004f60       0x50 C:\Program Files (x86)\Cypress\PSoC Creator\3.1\PSoC Creator\psoc\content\cycomponentlibrary\CyComponentLibrary.cylib\BLE_v1_10\Library\gccCyBLEStack_BLE_SOC_PERIPHERAL.a(ll_connection.o)
                0x00004f60                ll_conn_program_authenticated_payload_timer

i.ll_conn_read_data_pdu_from_hardware
                0x00004fb0       0x14
 i.ll_conn_read_data_pdu_from_hardware
                0x00004fb0       0x14 C:\Program Files (x86)\Cypress\PSoC Creator\3.1\PSoC Creator\psoc\content\cycomponentlibrary\CyComponentLibrary.cylib\BLE_v1_10\Library\gccCyBLEStack_BLE_SOC_PERIPHERAL.a(ll_connection.o)
                0x00004fb0                ll_conn_read_data_pdu_from_hardware

i.ll_conn_send_ping_req_pdu