Archive member included because of file (symbol)

.\CortexM0\ARM_GCC_484\Debug\Health Thermometer.a(cyfitter_cfg.o)
                              .\CortexM0\ARM_GCC_484\Debug\Cm0Start.o (cyfitter_cfg)
.\CortexM0\ARM_GCC_484\Debug\Health Thermometer.a(ADC.o)
                              .\CortexM0\ARM_GCC_484\Debug\CommonFunctions.o (ADC_Start)
.\CortexM0\ARM_GCC_484\Debug\Health Thermometer.a(ADC_PM.o)
                              .\CortexM0\ARM_GCC_484\Debug\CommonFunctions.o (ADC_Sleep)
.\CortexM0\ARM_GCC_484\Debug\Health Thermometer.a(ADC_INT.o)
                              .\CortexM0\ARM_GCC_484\Debug\Health Thermometer.a(ADC.o) (ADC_ISR)
.\CortexM0\ARM_GCC_484\Debug\Health Thermometer.a(AMuxSeq.o)
                              .\CortexM0\ARM_GCC_484\Debug\Temperature.o (AMuxSeq_DisconnectAll)
.\CortexM0\ARM_GCC_484\Debug\Health Thermometer.a(Thermistor.o)
                              .\CortexM0\ARM_GCC_484\Debug\Temperature.o (Thermistor_GetResistance)
.\CortexM0\ARM_GCC_484\Debug\Health Thermometer.a(BLE.o)
                              .\CortexM0\ARM_GCC_484\Debug\BLE_HTSS.o (CyBle_Start)
.\CortexM0\ARM_GCC_484\Debug\Health Thermometer.a(BLE_gatt.o)
                              .\CortexM0\ARM_GCC_484\Debug\main.o (cyBle_state)
.\CortexM0\ARM_GCC_484\Debug\Health Thermometer.a(BLE_eventHandler.o)
                              .\CortexM0\ARM_GCC_484\Debug\Health Thermometer.a(BLE.o) (cyBle_connHandle)
.\CortexM0\ARM_GCC_484\Debug\Health Thermometer.a(BLE_dis.o)
                              .\CortexM0\ARM_GCC_484\Debug\Health Thermometer.a(BLE.o) (CyBle_DisInit)
.\CortexM0\ARM_GCC_484\Debug\Health Thermometer.a(BLE_hts.o)
                              .\CortexM0\ARM_GCC_484\Debug\Health Thermometer.a(BLE.o) (CyBle_HtsInit)
.\CortexM0\ARM_GCC_484\Debug\Health Thermometer.a(V_HIGH.o)
                              .\CortexM0\ARM_GCC_484\Debug\CommonFunctions.o (V_HIGH_Write)
.\CortexM0\ARM_GCC_484\Debug\Health Thermometer.a(V_LOW.o)
                              .\CortexM0\ARM_GCC_484\Debug\CommonFunctions.o (V_LOW_Write)
.\CortexM0\ARM_GCC_484\Debug\Health Thermometer.a(CyBootAsmGnu.o)
                              .\CortexM0\ARM_GCC_484\Debug\Health Thermometer.a(cyfitter_cfg.o) (CyDelayCycles)
.\CortexM0\ARM_GCC_484\Debug\Health Thermometer.a(CyLib.o)
                              .\CortexM0\ARM_GCC_484\Debug\main.o (CySysClkWriteImoFreq)
.\CortexM0\ARM_GCC_484\Debug\Health Thermometer.a(cyPm.o)
                              .\CortexM0\ARM_GCC_484\Debug\main.o (CySysPmSleep)
C:\Program Files (x86)\Cypress\PSoC Creator\3.1\PSoC Creator\psoc\content\cycomponentlibrary\CyComponentLibrary.cylib\BLE_v1_20\Library\gccCyBLEStack_BLE_SOC_PERIPHERAL.a(CyBle.o)
                              .\CortexM0\ARM_GCC_484\Debug\main.o (CyBle_EnterLPM)
C:\Program Files (x86)\Cypress\PSoC Creator\3.1\PSoC Creator\psoc\content\cycomponentlibrary\CyComponentLibrary.cylib\BLE_v1_20\Library\gccCyBLEStack_BLE_SOC_PERIPHERAL.a(CyBleStackMgrIP_Interface.o)
                              C:\Program Files (x86)\Cypress\PSoC Creator\3.1\PSoC Creator\psoc\content\cycomponentlibrary\CyComponentLibrary.cylib\BLE_v1_20\Library\gccCyBLEStack_BLE_SOC_PERIPHERAL.a(CyBle.o) (CyBleStackMgr_BleGetConfigData)
C:\Program Files (x86)\Cypress\PSoC Creator\3.1\PSoC Creator\psoc\content\cycomponentlibrary\CyComponentLibrary.cylib\BLE_v1_20\Library\gccCyBLEStack_BLE_SOC_PERIPHERAL.a(BT_os.o)
                              C:\Program Files (x86)\Cypress\PSoC Creator\3.1\PSoC Creator\psoc\content\cycomponentlibrary\CyComponentLibrary.cylib\BLE_v1_20\Library\gccCyBLEStack_BLE_SOC_PERIPHERAL.a(CyBleStackMgrIP_Interface.o) (bt_stack_init_os)
C:\Program Files (x86)\Cypress\PSoC Creator\3.1\PSoC Creator\psoc\content\cycomponentlibrary\CyComponentLibrary.cylib\BLE_v1_20\Library\gccCyBLEStack_BLE_SOC_PERIPHERAL.a(CyBleStackMgr_StackTaskHandler.o)
                              C:\Program Files (x86)\Cypress\PSoC Creator\3.1\PSoC Creator\psoc\content\cycomponentlibrary\CyComponentLibrary.cylib\BLE_v1_20\Library\gccCyBLEStack_BLE_SOC_PERIPHERAL.a(CyBleStackMgrIP_Interface.o) (CyBle_CreateBleStackTask)
C:\Program Files (x86)\Cypress\PSoC Creator\3.1\PSoC Creator\psoc\content\cycomponentlibrary\CyComponentLibrary.cylib\BLE_v1_20\Library\gccCyBLEStack_BLE_SOC_PERIPHERAL.a(transport_sf.o)
                              C:\Program Files (x86)\Cypress\PSoC Creator\3.1\PSoC Creator\psoc\content\cycomponentlibrary\CyComponentLibrary.cylib\BLE_v1_20\Library\gccCyBLEStack_BLE_SOC_PERIPHERAL.a(CyBleStackMgr_StackTaskHandler.o) (hci_soft_transport_notify_data_received)
C:\Program Files (x86)\Cypress\PSoC Creator\3.1\PSoC Creator\psoc\content\cycomponentlibrary\CyComponentLibrary.cylib\BLE_v1_20\Library\gccCyBLEStack_BLE_SOC_PERIPHERAL.a(CyBleStackMgr_PSoCHal.o)
[...]
Memory Configuration

Name             Origin             Length             Attributes
rom              0x00000000         0x00020000         xr
ram              0x20000000         0x00004000         xrw
*default*        0x00000000         0xffffffff

Linker script and memory map

LOAD c:/program files (x86)/cypress/psoc creator/3.1/psoc creator/import/gnu_cs/arm/4.8.4/bin/../lib/gcc/arm-none-eabi/4.8.4/armv6-m/crti.o
LOAD c:/program files (x86)/cypress/psoc creator/3.1/psoc creator/import/gnu_cs/arm/4.8.4/bin/../lib/gcc/arm-none-eabi/4.8.4/armv6-m/crtbegin.o
LOAD c:/program files (x86)/cypress/psoc creator/3.1/psoc creator/import/gnu_cs/arm/4.8.4/bin/../lib/gcc/arm-none-eabi/4.8.4/../../../../arm-none-eabi/lib/armv6-m/crt0.o
START GROUP
LOAD .\CortexM0\ARM_GCC_484\Debug\main.o
LOAD .\CortexM0\ARM_GCC_484\Debug\BLE_HTSS.o
LOAD .\CortexM0\ARM_GCC_484\Debug\Temperature.o
LOAD .\CortexM0\ARM_GCC_484\Debug\CommonFunctions.o
LOAD .\CortexM0\ARM_GCC_484\Debug\WatchdogTimer.o
LOAD .\CortexM0\ARM_GCC_484\Debug\cymetadata.o
LOAD .\CortexM0\ARM_GCC_484\Debug\Cm0Start.o
LOAD .\CortexM0\ARM_GCC_484\Debug\Health Thermometer.a
LOAD C:\Program Files (x86)\Cypress\PSoC Creator\3.1\PSoC Creator\psoc\content\cycomponentlibrary\CyComponentLibrary.cylib\BLE_v1_20\Library\gccCyBLEStack_BLE_SOC_PERIPHERAL.a
LOAD C:\Program Files (x86)\Cypress\PSoC Creator\3.1\PSoC Creator\psoc\content\cycomponentlibrary\CyComponentLibrary.cylib\CortexM0\ARM_GCC_484\Debug\CyComponentLibrary.a
END GROUP
START GROUP
LOAD c:/program files (x86)/cypress/psoc creator/3.1/psoc creator/import/gnu_cs/arm/4.8.4/bin/../lib/gcc/arm-none-eabi/4.8.4/armv6-m\libgcc.a
LOAD c:/program files (x86)/cypress/psoc creator/3.1/psoc creator/import/gnu_cs/arm/4.8.4/bin/../lib/gcc/arm-none-eabi/4.8.4/../../../../arm-none-eabi/lib/armv6-m\libg_s.a
LOAD c:/program files (x86)/cypress/psoc creator/3.1/psoc creator/import/gnu_cs/arm/4.8.4/bin/../lib/gcc/arm-none-eabi/4.8.4/../../../../arm-none-eabi/lib/armv6-m\libc_s.a
END GROUP
START GROUP
LOAD c:/program files (x86)/cypress/psoc creator/3.1/psoc creator/import/gnu_cs/arm/4.8.4/bin/../lib/gcc/arm-none-eabi/4.8.4/armv6-m\libgcc.a
LOAD c:/program files (x86)/cypress/psoc creator/3.1/psoc creator/import/gnu_cs/arm/4.8.4/bin/../lib/gcc/arm-none-eabi/4.8.4/../../../../arm-none-eabi/lib/armv6-m\libc_s.a
END GROUP
LOAD c:/program files (x86)/cypress/psoc creator/3.1/psoc creator/import/gnu_cs/arm/4.8.4/bin/../lib/gcc/arm-none-eabi/4.8.4/armv6-m/crtend.o
LOAD c:/program files (x86)/cypress/psoc creator/3.1/psoc creator/import/gnu_cs/arm/4.8.4/bin/../lib/gcc/arm-none-eabi/4.8.4/armv6-m/crtn.o
START GROUP
LOAD c:/program files (x86)/cypress/psoc creator/3.1/psoc creator/import/gnu_cs/arm/4.8.4/bin/../lib/gcc/arm-none-eabi/4.8.4/armv6-m\libgcc.a
LOAD c:/program files (x86)/cypress/psoc creator/3.1/psoc creator/import/gnu_cs/arm/4.8.4/bin/../lib/gcc/arm-none-eabi/4.8.4/../../../../arm-none-eabi/lib/armv6-m\libc.a
LOAD c:/program files (x86)/cypress/psoc creator/3.1/psoc creator/import/gnu_cs/arm/4.8.4/bin/../lib/gcc/arm-none-eabi/4.8.4/../../../../arm-none-eabi/lib/armv6-m\libnosys.a
END GROUP
                0x00000000                CY_APPL_ORIGIN = 0x0
                0x00000080                CY_FLASH_ROW_SIZE = 0x80
                0x00000001                CY_APPL_NUM = 0x1
                0x00000040                CY_METADATA_SIZE = 0x40
                0x20002548                PROVIDE (__cy_heap_start, _end)
                0x00000001                PROVIDE (__cy_region_num, ((__cy_regions_end - __cy_regions) / 0x10))
                0x20004000                PROVIDE (__cy_stack, (ORIGIN (ram) + 0x4000))
                0x20003800                PROVIDE (__cy_heap_end, (__cy_stack - 0x800))

.cybootloader   0x00000000        0x0
 *(.cybootloader)
                0x00000000                appl1_start = CY_APPL_ORIGIN?CY_APPL_ORIGIN:ALIGN (CY_FLASH_ROW_SIZE)
                0x0000ff80                appl2_start = (appl1_start + ALIGN ((((0x20000 - appl1_start) - (0x2 * CY_FLASH_ROW_SIZE)) / 0x2), CY_FLASH_ROW_SIZE))
                0x00000000                appl_start = (CY_APPL_NUM == 0x1)?appl1_start:appl2_start

.text           0x00000000     0x29d4
 CREATE_OBJECT_SYMBOLS
                0x00000000                PROVIDE (__cy_interrupt_vector, RomVectors)
 *(.romvectors)
 .romvectors    0x00000000       0x10 .\CortexM0\ARM_GCC_484\Debug\Cm0Start.o
                0x00000000                RomVectors
                0x00000001                ASSERT ((. != __cy_interrupt_vector), No interrupt vector)
                0x00000001                ASSERT (CY_APPL_ORIGIN?(SIZEOF (.cybootloader) <= CY_APPL_ORIGIN):0x1, Wrong image location)
                0x00000010                PROVIDE (__cy_reset, Reset)
 *(.text.Reset)
 .text.Reset    0x00000010        0x8 .\CortexM0\ARM_GCC_484\Debug\Cm0Start.o
                0x00000010                Reset
                0x00000001                ASSERT ((. != __cy_reset), No reset code)
 *(.psocinit)
 .psocinit      0x00000018      0x2f4 .\CortexM0\ARM_GCC_484\Debug\Health Thermometer.a(cyfitter_cfg.o)
                0x000001d4                cyfitter_cfg
                0x0000030c                . = MAX (., 0x100)
 *(.text .text.* .gnu.linkonce.t.*)
 .text          0x0000030c       0x60 c:/program files (x86)/cypress/psoc creator/3.1/psoc creator/import/gnu_cs/arm/4.8.4/bin/../lib/gcc/arm-none-eabi/4.8.4/armv6-m/crtbegin.o
 .text.main     0x0000036c       0xc0 .\CortexM0\ARM_GCC_484\Debug\main.o
                0x0000036c                main
 .text.GenericEventHandler
                0x0000042c       0x6c .\CortexM0\ARM_GCC_484\Debug\BLE_HTSS.o
                0x0000042c                GenericEventHandler
 .text.HtssEventHandler
                0x00000498       0x70 .\CortexM0\ARM_GCC_484\Debug\BLE_HTSS.o
                0x00000498                HtssEventHandler
 .text.EnableBLE
                0x00000508       0x20 .\CortexM0\ARM_GCC_484\Debug\BLE_HTSS.o
                0x00000508                EnableBLE
 .text.ProcessBLE
                0x00000528       0x9c .\CortexM0\ARM_GCC_484\Debug\BLE_HTSS.o
                0x00000528                ProcessBLE
 .text.MeasureSensorVoltage
                0x000005c4       0x2c .\CortexM0\ARM_GCC_484\Debug\Temperature.o
 .text.ProcessTemperature
                0x000005f0       0xc0 .\CortexM0\ARM_GCC_484\Debug\Temperature.o
                0x000005f0                ProcessTemperature
 .text.InitializeSystem
                0x000006b0       0x1c .\CortexM0\ARM_GCC_484\Debug\CommonFunctions.o
                0x000006b0                InitializeSystem
 .text.PrepareForDeepSleep
                0x000006cc       0x24 .\CortexM0\ARM_GCC_484\Debug\CommonFunctions.o
                0x000006cc                PrepareForDeepSleep
 .text.WakeupFromDeepSleep
                0x000006f0       0x18 .\CortexM0\ARM_GCC_484\Debug\CommonFunctions.o
                0x000006f0                WakeupFromDeepSleep
 .text.WatchdogTimer_Lock
                0x00000708       0x24 .\CortexM0\ARM_GCC_484\Debug\WatchdogTimer.o
 .text.WatchdogTimer_Unlock
                0x0000072c       0x38 .\CortexM0\ARM_GCC_484\Debug\WatchdogTimer.o
 .text.WatchdogTimer_Isr
                0x00000764       0x84 .\CortexM0\ARM_GCC_484\Debug\WatchdogTimer.o
                0x00000764                WatchdogTimer_Isr
 .text.WatchdogTimer_Start
                0x000007e8       0x88 .\CortexM0\ARM_GCC_484\Debug\WatchdogTimer.o
                0x000007e8                WatchdogTimer_Start
 .text.WatchdogTimer_Stop
                0x00000870       0x30 .\CortexM0\ARM_GCC_484\Debug\WatchdogTimer.o
                0x00000870                WatchdogTimer_Stop
 .text.IntDefaultHandler
                0x000008a0        0x8 .\CortexM0\ARM_GCC_484\Debug\Cm0Start.o
                0x000008a0                IntDefaultHandler
 .text.Start_c  0x000008a8       0x98 .\CortexM0\ARM_GCC_484\Debug\Cm0Start.o
                0x000008a8                Start_c
 .text.initialize_psoc
                0x00000940       0x70 .\CortexM0\ARM_GCC_484\Debug\Cm0Start.o
                0x00000940                initialize_psoc
 .text.CYMEMZERO
                0x000009b0       0x20 .\CortexM0\ARM_GCC_484\Debug\Health Thermometer.a(cyfitter_cfg.o)
 .text.cfg_write_bytes32
                0x000009d0       0x80 .\CortexM0\ARM_GCC_484\Debug\Health Thermometer.a(cyfitter_cfg.o)
 .text.AnalogSetDefault
                0x00000a50       0x2c .\CortexM0\ARM_GCC_484\Debug\Health Thermometer.a(cyfitter_cfg.o)
 .text.SetAnalogRoutingPumps
                0x00000a7c       0x40 .\CortexM0\ARM_GCC_484\Debug\Health Thermometer.a(cyfitter_cfg.o)
                0x00000a7c                SetAnalogRoutingPumps
 .text.AMuxSeq_CYAMUXSIDE_B_DisconnectAll
                0x00000abc       0x30 .\CortexM0\ARM_GCC_484\Debug\Health Thermometer.a(cyfitter_cfg.o)
                0x00000abc                AMuxSeq_CYAMUXSIDE_B_DisconnectAll
 .text.AMuxSeq_CYAMUXSIDE_B_Next
                0x00000aec       0x90 .\CortexM0\ARM_GCC_484\Debug\Health Thermometer.a(cyfitter_cfg.o)
                0x00000aec                AMuxSeq_CYAMUXSIDE_B_Next
 .text.AMuxSeq_CYAMUXSIDE_A_DisconnectAll
                0x00000b7c       0x28 .\CortexM0\ARM_GCC_484\Debug\Health Thermometer.a(cyfitter_cfg.o)
                0x00000b7c                AMuxSeq_CYAMUXSIDE_A_DisconnectAll
 .text.AMuxSeq_CYAMUXSIDE_A_Next
                0x00000ba4       0x84 .\CortexM0\ARM_GCC_484\Debug\Health Thermometer.a(cyfitter_cfg.o)
                0x00000ba4                AMuxSeq_CYAMUXSIDE_A_Next
 .text.ADC_Start
                0x00000c28       0x24 .\CortexM0\ARM_GCC_484\Debug\Health Thermometer.a(ADC.o)
                0x00000c28                ADC_Start
 .text.ADC_Init
                0x00000c4c      0x1bc .\CortexM0\ARM_GCC_484\Debug\Health Thermometer.a(ADC.o)
                0x00000c4c                ADC_Init
 .text.ADC_Enable
                0x00000e08       0x38 .\CortexM0\ARM_GCC_484\Debug\Health Thermometer.a(ADC.o)
                0x00000e08                ADC_Enable
 .text.ADC_Stop
                0x00000e40       0x18 .\CortexM0\ARM_GCC_484\Debug\Health Thermometer.a(ADC.o)
                0x00000e40                ADC_Stop
 .text.ADC_StartConvert
                0x00000e58       0x1c .\CortexM0\ARM_GCC_484\Debug\Health Thermometer.a(ADC.o)
                0x00000e58                ADC_StartConvert
 .text.ADC_StopConvert
                0x00000e74       0x1c .\CortexM0\ARM_GCC_484\Debug\Health Thermometer.a(ADC.o)
                0x00000e74                ADC_StopConvert
 .text.ADC_IsEndConversion
                0x00000e90       0x48 .\CortexM0\ARM_GCC_484\Debug\Health Thermometer.a(ADC.o)
                0x00000e90                ADC_IsEndConversion
 .text.ADC_GetResult16
                0x00000ed8       0x44 .\CortexM0\ARM_GCC_484\Debug\Health Thermometer.a(ADC.o)
                0x00000ed8                ADC_GetResult16
 .text.ADC_Sleep
                0x00000f1c       0x84 .\CortexM0\ARM_GCC_484\Debug\Health Thermometer.a(ADC_PM.o)
                0x00000f1c                ADC_Sleep
 .text.ADC_Wakeup
                0x00000fa0       0x58 .\CortexM0\ARM_GCC_484\Debug\Health Thermometer.a(ADC_PM.o)
                0x00000fa0                ADC_Wakeup
 .text.ADC_ISR  0x00000ff8       0x1c .\CortexM0\ARM_GCC_484\Debug\Health Thermometer.a(ADC_INT.o)
                0x00000ff8                ADC_ISR
 .text.AMuxSeq_Next
                0x00001014       0x10 .\CortexM0\ARM_GCC_484\Debug\Health Thermometer.a(AMuxSeq.o)
                0x00001014                AMuxSeq_Next
 .text.AMuxSeq_DisconnectAll
                0x00001024       0x10 .\CortexM0\ARM_GCC_484\Debug\Health Thermometer.a(AMuxSeq.o)
                0x00001024                AMuxSeq_DisconnectAll
 .text.Thermistor_GetResistance
                0x00001034       0x94 .\CortexM0\ARM_GCC_484\Debug\Health Thermometer.a(Thermistor.o)
                0x00001034                Thermistor_GetResistance
 .text.Thermistor_GetTemperature
                0x000010c8      0x184 .\CortexM0\ARM_GCC_484\Debug\Health Thermometer.a(Thermistor.o)
                0x000010c8                Thermistor_GetTemperature
 .text.CyBle_Init
                0x0000124c       0x34 .\CortexM0\ARM_GCC_484\Debug\Health Thermometer.a(BLE.o)
                0x0000124c                CyBle_Init
 .text.CyBle_ServiceInit
                0x00001280       0x10 .\CortexM0\ARM_GCC_484\Debug\Health Thermometer.a(BLE.o)
                0x00001280                CyBle_ServiceInit
 .text.CyBle_Start
                0x00001290       0x90 .\CortexM0\ARM_GCC_484\Debug\Health Thermometer.a(BLE.o)
                0x00001290                CyBle_Start
 .text.CyBle_GappStartAdvertisement
                0x00001320       0xc4 .\CortexM0\ARM_GCC_484\Debug\Health Thermometer.a(BLE.o)
                0x00001320                CyBle_GappStartAdvertisement
 .text.CyBle_ChangeAdDeviceAddress
                0x000013e4       0x60 .\CortexM0\ARM_GCC_484\Debug\Health Thermometer.a(BLE.o)
                0x000013e4                CyBle_ChangeAdDeviceAddress
 .text.CyBle_Get16ByPtr
                0x00001444       0x24 .\CortexM0\ARM_GCC_484\Debug\Health Thermometer.a(BLE.o)
                0x00001444                CyBle_Get16ByPtr
 .text.CyBle_GattsWriteEventHandler
                0x00001468       0xa0 .\CortexM0\ARM_GCC_484\Debug\Health Thermometer.a(BLE_gatt.o)
                0x00001468                CyBle_GattsWriteEventHandler
 .text.CyBle_WriteReqHandler
                0x00001508       0x98 .\CortexM0\ARM_GCC_484\Debug\Health Thermometer.a(BLE_eventHandler.o)
 .text.CyBle_ValueConfirmation
                0x000015a0       0x30 .\CortexM0\ARM_GCC_484\Debug\Health Thermometer.a(BLE_eventHandler.o)
 .text.CyBle_GattDisconnectEventHandler
                0x000015d0       0x18 .\CortexM0\ARM_GCC_484\Debug\Health Thermometer.a(BLE_eventHandler.o)
 .text.CyBle_TimeOutEventHandler
                0x000015e8       0x10 .\CortexM0\ARM_GCC_484\Debug\Health Thermometer.a(BLE_eventHandler.o)
 .text.CyBle_GattConnectReqHandler
                0x000015f8        0x8 .\CortexM0\ARM_GCC_484\Debug\Health Thermometer.a(BLE_eventHandler.o)
 .text.CyBle_IsDeviceAddressValid
                0x00001600       0x60 .\CortexM0\ARM_GCC_484\Debug\Health Thermometer.a(BLE_eventHandler.o)
 .text.CyBle_L2Cap_ConnParamUpdateRspEventHandler
                0x00001660       0x14 .\CortexM0\ARM_GCC_484\Debug\Health Thermometer.a(BLE_eventHandler.o)
 .text.CyBle_GapConnUpdateCompleteEventHandler
                0x00001674       0x10 .\CortexM0\ARM_GCC_484\Debug\Health Thermometer.a(BLE_eventHandler.o)
 .text.CyBle_EventHandler
                0x00001684      0x348 .\CortexM0\ARM_GCC_484\Debug\Health Thermometer.a(BLE_eventHandler.o)
                0x00001684                CyBle_EventHandler
 .text.CyBle_DisInit
                0x000019cc        0x8 .\CortexM0\ARM_GCC_484\Debug\Health Thermometer.a(BLE_dis.o)
                0x000019cc                CyBle_DisInit
 .text.CyBle_HtsInit
                0x000019d4       0x14 .\CortexM0\ARM_GCC_484\Debug\Health Thermometer.a(BLE_hts.o)
                0x000019d4                CyBle_HtsInit
 .text.CyBle_HtsRegisterAttrCallback
                0x000019e8       0x18 .\CortexM0\ARM_GCC_484\Debug\Health Thermometer.a(BLE_hts.o)
                0x000019e8                CyBle_HtsRegisterAttrCallback
 .text.CyBle_HtssGetCharacteristicValue
                0x00001a00       0x88 .\CortexM0\ARM_GCC_484\Debug\Health Thermometer.a(BLE_hts.o)
                0x00001a00                CyBle_HtssGetCharacteristicValue
 .text.CyBle_HtssGetCharacteristicDescriptor
                0x00001a88       0xac .\CortexM0\ARM_GCC_484\Debug\Health Thermometer.a(BLE_hts.o)
                0x00001a88                CyBle_HtssGetCharacteristicDescriptor
 .text.CyBle_HtssWriteEventHandler
                0x00001b34      0x300 .\CortexM0\ARM_GCC_484\Debug\Health Thermometer.a(BLE_hts.o)
                0x00001b34                CyBle_HtssWriteEventHandler
 .text.CyBle_HtssSendIndication
                0x00001e34       0xf0 .\CortexM0\ARM_GCC_484\Debug\Health Thermometer.a(BLE_hts.o)
                0x00001e34                CyBle_HtssSendIndication
 .text.CyBle_HtssConfirmationEventHandler
                0x00001f24       0xd8 .\CortexM0\ARM_GCC_484\Debug\Health Thermometer.a(BLE_hts.o)
                0x00001f24                CyBle_HtssConfirmationEventHandler
 .text.V_HIGH_Write
                0x00001ffc       0x48 .\CortexM0\ARM_GCC_484\Debug\Health Thermometer.a(V_HIGH.o)
                0x00001ffc                V_HIGH_Write
 .text.V_LOW_Write
                0x00002044       0x4c .\CortexM0\ARM_GCC_484\Debug\Health Thermometer.a(V_LOW.o)
                0x00002044                V_LOW_Write
 .text          0x00002090       0x20 .\CortexM0\ARM_GCC_484\Debug\Health Thermometer.a(CyBootAsmGnu.o)
                0x00002090                CyDelayCycles
                0x000020a2                CyEnterCriticalSection
                0x000020aa                CyExitCriticalSection
 .text.CySysClkWcoSetHighPowerMode
                0x000020b0       0x3c .\CortexM0\ARM_GCC_484\Debug\Health Thermometer.a(CyLib.o)
 .text.CySysClkWcoSetLowPowerMode
                0x000020ec       0x48 .\CortexM0\ARM_GCC_484\Debug\Health Thermometer.a(CyLib.o)
 .text.CySysClkWriteSysclkDiv
                0x00002134       0x44 .\CortexM0\ARM_GCC_484\Debug\Health Thermometer.a(CyLib.o)
                0x00002134                CySysClkWriteSysclkDiv
 .text.CySysClkWriteImoFreq
                0x00002178      0x1e0 .\CortexM0\ARM_GCC_484\Debug\Health Thermometer.a(CyLib.o)
                0x00002178                CySysClkWriteImoFreq
 .text.CySysClkEcoStart
                0x00002358       0x74 .\CortexM0\ARM_GCC_484\Debug\Health Thermometer.a(CyLib.o)
                0x00002358                CySysClkEcoStart
 .text.CySysClkEcoReadStatus
                0x000023cc       0x18 .\CortexM0\ARM_GCC_484\Debug\Health Thermometer.a(CyLib.o)
                0x000023cc                CySysClkEcoReadStatus
 .text.CySysClkWcoStart
                0x000023e4       0x20 .\CortexM0\ARM_GCC_484\Debug\Health Thermometer.a(CyLib.o)
                0x000023e4                CySysClkWcoStart
 .text.CySysClkWcoSetPowerMode
                0x00002404       0x40 .\CortexM0\ARM_GCC_484\Debug\Health Thermometer.a(CyLib.o)
                0x00002404                CySysClkWcoSetPowerMode
 .text.CyIntSetVector
                0x00002444       0x4c .\CortexM0\ARM_GCC_484\Debug\Health Thermometer.a(CyLib.o)
                0x00002444                CyIntSetVector
 .text.CyIntSetPriority
                0x00002490       0xa8 .\CortexM0\ARM_GCC_484\Debug\Health Thermometer.a(CyLib.o)
                0x00002490                CyIntSetPriority
 .text.CyIntEnable
                0x00002538       0x2c .\CortexM0\ARM_GCC_484\Debug\Health Thermometer.a(CyLib.o)
                0x00002538                CyIntEnable
 .text.CyHalt   0x00002564       0x14 .\CortexM0\ARM_GCC_484\Debug\Health Thermometer.a(CyLib.o)
                0x00002564                CyHalt
 .text.CyDelay  0x00002578       0x48 .\CortexM0\ARM_GCC_484\Debug\Health Thermometer.a(CyLib.o)
                0x00002578                CyDelay
 .text.CyDelayUs
                0x000025c0       0x28 .\CortexM0\ARM_GCC_484\Debug\Health Thermometer.a(CyLib.o)
                0x000025c0                CyDelayUs
 .text.CySysPmSleep
                0x000025e8       0x34 .\CortexM0\ARM_GCC_484\Debug\Health Thermometer.a(cyPm.o)
                0x000025e8                CySysPmSleep
 .text.CySysPmDeepSleep
                0x0000261c       0x6c .\CortexM0\ARM_GCC_484\Debug\Health Thermometer.a(cyPm.o)
                0x0000261c                CySysPmDeepSleep
 .text.CyBLE_Bless_LlRegWrite
                0x00002688       0x1c .\CortexM0\ARM_GCC_484\Debug\Health Thermometer.a(BLE_HAL_PVT.o)
                0x00002688                CyBLE_Bless_LlRegWrite
 .text.CyBLE_Bless_RfRegWrite
                0x000026a4       0x1c .\CortexM0\ARM_GCC_484\Debug\Health Thermometer.a(BLE_HAL_PVT.o)
                0x000026a4                CyBLE_Bless_RfRegWrite
 .text.CyBleHal_DelayUs
                0x000026c0       0x1c .\CortexM0\ARM_GCC_484\Debug\Health Thermometer.a(BLE_HAL_PVT.o)
                0x000026c0                CyBleHal_DelayUs
 .text.CyBleHal_EnableGlobalInterrupts
                0x000026dc        0xc .\CortexM0\ARM_GCC_484\Debug\Health Thermometer.a(BLE_HAL_PVT.o)
                0x000026dc                CyBleHal_EnableGlobalInterrupts
 .text.CyBleHal_DisableGlobalInterrupts
                0x000026e8        0xc .\CortexM0\ARM_GCC_484\Debug\Health Thermometer.a(BLE_HAL_PVT.o)
                0x000026e8                CyBleHal_DisableGlobalInterrupts
 .text.CyBle_HalInit
                0x000026f4       0x20 .\CortexM0\ARM_GCC_484\Debug\Health Thermometer.a(BLE_HAL_PVT.o)
                0x000026f4                CyBle_HalInit
 .text.CYBLE_BlessStart
                0x00002714       0x14 .\CortexM0\ARM_GCC_484\Debug\Health Thermometer.a(BLE_HAL_PVT.o)
                0x00002714                CYBLE_BlessStart
 .text.BLE_bless_isr_StartEx
                0x00002728       0x24 .\CortexM0\ARM_GCC_484\Debug\Health Thermometer.a(BLE_bless_isr.o)
                0x00002728                BLE_bless_isr_StartEx
 .text.BLE_bless_isr_SetVector
                0x0000274c       0x18 .\CortexM0\ARM_GCC_484\Debug\Health Thermometer.a(BLE_bless_isr.o)
                0x0000274c                BLE_bless_isr_SetVector
 .text.BLE_bless_isr_SetPriority
                0x00002764       0x50 .\CortexM0\ARM_GCC_484\Debug\Health Thermometer.a(BLE_bless_isr.o)
                0x00002764                BLE_bless_isr_SetPriority
 .text.BLE_bless_isr_Enable
                0x000027b4       0x14 .\CortexM0\ARM_GCC_484\Debug\Health Thermometer.a(BLE_bless_isr.o)
                0x000027b4                BLE_bless_isr_Enable
 .text.BLE_bless_isr_Disable
                0x000027c8       0x14 .\CortexM0\ARM_GCC_484\Debug\Health Thermometer.a(BLE_bless_isr.o)
                0x000027c8                BLE_bless_isr_Disable
 .text.CyBLE_Bless_Interrupt
                0x000027dc        0xc .\CortexM0\ARM_GCC_484\Debug\Health Thermometer.a(BLE_HAL_INT.o)
                0x000027dc                CyBLE_Bless_Interrupt
 .text          0x000027e8       0x9c c:/program files (x86)/cypress/psoc creator/3.1/psoc creator/import/gnu_cs/arm/4.8.4/bin/../lib/gcc/arm-none-eabi/4.8.4/armv6-m\libgcc.a(_udivsi3.o)
                0x000027e8                __aeabi_uidiv
                0x000027e8                __udivsi3
                0x00002870                __aeabi_uidivmod
 .text          0x00002884       0xc0 c:/program files (x86)/cypress/psoc creator/3.1/psoc creator/import/gnu_cs/arm/4.8.4/bin/../lib/gcc/arm-none-eabi/4.8.4/armv6-m\libgcc.a(_divsi3.o)
                0x00002884                __divsi3
                0x00002884                __aeabi_idiv
                0x00002930                __aeabi_idivmod
 .text          0x00002944        0x4 c:/program files (x86)/cypress/psoc creator/3.1/psoc creator/import/gnu_cs/arm/4.8.4/bin/../lib/gcc/arm-none-eabi/4.8.4/armv6-m\libgcc.a(_dvmd_tls.o)
                0x00002944                __aeabi_idiv0
                0x00002944                __aeabi_ldiv0
 .text.__libc_init_array
                0x00002948       0x4c c:/program files (x86)/cypress/psoc creator/3.1/psoc creator/import/gnu_cs/arm/4.8.4/bin/../lib/gcc/arm-none-eabi/4.8.4/../../../../arm-none-eabi/lib/armv6-m\libg_s.a(lib_a-init.o)
                0x00002948                __libc_init_array
 .text.memcmp   0x00002994       0x1e c:/program files (x86)/cypress/psoc creator/3.1/psoc creator/import/gnu_cs/arm/4.8.4/bin/../lib/gcc/arm-none-eabi/4.8.4/../../../../arm-none-eabi/lib/armv6-m\libg_s.a(lib_a-memcmp.o)
                0x00002994                memcmp
 .text.memcpy   0x000029b2       0x12 c:/program files (x86)/cypress/psoc creator/3.1/psoc creator/import/gnu_cs/arm/4.8.4/bin/../lib/gcc/arm-none-eabi/4.8.4/../../../../arm-none-eabi/lib/armv6-m\libg_s.a(lib_a-memcpy-stub.o)
                0x000029b2                memcpy
 .text.memset   0x000029c4       0x10 c:/program files (x86)/cypress/psoc creator/3.1/psoc creator/import/gnu_cs/arm/4.8.4/bin/../lib/gcc/arm-none-eabi/4.8.4/../../../../arm-none-eabi/lib/armv6-m\libg_s.a(lib_a-memset.o)
                0x000029c4                memset
 *(.plt)
 *(.gnu.warning)
 *(.glue_7t)
 .glue_7t       0x00000000        0x0 linker stubs
 *(.glue_7)
 .glue_7        0x00000000        0x0 linker stubs
 *(.vfp11_veneer)
 .vfp11_veneer  0x00000000        0x0 linker stubs
 *(.bootloader)
 *(.ARM.extab* .gnu.linkonce.armextab.*)
 *(.gcc_except_table)

.v4_bx          0x000029d4        0x0
 .v4_bx         0x00000000        0x0 linker stubs

.iplt           0x000029d4        0x0
 .iplt          0x00000000        0x0 c:/program files (x86)/cypress/psoc creator/3.1/psoc creator/import/gnu_cs/arm/4.8.4/bin/../lib/gcc/arm-none-eabi/4.8.4/armv6-m/crtbegin.o

i.CyBle_EnterLPM
                0x000029d4        0x8
 i.CyBle_EnterLPM
                0x000029d4        0x8 C:\Program Files (x86)\Cypress\PSoC Creator\3.1\PSoC Creator\psoc\content\cycomponentlibrary\CyComponentLibrary.cylib\BLE_v1_20\Library\gccCyBLEStack_BLE_SOC_PERIPHERAL.a(CyBle.o)
                0x000029d4                CyBle_EnterLPM

i.CyBle_ExitLPM
                0x000029dc        0x8
 i.CyBle_ExitLPM
                0x000029dc        0x8 C:\Program Files (x86)\Cypress\PSoC Creator\3.1\PSoC Creator\psoc\content\cycomponentlibrary\CyComponentLibrary.cylib\BLE_v1_20\Library\gccCyBLEStack_BLE_SOC_PERIPHERAL.a(CyBle.o)
                0x000029dc                CyBle_ExitLPM

i.CyBle_ProcessEvents
                0x000029e4        0x8
 i.CyBle_ProcessEvents
                0x000029e4        0x8 C:\Program Files (x86)\Cypress\PSoC Creator\3.1\PSoC Creator\psoc\content\cycomponentlibrary\CyComponentLibrary.cylib\BLE_v1_20\Library\gccCyBLEStack_BLE_SOC_PERIPHERAL.a(CyBle.o)
                0x000029e4                CyBle_ProcessEvents

i.CyBle_SetDeviceAddress
                0x000029ec       0x24
 i.CyBle_SetDeviceAddress
                0x000029ec       0x24 C:\Program Files (x86)\Cypress\PSoC Creator\3.1\PSoC Creator\psoc\content\cycomponentlibrary\CyComponentLibrary.cylib\BLE_v1_20\Library\gccCyBLEStack_BLE_SOC_PERIPHERAL.a(CyBle.o)
                0x000029ec                CyBle_SetDeviceAddress

i.CyBle_StackInit
                0x00002a10       0x84
 i.CyBle_StackInit
                0x00002a10       0x84 C:\Program Files (x86)\Cypress\PSoC Creator\3.1\PSoC Creator\psoc\content\cycomponentlibrary\CyComponentLibrary.cylib\BLE_v1_20\Library\gccCyBLEStack_BLE_SOC_PERIPHERAL.a(CyBle.o)
                0x00002a10                CyBle_StackInit

i.CyBleStackMgr_BleGetConfigData
                0x00002a94        0x4
 i.CyBleStackMgr_BleGetConfigData
                0x00002a94        0x4 C:\Program Files (x86)\Cypress\PSoC Creator\3.1\PSoC Creator\psoc\content\cycomponentlibrary\CyComponentLibrary.cylib\BLE_v1_20\Library\gccCyBLEStack_BLE_SOC_PERIPHERAL.a(CyBleStackMgrIP_Interface.o)
                0x00002a94                CyBleStackMgr_BleGetConfigData

i.CyBleStackMgr_BleSetConfigData
                0x00002a98        0x4
 i.CyBleStackMgr_BleSetConfigData
                0x00002a98        0x4 C:\Program Files (x86)\Cypress\PSoC Creator\3.1\PSoC Creator\psoc\content\cycomponentlibrary\CyComponentLibrary.cylib\BLE_v1_20\Library\gccCyBLEStack_BLE_SOC_PERIPHERAL.a(CyBleStackMgrIP_Interface.o)
                0x00002a98                CyBleStackMgr_BleSetConfigData

i.CyBleStackMgr_Init
                0x00002a9c      0x104
 i.CyBleStackMgr_Init
                0x00002a9c      0x104 C:\Program Files (x86)\Cypress\PSoC Creator\3.1\PSoC Creator\psoc\content\cycomponentlibrary\CyComponentLibrary.cylib\BLE_v1_20\Library\gccCyBLEStack_BLE_SOC_PERIPHERAL.a(CyBleStackMgrIP_Interface.o)
                0x00002a9c                CyBleStackMgr_Init

i.CyBleStackMgr_ProcessBleEvents
                0x00002ba0       0x14
 i.CyBleStackMgr_ProcessBleEvents
                0x00002ba0       0x14 C:\Program Files (x86)\Cypress\PSoC Creator\3.1\PSoC Creator\psoc\content\cycomponentlibrary\CyComponentLibrary.cylib\BLE_v1_20\Library\gccCyBLEStack_BLE_SOC_PERIPHERAL.a(CyBleStackMgrIP_Interface.o)
                0x00002ba0                CyBleStackMgr_ProcessBleEvents

i.ble_stack_idle_task_callback
                0x00002bb4        0x2
 i.ble_stack_idle_task_callback
                0x00002bb4        0x2 C:\Program Files (x86)\Cypress\PSoC Creator\3.1\PSoC Creator\psoc\content\cycomponentlibrary\CyComponentLibrary.cylib\BLE_v1_20\Library\gccCyBLEStack_BLE_SOC_PERIPHERAL.a(CyBleStackMgrIP_Interface.o)
                0x00002bb4                ble_stack_idle_task_callback

i.BT_OSFreeBuf  0x00002bb8       0x18
 i.BT_OSFreeBuf
                0x00002bb8       0x18 C:\Program Files (x86)\Cypress\PSoC Creator\3.1\PSoC Creator\psoc\content\cycomponentlibrary\CyComponentLibrary.cylib\BLE_v1_20\Library\gccCyBLEStack_BLE_SOC_PERIPHERAL.a(BT_os.o)
                0x00002bb8                BT_OSFreeBuf

i.BT_OSGetBuF   0x00002bd0       0x1c
 i.BT_OSGetBuF  0x00002bd0       0x1c C:\Program Files (x86)\Cypress\PSoC Creator\3.1\PSoC Creator\psoc\content\cycomponentlibrary\CyComponentLibrary.cylib\BLE_v1_20\Library\gccCyBLEStack_BLE_SOC_PERIPHERAL.a(BT_os.o)
                0x00002bd0                BT_OSGetBuF

i.BT_OSMemCreate
                0x00002bec       0x1c
 i.BT_OSMemCreate
                0x00002bec       0x1c C:\Program Files (x86)\Cypress\PSoC Creator\3.1\PSoC Creator\psoc\content\cycomponentlibrary\CyComponentLibrary.cylib\BLE_v1_20\Library\gccCyBLEStack_BLE_SOC_PERIPHERAL.a(BT_os.o)
                0x00002bec                BT_OSMemCreate

i.BT_alloc_mem_ext
                0x00002c08       0x34
 i.BT_alloc_mem_ext
                0x00002c08       0x34 C:\Program Files (x86)\Cypress\PSoC Creator\3.1\PSoC Creator\psoc\content\cycomponentlibrary\CyComponentLibrary.cylib\BLE_v1_20\Library\gccCyBLEStack_BLE_SOC_PERIPHERAL.a(BT_os.o)
                0x00002c08                BT_alloc_mem_ext

i.BT_free_mem   0x00002c3c        0xc
 i.BT_free_mem  0x00002c3c        0xc C:\Program Files (x86)\Cypress\PSoC Creator\3.1\PSoC Creator\psoc\content\cycomponentlibrary\CyComponentLibrary.cylib\BLE_v1_20\Library\gccCyBLEStack_BLE_SOC_PERIPHERAL.a(BT_os.o)
                0x00002c3c                BT_free_mem

i.bt_stack_init_os
                0x00002c48       0x34
 i.bt_stack_init_os
                0x00002c48       0x34 C:\Program Files (x86)\Cypress\PSoC Creator\3.1\PSoC Creator\psoc\content\cycomponentlibrary\CyComponentLibrary.cylib\BLE_v1_20\Library\gccCyBLEStack_BLE_SOC_PERIPHERAL.a(BT_os.o)
                0x00002c48                bt_stack_init_os

i.CyBle_CheckBleStackTaskStatus
                0x00002c7c        0x4
 i.CyBle_CheckBleStackTaskStatus
                0x00002c7c        0x4 C:\Program Files (x86)\Cypress\PSoC Creator\3.1\PSoC Creator\psoc\content\cycomponentlibrary\CyComponentLibrary.cylib\BLE_v1_20\Library\gccCyBLEStack_BLE_SOC_PERIPHERAL.a(CyBleStackMgr_StackTaskHandler.o)
                0x00002c7c                CyBle_CheckBleStackTaskStatus

i.CyBle_CreateBleStackTask
                0x00002c80       0x2c
 i.CyBle_CreateBleStackTask
                0x00002c80       0x2c C:\Program Files (x86)\Cypress\PSoC Creator\3.1\PSoC Creator\psoc\content\cycomponentlibrary\CyComponentLibrary.cylib\BLE_v1_20\Library\gccCyBLEStack_BLE_SOC_PERIPHERAL.a(CyBleStackMgr_StackTaskHandler.o)
                0x00002c80                CyBle_CreateBleStackTask

i.CyBle_SignalBleStackTask
                0x00002cac       0x50
 i.CyBle_SignalBleStackTask
                0x00002cac       0x50 C:\Program Files (x86)\Cypress\PSoC Creator\3.1\PSoC Creator\psoc\content\cycomponentlibrary\CyComponentLibrary.cylib\BLE_v1_20\Library\gccCyBLEStack_BLE_SOC_PERIPHERAL.a(CyBleStackMgr_StackTaskHandler.o)
                0x00002cac                CyBle_SignalBleStackTask

i.CyBle_StackTaskHandler
                0x00002cfc       0x5c
 i.CyBle_StackTaskHandler
                0x00002cfc       0x5c C:\Program Files (x86)\Cypress\PSoC Creator\3.1\PSoC Creator\psoc\content\cycomponentlibrary\CyComponentLibrary.cylib\BLE_v1_20\Library\gccCyBLEStack_BLE_SOC_PERIPHERAL.a(CyBleStackMgr_StackTaskHandler.o)
                0x00002cfc                CyBle_StackTaskHandler

i.__ARM_common_switch8
                0x00002d58       0x1a
 i.__ARM_common_switch8
                0x00002d58       0x1a C:\Program Files (x86)\Cypress\PSoC Creator\3.1\PSoC Creator\psoc\content\cycomponentlibrary\CyComponentLibrary.cylib\BLE_v1_20\Library\gccCyBLEStack_BLE_SOC_PERIPHERAL.a(CyBleStackMgr_StackTaskHandler.o)
                0x00002d58                __ARM_common_switch8

i.hci_soft_transport_notify_data_received
                0x00002d74        0xc
 i.hci_soft_transport_notify_data_received
                0x00002d74        0xc C:\Program Files (x86)\Cypress\PSoC Creator\3.1\PSoC Creator\psoc\content\cycomponentlibrary\CyComponentLibrary.cylib\BLE_v1_20\Library\gccCyBLEStack_BLE_SOC_PERIPHERAL.a(transport_sf.o)
                0x00002d74                hci_soft_transport_notify_data_received

i.hci_soft_transport_rx_data
                0x00002d80       0x40
 i.hci_soft_transport_rx_data
                0x00002d80       0x40 C:\Program Files (x86)\Cypress\PSoC Creator\3.1\PSoC Creator\psoc\content\cycomponentlibrary\CyComponentLibrary.cylib\BLE_v1_20\Library\gccCyBLEStack_BLE_SOC_PERIPHERAL.a(transport_sf.o)
                0x00002d80                hci_soft_transport_rx_data

i.hci_transport_bt_init
                0x00002dc0        0x2
 i.hci_transport_bt_init
                0x00002dc0        0x2 C:\Program Files (x86)\Cypress\PSoC Creator\3.1\PSoC Creator\psoc\content\cycomponentlibrary\CyComponentLibrary.cylib\BLE_v1_20\Library\gccCyBLEStack_BLE_SOC_PERIPHERAL.a(transport_sf.o)
                0x00002dc0                hci_transport_bt_init

i.hci_transport_init
                0x00002dc4       0x10
 i.hci_transport_init
                0x00002dc4       0x10 C:\Program Files (x86)\Cypress\PSoC Creator\3.1\PSoC Creator\psoc\content\cycomponentlibrary\CyComponentLibrary.cylib\BLE_v1_20\Library\gccCyBLEStack_BLE_SOC_PERIPHERAL.a(transport_sf.o)
                0x00002dc4                hci_transport_init

i.hci_transport_write_data
                0x00002dd4       0xd4
 i.hci_transport_write_data
                0x00002dd4       0xd4 C:\Program Files (x86)\Cypress\PSoC Creator\3.1\PSoC Creator\psoc\content\cycomponentlibrary\CyComponentLibrary.cylib\BLE_v1_20\Library\gccCyBLEStack_BLE_SOC_PERIPHERAL.a(transport_sf.o)
                0x00002dd4                hci_transport_write_data

i.pf_hci_soft_transport_write
                0x00002ea8       0x44
 i.pf_hci_soft_transport_write
                0x00002ea8       0x44 C:\Program Files (x86)\Cypress\PSoC Creator\3.1\PSoC Creator\psoc\content\cycomponentlibrary\CyComponentLibrary.cylib\BLE_v1_20\Library\gccCyBLEStack_BLE_SOC_PERIPHERAL.a(transport_sf.o)
                0x00002ea8                pf_hci_soft_transport_write

i.pf_soft_hci_transport_init
                0x00002eec        0xc
 i.pf_soft_hci_transport_init
                0x00002eec        0xc C:\Program Files (x86)\Cypress\PSoC Creator\3.1\PSoC Creator\psoc\content\cycomponentlibrary\CyComponentLibrary.cylib\BLE_v1_20\Library\gccCyBLEStack_BLE_SOC_PERIPHERAL.a(transport_sf.o)
                0x00002eec                pf_soft_hci_transport_init

i.CyBleStackMgr_GetTime
                0x00002ef8       0x14
 i.CyBleStackMgr_GetTime
                0x00002ef8       0x14 C:\Program Files (x86)\Cypress\PSoC Creator\3.1\PSoC Creator\psoc\content\cycomponentlibrary\CyComponentLibrary.cylib\BLE_v1_20\Library\gccCyBLEStack_BLE_SOC_PERIPHERAL.a(CyBleStackMgr_PSoCHal.o)
                0x00002ef8                CyBleStackMgr_GetTime

i.CyBleStackMgr_HalInit
                0x00002f0c       0x24
 i.CyBleStackMgr_HalInit
                0x00002f0c       0x24 C:\Program Files (x86)\Cypress\PSoC Creator\3.1\PSoC Creator\psoc\content\cycomponentlibrary\CyComponentLibrary.cylib\BLE_v1_20\Library\gccCyBLEStack_BLE_SOC_PERIPHERAL.a(CyBleStackMgr_PSoCHal.o)
                0x00002f0c                CyBleStackMgr_HalInit

i.CyBleStackMgr_HalIntrEnable
                0x00002f30        0x8
 i.CyBleStackMgr_HalIntrEnable
                0x00002f30        0x8 C:\Program Files (x86)\Cypress\PSoC Creator\3.1\PSoC Creator\psoc\content\cycomponentlibrary\CyComponentLibrary.cylib\BLE_v1_20\Library\gccCyBLEStack_BLE_SOC_PERIPHERAL.a(CyBleStackMgr_PSoCHal.o)
                0x00002f30                CyBleStackMgr_HalIntrEnable

i.CyBleStackMgr_HandleLinkLayerTick
                0x00002f38       0x5c
 i.CyBleStackMgr_HandleLinkLayerTick
                0x00002f38       0x5c C:\Program Files (x86)\Cypress\PSoC Creator\3.1\PSoC Creator\psoc\content\cycomponentlibrary\CyComponentLibrary.cylib\BLE_v1_20\Library\gccCyBLEStack_BLE_SOC_PERIPHERAL.a(CyBleStackMgr_PSoCHal.o)
                0x00002f38                CyBleStackMgr_HandleLinkLayerTick

i.CyBleStackMgr_HciPortInit
                0x00002f94        0xc
 i.CyBleStackMgr_HciPortInit
                0x00002f94        0xc C:\Program Files (x86)\Cypress\PSoC Creator\3.1\PSoC Creator\psoc\content\cycomponentlibrary\CyComponentLibrary.cylib\BLE_v1_20\Library\gccCyBLEStack_BLE_SOC_PERIPHERAL.a(CyBleStackMgr_PSoCHal.o)
                0x00002f94                CyBleStackMgr_HciPortInit

i.CyBleStackMgr_HciPortReset
                0x00002fa0        0x2
 i.CyBleStackMgr_HciPortReset
                0x00002fa0        0x2 C:\Program Files (x86)\Cypress\PSoC Creator\3.1\PSoC Creator\psoc\content\cycomponentlibrary\CyComponentLibrary.cylib\BLE_v1_20\Library\gccCyBLEStack_BLE_SOC_PERIPHERAL.a(CyBleStackMgr_PSoCHal.o)
                0x00002fa0                CyBleStackMgr_HciPortReset

i.CyBleStackMgr_HciPortWrite
                0x00002fa2        0x8
 i.CyBleStackMgr_HciPortWrite
                0x00002fa2        0x8 C:\Program Files (x86)\Cypress\PSoC Creator\3.1\PSoC Creator\psoc\content\cycomponentlibrary\CyComponentLibrary.cylib\BLE_v1_20\Library\gccCyBLEStack_BLE_SOC_PERIPHERAL.a(CyBleStackMgr_PSoCHal.o)
                0x00002fa2                CyBleStackMgr_HciPortWrite

i.CyBleStackMgr_ResetLinkLayerTimerEntity
                0x00002fac       0x14
 i.CyBleStackMgr_ResetLinkLayerTimerEntity
                0x00002fac       0x14 C:\Program Files (x86)\Cypress\PSoC Creator\3.1\PSoC Creator\psoc\content\cycomponentlibrary\CyComponentLibrary.cylib\BLE_v1_20\Library\gccCyBLEStack_BLE_SOC_PERIPHERAL.a(CyBleStackMgr_PSoCHal.o)
                0x00002fac                CyBleStackMgr_ResetLinkLayerTimerEntity

i.CyBleStackMgr_TimerStart
                0x00002fc0       0x2c
 i.CyBleStackMgr_TimerStart
                0x00002fc0       0x2c C:\Program Files (x86)\Cypress\PSoC Creator\3.1\PSoC Creator\psoc\content\cycomponentlibrary\CyComponentLibrary.cylib\BLE_v1_20\Library\gccCyBLEStack_BLE_SOC_PERIPHERAL.a(CyBleStackMgr_PSoCHal.o)
                0x00002fc0                CyBleStackMgr_TimerStart

i.CyBleStackMgr_TimerStop
                0x00002fec       0x18
 i.CyBleStackMgr_TimerStop
                0x00002fec       0x18 C:\Program Files (x86)\Cypress\PSoC Creator\3.1\PSoC Creator\psoc\content\cycomponentlibrary\CyComponentLibrary.cylib\BLE_v1_20\Library\gccCyBLEStack_BLE_SOC_PERIPHERAL.a(CyBleStackMgr_PSoCHal.o)
                0x00002fec                CyBleStackMgr_TimerStop

i.CyBleStackMgr_isTimerRunning
                0x00003004       0x10
 i.CyBleStackMgr_isTimerRunning
                0x00003004       0x10 C:\Program Files (x86)\Cypress\PSoC Creator\3.1\PSoC Creator\psoc\content\cycomponentlibrary\CyComponentLibrary.cylib\BLE_v1_20\Library\gccCyBLEStack_BLE_SOC_PERIPHERAL.a(CyBleStackMgr_PSoCHal.o)
                0x00003004                CyBleStackMgr_isTimerRunning

i.CyBleAtlantisRadioInit
                0x00003014      0x1ac
 i.CyBleAtlantisRadioInit
                0x00003014      0x1ac C:\Program Files (x86)\Cypress\PSoC Creator\3.1\PSoC Creator\psoc\content\cycomponentlibrary\CyComponentLibrary.cylib\BLE_v1_20\Library\gccCyBLEStack_BLE_SOC_PERIPHERAL.a(CyBleStackMgr_BleSSDriver.o)

i.CyBleStackMgr_BleSSFifoRead
                0x000031c0       0x38
 i.CyBleStackMgr_BleSSFifoRead
                0x000031c0       0x38 C:\Program Files (x86)\Cypress\PSoC Creator\3.1\PSoC Creator\psoc\content\cycomponentlibrary\CyComponentLibrary.cylib\BLE_v1_20\Library\gccCyBLEStack_BLE_SOC_PERIPHERAL.a(CyBleStackMgr_BleSSDriver.o)
                0x000031c0                CyBleStackMgr_BleSSFifoRead

i.CyBleStackMgr_BleSSFifoWrite
                0x000031f8       0x30
 i.CyBleStackMgr_BleSSFifoWrite
                0x000031f8       0x30 C:\Program Files (x86)\Cypress\PSoC Creator\3.1\PSoC Creator\psoc\content\cycomponentlibrary\CyComponentLibrary.cylib\BLE_v1_20\Library\gccCyBLEStack_BLE_SOC_PERIPHERAL.a(CyBleStackMgr_BleSSDriver.o)
                0x000031f8                CyBleStackMgr_BleSSFifoWrite

i.CyBleStackMgr_BleSSInit
                0x00003228       0x50
 i.CyBleStackMgr_BleSSInit
                0x00003228       0x50 C:\Program Files (x86)\Cypress\PSoC Creator\3.1\PSoC Creator\psoc\content\cycomponentlibrary\CyComponentLibrary.cylib\BLE_v1_20\Library\gccCyBLEStack_BLE_SOC_PERIPHERAL.a(CyBleStackMgr_BleSSDriver.o)
                0x00003228                CyBleStackMgr_BleSSInit

i.CyBleStackMgr_BleSSMemRead
                0x00003278       0x26
 i.CyBleStackMgr_BleSSMemRead
                0x00003278       0x26 C:\Program Files (x86)\Cypress\PSoC Creator\3.1\PSoC Creator\psoc\content\cycomponentlibrary\CyComponentLibrary.cylib\BLE_v1_20\Library\gccCyBLEStack_BLE_SOC_PERIPHERAL.a(CyBleStackMgr_BleSSDriver.o)
                0x00003278                CyBleStackMgr_BleSSMemRead

i.CyBleStackMgr_BleSSMemWrite
                0x000032a0       0x34
 i.CyBleStackMgr_BleSSMemWrite
                0x000032a0       0x34 C:\Program Files (x86)\Cypress\PSoC Creator\3.1\PSoC Creator\psoc\content\cycomponentlibrary\CyComponentLibrary.cylib\BLE_v1_20\Library\gccCyBLEStack_BLE_SOC_PERIPHERAL.a(CyBleStackMgr_BleSSDriver.o)
                0x000032a0                CyBleStackMgr_BleSSMemWrite

i.CyBleStackMgr_BleSSRegRead
                0x000032d4        0xc
 i.CyBleStackMgr_BleSSRegRead
                0x000032d4        0xc C:\Program Files (x86)\Cypress\PSoC Creator\3.1\PSoC Creator\psoc\content\cycomponentlibrary\CyComponentLibrary.cylib\BLE_v1_20\Library\gccCyBLEStack_BLE_SOC_PERIPHERAL.a(CyBleStackMgr_BleSSDriver.o)
                0x000032d4                CyBleStackMgr_BleSSRegRead

i.CyBleStackMgr_BleSSRegWrite
                0x000032e0        0xc
 i.CyBleStackMgr_BleSSRegWrite
                0x000032e0        0xc C:\Program Files (x86)\Cypress\PSoC Creator\3.1\PSoC Creator\psoc\content\cycomponentlibrary\CyComponentLibrary.cylib\BLE_v1_20\Library\gccCyBLEStack_BLE_SOC_PERIPHERAL.a(CyBleStackMgr_BleSSDriver.o)
                0x000032e0                CyBleStackMgr_BleSSRegWrite

i.CyBleStackMgr_BleSSReset
                0x000032ec       0x38
 i.CyBleStackMgr_BleSSReset
                0x000032ec       0x38 C:\Program Files (x86)\Cypress\PSoC Creator\3.1\PSoC Creator\psoc\content\cycomponentlibrary\CyComponentLibrary.cylib\BLE_v1_20\Library\gccCyBLEStack_BLE_SOC_PERIPHERAL.a(CyBleStackMgr_BleSSDriver.o)
                0x000032ec                CyBleStackMgr_BleSSReset

i.CyBleStackMgr_BleSSShutdown
                0x00003324       0x24
 i.CyBleStackMgr_BleSSShutdown
                0x00003324       0x24 C:\Program Files (x86)\Cypress\PSoC Creator\3.1\PSoC Creator\psoc\content\cycomponentlibrary\CyComponentLibrary.cylib\BLE_v1_20\Library\gccCyBLEStack_BLE_SOC_PERIPHERAL.a(CyBleStackMgr_BleSSDriver.o)
                0x00003324                CyBleStackMgr_BleSSShutdown

i.CyBleStackMgr_GenericIface
                0x00003348       0x3c
 i.CyBleStackMgr_GenericIface
                0x00003348       0x3c C:\Program Files (x86)\Cypress\PSoC Creator\3.1\PSoC Creator\psoc\content\cycomponentlibrary\CyComponentLibrary.cylib\BLE_v1_20\Library\gccCyBLEStack_BLE_SOC_PERIPHERAL.a(CyBleStackMgr_BleSSDriver.o)
                0x00003348                CyBleStackMgr_GenericIface

i.CyBleStackMgr_HandleBleSSIntr
                0x00003384       0x90
 i.CyBleStackMgr_HandleBleSSIntr
                0x00003384       0x90 C:\Program Files (x86)\Cypress\PSoC Creator\3.1\PSoC Creator\psoc\content\cycomponentlibrary\CyComponentLibrary.cylib\BLE_v1_20\Library\gccCyBLEStack_BLE_SOC_PERIPHERAL.a(CyBleStackMgr_BleSSDriver.o)
                0x00003384                CyBleStackMgr_HandleBleSSIntr

i.CyBleStackMgr_SetClockParam
                0x00003414       0xb4
 i.CyBleStackMgr_SetClockParam
                0x00003414       0xb4 C:\Program Files (x86)\Cypress\PSoC Creator\3.1\PSoC Creator\psoc\content\cycomponentlibrary\CyComponentLibrary.cylib\BLE_v1_20\Library\gccCyBLEStack_BLE_SOC_PERIPHERAL.a(CyBleStackMgr_BleSSDriver.o)

i.CyBleStackMgr_isXtalCpuClkSource
                0x000034c8       0x18
 i.CyBleStackMgr_isXtalCpuClkSource
                0x000034c8       0x18 C:\Program Files (x86)\Cypress\PSoC Creator\3.1\PSoC Creator\psoc\content\cycomponentlibrary\CyComponentLibrary.cylib\BLE_v1_20\Library\gccCyBLEStack_BLE_SOC_PERIPHERAL.a(CyBleStackMgr_BleSSDriver.o)
                0x000034c8                CyBleStackMgr_isXtalCpuClkSource

i.CyBle_EnterDsmMode
                0x000034e0       0x3c
 i.CyBle_EnterDsmMode
                0x000034e0       0x3c C:\Program Files (x86)\Cypress\PSoC Creator\3.1\PSoC Creator\psoc\content\cycomponentlibrary\CyComponentLibrary.cylib\BLE_v1_20\Library\gccCyBLEStack_BLE_SOC_PERIPHERAL.a(CyBleStackMgr_BleSSDriver.o)
                0x000034e0                CyBle_EnterDsmMode

i.CyBle_ExitDsmMode
                0x0000351c       0x2c
 i.CyBle_ExitDsmMode
                0x0000351c       0x2c C:\Program Files (x86)\Cypress\PSoC Creator\3.1\PSoC Creator\psoc\content\cycomponentlibrary\CyComponentLibrary.cylib\BLE_v1_20\Library\gccCyBLEStack_BLE_SOC_PERIPHERAL.a(CyBleStackMgr_BleSSDriver.o)
                0x0000351c                CyBle_ExitDsmMode

i.CyBle_GetBleSsOperationalMode
                0x00003548        0xc
 i.CyBle_GetBleSsOperationalMode
                0x00003548        0xc C:\Program Files (x86)\Cypress\PSoC Creator\3.1\PSoC Creator\psoc\content\cycomponentlibrary\CyComponentLibrary.cylib\BLE_v1_20\Library\gccCyBLEStack_BLE_SOC_PERIPHERAL.a(CyBleStackMgr_BleSSDriver.o)
                0x00003548                CyBle_GetBleSsOperationalMode

i.CyBle_GetEventCloseState
                0x00003554       0x10
 i.CyBle_GetEventCloseState
                0x00003554       0x10 C:\Program Files (x86)\Cypress\PSoC Creator\3.1\PSoC Creator\psoc\content\cycomponentlibrary\CyComponentLibrary.cylib\BLE_v1_20\Library\gccCyBLEStack_BLE_SOC_PERIPHERAL.a(CyBleStackMgr_BleSSDriver.o)
                0x00003554                CyBle_GetEventCloseState

i.CyBle_GetLpMode
                0x00003564       0x26
 i.CyBle_GetLpMode
                0x00003564       0x26 C:\Program Files (x86)\Cypress\PSoC Creator\3.1\PSoC Creator\psoc\content\cycomponentlibrary\CyComponentLibrary.cylib\BLE_v1_20\Library\gccCyBLEStack_BLE_SOC_PERIPHERAL.a(CyBleStackMgr_BleSSDriver.o)
                0x00003564                CyBle_GetLpMode

i.CyBle_GetTxGainMode
                0x0000358c       0x2c
 i.CyBle_GetTxGainMode
                0x0000358c       0x2c C:\Program Files (x86)\Cypress\PSoC Creator\3.1\PSoC Creator\psoc\content\cycomponentlibrary\CyComponentLibrary.cylib\BLE_v1_20\Library\gccCyBLEStack_BLE_SOC_PERIPHERAL.a(CyBleStackMgr_BleSSDriver.o)
                0x0000358c                CyBle_GetTxGainMode

i.CyBle_SetAutoWakeUp
                0x000035b8        0xc
 i.CyBle_SetAutoWakeUp
                0x000035b8        0xc C:\Program Files (x86)\Cypress\PSoC Creator\3.1\PSoC Creator\psoc\content\cycomponentlibrary\CyComponentLibrary.cylib\BLE_v1_20\Library\gccCyBLEStack_BLE_SOC_PERIPHERAL.a(CyBleStackMgr_BleSSDriver.o)
                0x000035b8                CyBle_SetAutoWakeUp

i.CyBle_SetBleSsOperationalMode
                0x000035c4       0x20
 i.CyBle_SetBleSsOperationalMode
                0x000035c4       0x20 C:\Program Files (x86)\Cypress\PSoC Creator\3.1\PSoC Creator\psoc\content\cycomponentlibrary\CyComponentLibrary.cylib\BLE_v1_20\Library\gccCyBLEStack_BLE_SOC_PERIPHERAL.a(CyBleStackMgr_BleSSDriver.o)
                0x000035c4                CyBle_SetBleSsOperationalMode

i.CyBle_SetEventCloseState
                0x000035e4        0xc
 i.CyBle_SetEventCloseState
                0x000035e4        0xc C:\Program Files (x86)\Cypress\PSoC Creator\3.1\PSoC Creator\psoc\content\cycomponentlibrary\CyComponentLibrary.cylib\BLE_v1_20\Library\gccCyBLEStack_BLE_SOC_PERIPHERAL.a(CyBleStackMgr_BleSSDriver.o)
                0x000035e4                CyBle_SetEventCloseState

i.CyBle_SetRxGainMode
                0x000035f0       0x20
 i.CyBle_SetRxGainMode
                0x000035f0       0x20 C:\Program Files (x86)\Cypress\PSoC Creator\3.1\PSoC Creator\psoc\content\cycomponentlibrary\CyComponentLibrary.cylib\BLE_v1_20\Library\gccCyBLEStack_BLE_SOC_PERIPHERAL.a(CyBleStackMgr_BleSSDriver.o)
                0x000035f0                CyBle_SetRxGainMode

i.CyBle_SetTxGainMode
                0x00003610       0x38
 i.CyBle_SetTxGainMode
                0x00003610       0x38 C:\Program Files (x86)\Cypress\PSoC Creator\3.1\PSoC Creator\psoc\content\cycomponentlibrary\CyComponentLibrary.cylib\BLE_v1_20\Library\gccCyBLEStack_BLE_SOC_PERIPHERAL.a(CyBleStackMgr_BleSSDriver.o)
                0x00003610                CyBle_SetTxGainMode

i.pf_rf_get_abs_rssi
                0x00003648       0x24
 i.pf_rf_get_abs_rssi
                0x00003648       0x24 C:\Program Files (x86)\Cypress\PSoC Creator\3.1\PSoC Creator\psoc\content\cycomponentlibrary\CyComponentLibrary.cylib\BLE_v1_20\Library\gccCyBLEStack_BLE_SOC_PERIPHERAL.a(CyBleStackMgr_BleSSDriver.o)
                0x00003648                pf_rf_get_abs_rssi

i.OS_init       0x0000366c       0x64
 i.OS_init      0x0000366c       0x64 C:\Program Files (x86)\Cypress\PSoC Creator\3.1\PSoC Creator\psoc\content\cycomponentlibrary\CyComponentLibrary.cylib\BLE_v1_20\Library\gccCyBLEStack_BLE_SOC_PERIPHERAL.a(mint_os.o)
                0x0000366c                OS_init

i.mintos_malloc
                0x000036d0       0x34
 i.mintos_malloc
                0x000036d0       0x34 C:\Program Files (x86)\Cypress\PSoC Creator\3.1\PSoC Creator\psoc\content\cycomponentlibrary\CyComponentLibrary.cylib\BLE_v1_20\Library\gccCyBLEStack_BLE_SOC_PERIPHERAL.a(mint_os.o)
                0x000036d0                mintos_malloc

i.OS_create_queue
                0x00003704       0x64
 i.OS_create_queue
                0x00003704       0x64 C:\Program Files (x86)\Cypress\PSoC Creator\3.1\PSoC Creator\psoc\content\cycomponentlibrary\CyComponentLibrary.cylib\BLE_v1_20\Library\gccCyBLEStack_BLE_SOC_PERIPHERAL.a(mint_os_queue.o)
                0x00003704                OS_create_queue

i.OS_enqueue_item
                0x00003768       0x8c
 i.OS_enqueue_item
                0x00003768       0x8c C:\Program Files (x86)\Cypress\PSoC Creator\3.1\PSoC Creator\psoc\content\cycomponentlibrary\CyComponentLibrary.cylib\BLE_v1_20\Library\gccCyBLEStack_BLE_SOC_PERIPHERAL.a(mint_os_queue.o)
                0x00003768                OS_enqueue_item

i.OS_queue_get_num_of_items
                0x000037f4       0x28
 i.OS_queue_get_num_of_items
                0x000037f4       0x28 C:\Program Files (x86)\Cypress\PSoC Creator\3.1\PSoC Creator\psoc\content\cycomponentlibrary\CyComponentLibrary.cylib\BLE_v1_20\Library\gccCyBLEStack_BLE_SOC_PERIPHERAL.a(mint_os_queue.o)
                0x000037f4                OS_queue_get_num_of_items

i.OS_queue_mgmt_init
                0x0000381c       0x40
 i.OS_queue_mgmt_init
                0x0000381c       0x40 C:\Program Files (x86)\Cypress\PSoC Creator\3.1\PSoC Creator\psoc\content\cycomponentlibrary\CyComponentLibrary.cylib\BLE_v1_20\Library\gccCyBLEStack_BLE_SOC_PERIPHERAL.a(mint_os_queue.o)
                0x0000381c                OS_queue_mgmt_init

i.OS_remove_item
                0x0000385c       0xa0
 i.OS_remove_item
                0x0000385c       0xa0 C:\Program Files (x86)\Cypress\PSoC Creator\3.1\PSoC Creator\psoc\content\cycomponentlibrary\CyComponentLibrary.cylib\BLE_v1_20\Library\gccCyBLEStack_BLE_SOC_PERIPHERAL.a(mint_os_queue.o)
                0x0000385c                OS_remove_item

i.OS_create_task
                0x000038fc       0x88
 i.OS_create_task
                0x000038fc       0x88 C:\Program Files (x86)\Cypress\PSoC Creator\3.1\PSoC Creator\psoc\content\cycomponentlibrary\CyComponentLibrary.cylib\BLE_v1_20\Library\gccCyBLEStack_BLE_SOC_PERIPHERAL.a(mint_os_task.o)
                0x000038fc                OS_create_task

i.OS_isr_send_signal_to_task
                0x00003984        0xc
 i.OS_isr_send_signal_to_task
                0x00003984        0xc C:\Program Files (x86)\Cypress\PSoC Creator\3.1\PSoC Creator\psoc\content\cycomponentlibrary\CyComponentLibrary.cylib\BLE_v1_20\Library\gccCyBLEStack_BLE_SOC_PERIPHERAL.a(mint_os_task.o)
                0x00003984                OS_isr_send_signal_to_task

i.OS_scheduler  0x00003990       0x64
 i.OS_scheduler
                0x00003990       0x64 C:\Program Files (x86)\Cypress\PSoC Creator\3.1\PSoC Creator\psoc\content\cycomponentlibrary\CyComponentLibrary.cylib\BLE_v1_20\Library\gccCyBLEStack_BLE_SOC_PERIPHERAL.a(mint_os_task.o)
                0x00003990                OS_scheduler

i.OS_send_signal_to_task
                0x000039f4        0xc
 i.OS_send_signal_to_task
                0x000039f4        0xc C:\Program Files (x86)\Cypress\PSoC Creator\3.1\PSoC Creator\psoc\content\cycomponentlibrary\CyComponentLibrary.cylib\BLE_v1_20\Library\gccCyBLEStack_BLE_SOC_PERIPHERAL.a(mint_os_task.o)
                0x000039f4                OS_send_signal_to_task

i.OS_send_signal_to_task_context
                0x00003a00       0x3c
 i.OS_send_signal_to_task_context
                0x00003a00       0x3c C:\Program Files (x86)\Cypress\PSoC Creator\3.1\PSoC Creator\psoc\content\cycomponentlibrary\CyComponentLibrary.cylib\BLE_v1_20\Library\gccCyBLEStack_BLE_SOC_PERIPHERAL.a(mint_os_task.o)

i.OS_task_mgmt_init
                0x00003a3c       0x50
 i.OS_task_mgmt_init
                0x00003a3c       0x50 C:\Program Files (x86)\Cypress\PSoC Creator\3.1\PSoC Creator\psoc\content\cycomponentlibrary\CyComponentLibrary.cylib\BLE_v1_20\Library\gccCyBLEStack_BLE_SOC_PERIPHERAL.a(mint_os_task.o)
                0x00003a3c                OS_task_mgmt_init

i.mint_buf_mgmt_allocate_buffer
                0x00003a8c       0x4c
 i.mint_buf_mgmt_allocate_buffer
                0x00003a8c       0x4c C:\Program Files (x86)\Cypress\PSoC Creator\3.1\PSoC Creator\psoc\content\cycomponentlibrary\CyComponentLibrary.cylib\BLE_v1_20\Library\gccCyBLEStack_BLE_SOC_PERIPHERAL.a(mint_buf_mgmt.o)
                0x00003a8c                mint_buf_mgmt_allocate_buffer

i.mint_buf_mgmt_create_pool
                0x00003ad8       0xd8
 i.mint_buf_mgmt_create_pool
                0x00003ad8       0xd8 C:\Program Files (x86)\Cypress\PSoC Creator\3.1\PSoC Creator\psoc\content\cycomponentlibrary\CyComponentLibrary.cylib\BLE_v1_20\Library\gccCyBLEStack_BLE_SOC_PERIPHERAL.a(mint_buf_mgmt.o)
                0x00003ad8                mint_buf_mgmt_create_pool

i.mint_buf_mgmt_free_buffer
                0x00003bb0       0xa4
 i.mint_buf_mgmt_free_buffer
                0x00003bb0       0xa4 C:\Program Files (x86)\Cypress\PSoC Creator\3.1\PSoC Creator\psoc\content\cycomponentlibrary\CyComponentLibrary.cylib\BLE_v1_20\Library\gccCyBLEStack_BLE_SOC_PERIPHERAL.a(mint_buf_mgmt.o)
                0x00003bb0                mint_buf_mgmt_free_buffer

i.mint_buf_mgmt_get_free_heap
                0x00003c54       0x1c
 i.mint_buf_mgmt_get_free_heap
                0x00003c54       0x1c C:\Program Files (x86)\Cypress\PSoC Creator\3.1\PSoC Creator\psoc\content\cycomponentlibrary\CyComponentLibrary.cylib\BLE_v1_20\Library\gccCyBLEStack_BLE_SOC_PERIPHERAL.a(mint_buf_mgmt.o)
                0x00003c54                mint_buf_mgmt_get_free_heap

i.mint_buf_mgmt_init
                0x00003c70       0x44
 i.mint_buf_mgmt_init
                0x00003c70       0x44 C:\Program Files (x86)\Cypress\PSoC Creator\3.1\PSoC Creator\psoc\content\cycomponentlibrary\CyComponentLibrary.cylib\BLE_v1_20\Library\gccCyBLEStack_BLE_SOC_PERIPHERAL.a(mint_buf_mgmt.o)
                0x00003c70                mint_buf_mgmt_init

i.mint_buf_mgmt_malloc
                0x00003cb4       0x2c
 i.mint_buf_mgmt_malloc
                0x00003cb4       0x2c C:\Program Files (x86)\Cypress\PSoC Creator\3.1\PSoC Creator\psoc\content\cycomponentlibrary\CyComponentLibrary.cylib\BLE_v1_20\Library\gccCyBLEStack_BLE_SOC_PERIPHERAL.a(mint_buf_mgmt.o)
                0x00003cb4                mint_buf_mgmt_malloc

i.mint_buf_mgmt_reset_pool
                0x00003ce0       0x70
 i.mint_buf_mgmt_reset_pool
                0x00003ce0       0x70 C:\Program Files (x86)\Cypress\PSoC Creator\3.1\PSoC Creator\psoc\content\cycomponentlibrary\CyComponentLibrary.cylib\BLE_v1_20\Library\gccCyBLEStack_BLE_SOC_PERIPHERAL.a(mint_buf_mgmt.o)
                0x00003ce0                mint_buf_mgmt_reset_pool

i.mint_buf_mgmt_stack_init
                0x00003d50       0x24
 i.mint_buf_mgmt_stack_init
                0x00003d50       0x24 C:\Program Files (x86)\Cypress\PSoC Creator\3.1\PSoC Creator\psoc\content\cycomponentlibrary\CyComponentLibrary.cylib\BLE_v1_20\Library\gccCyBLEStack_BLE_SOC_PERIPHERAL.a(mint_buf_mgmt.o)
                0x00003d50                mint_buf_mgmt_stack_init

i.mint_buf_mgmt_stack_pop
                0x00003d74       0x36
 i.mint_buf_mgmt_stack_pop
                0x00003d74       0x36 C:\Program Files (x86)\Cypress\PSoC Creator\3.1\PSoC Creator\psoc\content\cycomponentlibrary\CyComponentLibrary.cylib\BLE_v1_20\Library\gccCyBLEStack_BLE_SOC_PERIPHERAL.a(mint_buf_mgmt.o)
                0x00003d74                mint_buf_mgmt_stack_pop

i.mint_buf_mgmt_stack_push
                0x00003daa       0x36
 i.mint_buf_mgmt_stack_push
                0x00003daa       0x36 C:\Program Files (x86)\Cypress\PSoC Creator\3.1\PSoC Creator\psoc\content\cycomponentlibrary\CyComponentLibrary.cylib\BLE_v1_20\Library\gccCyBLEStack_BLE_SOC_PERIPHERAL.a(mint_buf_mgmt.o)
                0x00003daa                mint_buf_mgmt_stack_push

i.mint_buf_mgmt_stack_reset
                0x00003de0       0x1e
 i.mint_buf_mgmt_stack_reset
                0x00003de0       0x1e C:\Program Files (x86)\Cypress\PSoC Creator\3.1\PSoC Creator\psoc\content\cycomponentlibrary\CyComponentLibrary.cylib\BLE_v1_20\Library\gccCyBLEStack_BLE_SOC_PERIPHERAL.a(mint_buf_mgmt.o)
                0x00003de0                mint_buf_mgmt_stack_reset

i.mint_buf_mgmt_stack_search_item
                0x00003dfe       0x30
 i.mint_buf_mgmt_stack_search_item
                0x00003dfe       0x30 C:\Program Files (x86)\Cypress\PSoC Creator\3.1\PSoC Creator\psoc\content\cycomponentlibrary\CyComponentLibrary.cylib\BLE_v1_20\Library\gccCyBLEStack_BLE_SOC_PERIPHERAL.a(mint_buf_mgmt.o)
                0x00003dfe                mint_buf_mgmt_stack_search_item

i.mint_buf_mgmt_pl_init
                0x00003e30       0x2c
 i.mint_buf_mgmt_pl_init
                0x00003e30       0x2c C:\Program Files (x86)\Cypress\PSoC Creator\3.1\PSoC Creator\psoc\content\cycomponentlibrary\CyComponentLibrary.cylib\BLE_v1_20\Library\gccCyBLEStack_BLE_SOC_PERIPHERAL.a(mint_buf_mgmt_pl.o)
                0x00003e30                mint_buf_mgmt_pl_init

i.CyBleControllerIP_GetPingState
                0x00003e5c        0xc
 i.CyBleControllerIP_GetPingState
                0x00003e5c        0xc C:\Program Files (x86)\Cypress\PSoC Creator\3.1\PSoC Creator\psoc\content\cycomponentlibrary\CyComponentLibrary.cylib\BLE_v1_20\Library\gccCyBLEStack_BLE_SOC_PERIPHERAL.a(CyBleControllerIP_Interface.o)
                0x00003e5c                CyBleControllerIP_GetPingState

i.CyBleController_AddDeviceToWhiteList
                0x00003e68       0x40
 i.CyBleController_AddDeviceToWhiteList
                0x00003e68       0x40 C:\Program Files (x86)\Cypress\PSoC Creator\3.1\PSoC Creator\psoc\content\cycomponentlibrary\CyComponentLibrary.cylib\BLE_v1_20\Library\gccCyBLEStack_BLE_SOC_PERIPHERAL.a(CyBleControllerIP_Interface.o)
                0x00003e68                CyBleController_AddDeviceToWhiteList

i.CyBleController_EnterLowPowerMode
                0x00003ea8       0x2c
 i.CyBleController_EnterLowPowerMode
                0x00003ea8       0x2c C:\Program Files (x86)\Cypress\PSoC Creator\3.1\PSoC Creator\psoc\content\cycomponentlibrary\CyComponentLibrary.cylib\BLE_v1_20\Library\gccCyBLEStack_BLE_SOC_PERIPHERAL.a(CyBleControllerIP_Interface.o)
                0x00003ea8                CyBleController_EnterLowPowerMode

i.CyBleController_ExitLowPowerMode
                0x00003ed4       0x10
 i.CyBleController_ExitLowPowerMode
                0x00003ed4       0x10 C:\Program Files (x86)\Cypress\PSoC Creator\3.1\PSoC Creator\psoc\content\cycomponentlibrary\CyComponentLibrary.cylib\BLE_v1_20\Library\gccCyBLEStack_BLE_SOC_PERIPHERAL.a(CyBleControllerIP_Interface.o)
                0x00003ed4                CyBleController_ExitLowPowerMode

i.CyBleController_Init
                0x00003ee4       0x3c
 i.CyBleController_Init
                0x00003ee4       0x3c C:\Program Files (x86)\Cypress\PSoC Creator\3.1\PSoC Creator\psoc\content\cycomponentlibrary\CyComponentLibrary.cylib\BLE_v1_20\Library\gccCyBLEStack_BLE_SOC_PERIPHERAL.a(CyBleControllerIP_Interface.o)
                0x00003ee4                CyBleController_Init

i.CyBleController_SetDeviceAddress
                0x00003f20       0x2e
 i.CyBleController_SetDeviceAddress
                0x00003f20       0x2e C:\Program Files (x86)\Cypress\PSoC Creator\3.1\PSoC Creator\psoc\content\cycomponentlibrary\CyComponentLibrary.cylib\BLE_v1_20\Library\gccCyBLEStack_BLE_SOC_PERIPHERAL.a(CyBleControllerIP_Interface.o)
                0x00003f20                CyBleController_SetDeviceAddress

i.CyBle_GetBleSsState
                0x00003f4e       0x10
 i.CyBle_GetBleSsState
                0x00003f4e       0x10 C:\Program Files (x86)\Cypress\PSoC Creator\3.1\PSoC Creator\psoc\content\cycomponentlibrary\CyComponentLibrary.cylib\BLE_v1_20\Library\gccCyBLEStack_BLE_SOC_PERIPHERAL.a(CyBleControllerIP_Interface.o)
                0x00003f4e                CyBle_GetBleSsState

i.CyBle_GetTxPowerLevel
                0x00003f5e       0x4e
 i.CyBle_GetTxPowerLevel
                0x00003f5e       0x4e C:\Program Files (x86)\Cypress\PSoC Creator\3.1\PSoC Creator\psoc\content\cycomponentlibrary\CyComponentLibrary.cylib\BLE_v1_20\Library\gccCyBLEStack_BLE_SOC_PERIPHERAL.a(CyBleControllerIP_Interface.o)
                0x00003f5e                CyBle_GetTxPowerLevel

i.CyBle_SetTxPowerLevel
                0x00003fac       0x56
 i.CyBle_SetTxPowerLevel
                0x00003fac       0x56 C:\Program Files (x86)\Cypress\PSoC Creator\3.1\PSoC Creator\psoc\content\cycomponentlibrary\CyComponentLibrary.cylib\BLE_v1_20\Library\gccCyBLEStack_BLE_SOC_PERIPHERAL.a(CyBleControllerIP_Interface.o)
                0x00003fac                CyBle_SetTxPowerLevel

i.ll_check_and_mark_packet_ready_for_transmission
                0x00004004       0x28
 i.ll_check_and_mark_packet_ready_for_transmission
                0x00004004       0x28 C:\Program Files (x86)\Cypress\PSoC Creator\3.1\PSoC Creator\psoc\content\cycomponentlibrary\CyComponentLibrary.cylib\BLE_v1_20\Library\gccCyBLEStack_BLE_SOC_PERIPHERAL.a(ll.o)
                0x00004004                ll_check_and_mark_packet_ready_for_transmission

i.ll_cleanup_pending_data_pdu
                0x0000402c       0x38
 i.ll_cleanup_pending_data_pdu
                0x0000402c       0x38 C:\Program Files (x86)\Cypress\PSoC Creator\3.1\PSoC Creator\psoc\content\cycomponentlibrary\CyComponentLibrary.cylib\BLE_v1_20\Library\gccCyBLEStack_BLE_SOC_PERIPHERAL.a(ll.o)
                0x0000402c                ll_cleanup_pending_data_pdu

i.ll_enter_dsm_mode
                0x00004064      0x1a4
 i.ll_enter_dsm_mode
                0x00004064      0x1a4 C:\Program Files (x86)\Cypress\PSoC Creator\3.1\PSoC Creator\psoc\content\cycomponentlibrary\CyComponentLibrary.cylib\BLE_v1_20\Library\gccCyBLEStack_BLE_SOC_PERIPHERAL.a(ll.o)
                0x00004064                ll_enter_dsm_mode

i.ll_enter_hibernate_mode
                0x00004208       0x28
 i.ll_enter_hibernate_mode
                0x00004208       0x28 C:\Program Files (x86)\Cypress\PSoC Creator\3.1\PSoC Creator\psoc\content\cycomponentlibrary\CyComponentLibrary.cylib\BLE_v1_20\Library\gccCyBLEStack_BLE_SOC_PERIPHERAL.a(ll.o)
                0x00004208                ll_enter_hibernate_mode

i.ll_enter_sm_mode
                0x00004230       0x60
 i.ll_enter_sm_mode
                0x00004230       0x60 C:\Program Files (x86)\Cypress\PSoC Creator\3.1\PSoC Creator\psoc\content\cycomponentlibrary\CyComponentLibrary.cylib\BLE_v1_20\Library\gccCyBLEStack_BLE_SOC_PERIPHERAL.a(ll.o)
                0x00004230                ll_enter_sm_mode

i.ll_exit_low_power_mode
                0x00004290       0xac
 i.ll_exit_low_power_mode
                0x00004290       0xac C:\Program Files (x86)\Cypress\PSoC Creator\3.1\PSoC Creator\psoc\content\cycomponentlibrary\CyComponentLibrary.cylib\BLE_v1_20\Library\gccCyBLEStack_BLE_SOC_PERIPHERAL.a(ll.o)
                0x00004290                ll_exit_low_power_mode

i.ll_get_ack_status
                0x0000433c       0x3c
 i.ll_get_ack_status
                0x0000433c       0x3c C:\Program Files (x86)\Cypress\PSoC Creator\3.1\PSoC Creator\psoc\content\cycomponentlibrary\CyComponentLibrary.cylib\BLE_v1_20\Library\gccCyBLEStack_BLE_SOC_PERIPHERAL.a(ll.o)
                0x0000433c                ll_get_ack_status

i.ll_get_ack_status_for_all_connections
                0x00004378       0x34
 i.ll_get_ack_status_for_all_connections
                0x00004378       0x34 C:\Program Files (x86)\Cypress\PSoC Creator\3.1\PSoC Creator\psoc\content\cycomponentlibrary\CyComponentLibrary.cylib\BLE_v1_20\Library\gccCyBLEStack_BLE_SOC_PERIPHERAL.a(ll.o)
                0x00004378                ll_get_ack_status_for_all_connections

i.ll_get_adv_ch_tx_power
                0x000043ac       0x20
 i.ll_get_adv_ch_tx_power
                0x000043ac       0x20 C:\Program Files (x86)\Cypress\PSoC Creator\3.1\PSoC Creator\psoc\content\cycomponentlibrary\CyComponentLibrary.cylib\BLE_v1_20\Library\gccCyBLEStack_BLE_SOC_PERIPHERAL.a(ll.o)
                0x000043ac                ll_get_adv_ch_tx_power

i.ll_get_data_channel_map
                0x000043cc       0x24
 i.ll_get_data_channel_map
                0x000043cc       0x24 C:\Program Files (x86)\Cypress\PSoC Creator\3.1\PSoC Creator\psoc\content\cycomponentlibrary\CyComponentLibrary.cylib\BLE_v1_20\Library\gccCyBLEStack_BLE_SOC_PERIPHERAL.a(ll.o)
                0x000043cc                ll_get_data_channel_map

i.ll_get_max_white_list_size
                0x000043f0        0xc
 i.ll_get_max_white_list_size
                0x000043f0        0xc C:\Program Files (x86)\Cypress\PSoC Creator\3.1\PSoC Creator\psoc\content\cycomponentlibrary\CyComponentLibrary.cylib\BLE_v1_20\Library\gccCyBLEStack_BLE_SOC_PERIPHERAL.a(ll.o)
                0x000043f0                ll_get_max_white_list_size

i.ll_get_my_role
                0x000043fc        0xc
 i.ll_get_my_role
                0x000043fc        0xc C:\Program Files (x86)\Cypress\PSoC Creator\3.1\PSoC Creator\psoc\content\cycomponentlibrary\CyComponentLibrary.cylib\BLE_v1_20\Library\gccCyBLEStack_BLE_SOC_PERIPHERAL.a(ll.o)
                0x000043fc                ll_get_my_role

i.ll_get_next_available_fifo_for_data_pdu
                0x00004408        0x8
 i.ll_get_next_available_fifo_for_data_pdu
                0x00004408        0x8 C:\Program Files (x86)\Cypress\PSoC Creator\3.1\PSoC Creator\psoc\content\cycomponentlibrary\CyComponentLibrary.cylib\BLE_v1_20\Library\gccCyBLEStack_BLE_SOC_PERIPHERAL.a(ll.o)
                0x00004408                ll_get_next_available_fifo_for_data_pdu

i.ll_get_next_available_fifo_for_ll_pdu
                0x00004410       0x24
 i.ll_get_next_available_fifo_for_ll_pdu
                0x00004410       0x24 C:\Program Files (x86)\Cypress\PSoC Creator\3.1\PSoC Creator\psoc\content\cycomponentlibrary\CyComponentLibrary.cylib\BLE_v1_20\Library\gccCyBLEStack_BLE_SOC_PERIPHERAL.a(ll.o)
                0x00004410                ll_get_next_available_fifo_for_ll_pdu

i.ll_get_rssi_value
                0x00004434       0x26
 i.ll_get_rssi_value
                0x00004434       0x26 C:\Program Files (x86)\Cypress\PSoC Creator\3.1\PSoC Creator\psoc\content\cycomponentlibrary\CyComponentLibrary.cylib\BLE_v1_20\Library\gccCyBLEStack_BLE_SOC_PERIPHERAL.a(ll.o)
                0x00004434                ll_get_rssi_value

i.ll_get_transmit_power_level
                0x0000445c       0x2c
 i.ll_get_transmit_power_level
                0x0000445c       0x2c C:\Program Files (x86)\Cypress\PSoC Creator\3.1\PSoC Creator\psoc\content\cycomponentlibrary\CyComponentLibrary.cylib\BLE_v1_20\Library\gccCyBLEStack_BLE_SOC_PERIPHERAL.a(ll.o)
                0x0000445c                ll_get_transmit_power_level

i.ll_handle_ack_received
                0x00004488       0x74
 i.ll_handle_ack_received
                0x00004488       0x74 C:\Program Files (x86)\Cypress\PSoC Creator\3.1\PSoC Creator\psoc\content\cycomponentlibrary\CyComponentLibrary.cylib\BLE_v1_20\Library\gccCyBLEStack_BLE_SOC_PERIPHERAL.a(ll.o)
                0x00004488                ll_handle_ack_received

i.ll_handle_add_device_in_whitelist
                0x000044fc       0x3a
 i.ll_handle_add_device_in_whitelist
                0x000044fc       0x3a C:\Program Files (x86)\Cypress\PSoC Creator\3.1\PSoC Creator\psoc\content\cycomponentlibrary\CyComponentLibrary.cylib\BLE_v1_20\Library\gccCyBLEStack_BLE_SOC_PERIPHERAL.a(ll.o)
                0x000044fc                ll_handle_add_device_in_whitelist

i.ll_handle_clear_whitelist
                0x00004536       0x16
 i.ll_handle_clear_whitelist
                0x00004536       0x16 C:\Program Files (x86)\Cypress\PSoC Creator\3.1\PSoC Creator\psoc\content\cycomponentlibrary\CyComponentLibrary.cylib\BLE_v1_20\Library\gccCyBLEStack_BLE_SOC_PERIPHERAL.a(ll.o)
                0x00004536                ll_handle_clear_whitelist

i.ll_handle_encrypt_host_data
                0x0000454c       0x36
 i.ll_handle_encrypt_host_data
                0x0000454c       0x36 C:\Program Files (x86)\Cypress\PSoC Creator\3.1\PSoC Creator\psoc\content\cycomponentlibrary\CyComponentLibrary.cylib\BLE_v1_20\Library\gccCyBLEStack_BLE_SOC_PERIPHERAL.a(ll.o)
                0x0000454c                ll_handle_encrypt_host_data

i.ll_handle_host_data_packet
                0x00004582       0x54
 i.ll_handle_host_data_packet
                0x00004582       0x54 C:\Program Files (x86)\Cypress\PSoC Creator\3.1\PSoC Creator\psoc\content\cycomponentlibrary\CyComponentLibrary.cylib\BLE_v1_20\Library\gccCyBLEStack_BLE_SOC_PERIPHERAL.a(ll.o)
                0x00004582                ll_handle_host_data_packet

i.ll_handle_read_host_channel_map
                0x000045d6        0x4
 i.ll_handle_read_host_channel_map
                0x000045d6        0x4 C:\Program Files (x86)\Cypress\PSoC Creator\3.1\PSoC Creator\psoc\content\cycomponentlibrary\CyComponentLibrary.cylib\BLE_v1_20\Library\gccCyBLEStack_BLE_SOC_PERIPHERAL.a(ll.o)
                0x000045d6                ll_handle_read_host_channel_map

i.ll_handle_remove_device_in_whitelist
                0x000045da       0x2a
 i.ll_handle_remove_device_in_whitelist
                0x000045da       0x2a C:\Program Files (x86)\Cypress\PSoC Creator\3.1\PSoC Creator\psoc\content\cycomponentlibrary\CyComponentLibrary.cylib\BLE_v1_20\Library\gccCyBLEStack_BLE_SOC_PERIPHERAL.a(ll.o)
                0x000045da                ll_handle_remove_device_in_whitelist

i.ll_handle_reset
                0x00004604        0xe
 i.ll_handle_reset
                0x00004604        0xe C:\Program Files (x86)\Cypress\PSoC Creator\3.1\PSoC Creator\psoc\content\cycomponentlibrary\CyComponentLibrary.cylib\BLE_v1_20\Library\gccCyBLEStack_BLE_SOC_PERIPHERAL.a(ll.o)
                0x00004604                ll_handle_reset

i.ll_handle_set_random_address
                0x00004612       0x36
 i.ll_handle_set_random_address
                0x00004612       0x36 C:\Program Files (x86)\Cypress\PSoC Creator\3.1\PSoC Creator\psoc\content\cycomponentlibrary\CyComponentLibrary.cylib\BLE_v1_20\Library\gccCyBLEStack_BLE_SOC_PERIPHERAL.a(ll.o)
                0x00004612                ll_handle_set_random_address

i.ll_init       0x00004648       0x18
 i.ll_init      0x00004648       0x18 C:\Program Files (x86)\Cypress\PSoC Creator\3.1\PSoC Creator\psoc\content\cycomponentlibrary\CyComponentLibrary.cylib\BLE_v1_20\Library\gccCyBLEStack_BLE_SOC_PERIPHERAL.a(ll.o)
                0x00004648                ll_init

i.ll_initialize_device_attributes
                0x00004660       0x4c
 i.ll_initialize_device_attributes
                0x00004660       0x4c C:\Program Files (x86)\Cypress\PSoC Creator\3.1\PSoC Creator\psoc\content\cycomponentlibrary\CyComponentLibrary.cylib\BLE_v1_20\Library\gccCyBLEStack_BLE_SOC_PERIPHERAL.a(ll.o)
                0x00004660                ll_initialize_device_attributes

i.ll_is_pkt_pending
                0x000046ac       0x2a
 i.ll_is_pkt_pending
                0x000046ac       0x2a C:\Program Files (x86)\Cypress\PSoC Creator\3.1\PSoC Creator\psoc\content\cycomponentlibrary\CyComponentLibrary.cylib\BLE_v1_20\Library\gccCyBLEStack_BLE_SOC_PERIPHERAL.a(ll.o)
                0x000046ac                ll_is_pkt_pending

i.ll_is_sent_pkt_pending
                0x000046d6       0x1a
 i.ll_is_sent_pkt_pending
                0x000046d6       0x1a C:\Program Files (x86)\Cypress\PSoC Creator\3.1\PSoC Creator\psoc\content\cycomponentlibrary\CyComponentLibrary.cylib\BLE_v1_20\Library\gccCyBLEStack_BLE_SOC_PERIPHERAL.a(ll.o)
                0x000046d6                ll_is_sent_pkt_pending

i.ll_isr_exit_low_power_mode
                0x000046f0       0x16
 i.ll_isr_exit_low_power_mode
                0x000046f0       0x16 C:\Program Files (x86)\Cypress\PSoC Creator\3.1\PSoC Creator\psoc\content\cycomponentlibrary\CyComponentLibrary.cylib\BLE_v1_20\Library\gccCyBLEStack_BLE_SOC_PERIPHERAL.a(ll.o)
                0x000046f0                ll_isr_exit_low_power_mode

i.ll_load_host_data_packet
                0x00004706       0x4a
 i.ll_load_host_data_packet
                0x00004706       0x4a C:\Program Files (x86)\Cypress\PSoC Creator\3.1\PSoC Creator\psoc\content\cycomponentlibrary\CyComponentLibrary.cylib\BLE_v1_20\Library\gccCyBLEStack_BLE_SOC_PERIPHERAL.a(ll.o)
                0x00004706                ll_load_host_data_packet

i.ll_load_packet_to_fifo
                0x00004750       0x6e
 i.ll_load_packet_to_fifo
                0x00004750       0x6e C:\Program Files (x86)\Cypress\PSoC Creator\3.1\PSoC Creator\psoc\content\cycomponentlibrary\CyComponentLibrary.cylib\BLE_v1_20\Library\gccCyBLEStack_BLE_SOC_PERIPHERAL.a(ll.o)
                0x00004750                ll_load_packet_to_fifo

i.ll_process_acks
                0x000047be       0x3c
 i.ll_process_acks
                0x000047be       0x3c C:\Program Files (x86)\Cypress\PSoC Creator\3.1\PSoC Creator\psoc\content\cycomponentlibrary\CyComponentLibrary.cylib\BLE_v1_20\Library\gccCyBLEStack_BLE_SOC_PERIPHERAL.a(ll.o)
                0x000047be                ll_process_acks

i.ll_reset      0x000047fa       0x12
 i.ll_reset     0x000047fa       0x12 C:\Program Files (x86)\Cypress\PSoC Creator\3.1\PSoC Creator\psoc\content\cycomponentlibrary\CyComponentLibrary.cylib\BLE_v1_20\Library\gccCyBLEStack_BLE_SOC_PERIPHERAL.a(ll.o)
                0x000047fa                ll_reset

i.ll_update_active_features
                0x0000480c       0x58
 i.ll_update_active_features
                0x0000480c       0x58 C:\Program Files (x86)\Cypress\PSoC Creator\3.1\PSoC Creator\psoc\content\cycomponentlibrary\CyComponentLibrary.cylib\BLE_v1_20\Library\gccCyBLEStack_BLE_SOC_PERIPHERAL.a(ll.o)
                0x0000480c                ll_update_active_features

i.ll_update_device_fsm
                0x00004864        0x8
 i.ll_update_device_fsm
                0x00004864        0x8 C:\Program Files (x86)\Cypress\PSoC Creator\3.1\PSoC Creator\psoc\content\cycomponentlibrary\CyComponentLibrary.cylib\BLE_v1_20\Library\gccCyBLEStack_BLE_SOC_PERIPHERAL.a(ll.o)
                0x00004864                ll_update_device_fsm

i.pf_le_start_timer
                0x0000486c       0x16
 i.pf_le_start_timer
                0x0000486c       0x16 C:\Program Files (x86)\Cypress\PSoC Creator\3.1\PSoC Creator\psoc\content\cycomponentlibrary\CyComponentLibrary.cylib\BLE_v1_20\Library\gccCyBLEStack_BLE_SOC_PERIPHERAL.a(ll.o)
                0x0000486c                pf_le_start_timer

i.pf_le_stop_timer
                0x00004882       0x12
 i.pf_le_stop_timer
                0x00004882       0x12 C:\Program Files (x86)\Cypress\PSoC Creator\3.1\PSoC Creator\psoc\content\cycomponentlibrary\CyComponentLibrary.cylib\BLE_v1_20\Library\gccCyBLEStack_BLE_SOC_PERIPHERAL.a(ll.o)
                0x00004882                pf_le_stop_timer

i.CyBleControllerIP_TuneAdvEventInterPktSlots
                0x00004894       0x44
 i.CyBleControllerIP_TuneAdvEventInterPktSlots
                0x00004894       0x44 C:\Program Files (x86)\Cypress\PSoC Creator\3.1\PSoC Creator\psoc\content\cycomponentlibrary\CyComponentLibrary.cylib\BLE_v1_20\Library\gccCyBLEStack_BLE_SOC_PERIPHERAL.a(ll_advertiser.o)
                0x00004894                CyBleControllerIP_TuneAdvEventInterPktSlots

i.ll_adv_is_configured_connection_adv
                0x000048d8       0x1e
 i.ll_adv_is_configured_connection_adv
                0x000048d8       0x1e C:\Program Files (x86)\Cypress\PSoC Creator\3.1\PSoC Creator\psoc\content\cycomponentlibrary\CyComponentLibrary.cylib\BLE_v1_20\Library\gccCyBLEStack_BLE_SOC_PERIPHERAL.a(ll_advertiser.o)
                0x000048d8                ll_adv_is_configured_connection_adv

i.ll_check_random_address_in_use_by_advertiser
                0x000048f6       0x10
 i.ll_check_random_address_in_use_by_advertiser
                0x000048f6       0x10 C:\Program Files (x86)\Cypress\PSoC Creator\3.1\PSoC Creator\psoc\content\cycomponentlibrary\CyComponentLibrary.cylib\BLE_v1_20\Library\gccCyBLEStack_BLE_SOC_PERIPHERAL.a(ll_advertiser.o)
                0x000048f6                ll_check_random_address_in_use_by_advertiser

i.ll_check_whitelist_in_use_by_advertiser
                0x00004906       0x10
 i.ll_check_whitelist_in_use_by_advertiser
                0x00004906       0x10 C:\Program Files (x86)\Cypress\PSoC Creator\3.1\PSoC Creator\psoc\content\cycomponentlibrary\CyComponentLibrary.cylib\BLE_v1_20\Library\gccCyBLEStack_BLE_SOC_PERIPHERAL.a(ll_advertiser.o)
                0x00004906                ll_check_whitelist_in_use_by_advertiser

i.ll_get_adv_status
                0x00004916        0xc
 i.ll_get_adv_status
                0x00004916        0xc C:\Program Files (x86)\Cypress\PSoC Creator\3.1\PSoC Creator\psoc\content\cycomponentlibrary\CyComponentLibrary.cylib\BLE_v1_20\Library\gccCyBLEStack_BLE_SOC_PERIPHERAL.a(ll_advertiser.o)
                0x00004916                ll_get_adv_status

i.ll_get_adv_type
                0x00004922       0x16
 i.ll_get_adv_type
                0x00004922       0x16 C:\Program Files (x86)\Cypress\PSoC Creator\3.1\PSoC Creator\psoc\content\cycomponentlibrary\CyComponentLibrary.cylib\BLE_v1_20\Library\gccCyBLEStack_BLE_SOC_PERIPHERAL.a(ll_advertiser.o)
                0x00004922                ll_get_adv_type

i.ll_handle_adv_intr
                0x00004938       0x50
 i.ll_handle_adv_intr
                0x00004938       0x50 C:\Program Files (x86)\Cypress\PSoC Creator\3.1\PSoC Creator\psoc\content\cycomponentlibrary\CyComponentLibrary.cylib\BLE_v1_20\Library\gccCyBLEStack_BLE_SOC_PERIPHERAL.a(ll_advertiser.o)
                0x00004938                ll_handle_adv_intr

i.ll_handle_set_adv_data
                0x00004988       0x14
 i.ll_handle_set_adv_data
                0x00004988       0x14 C:\Program Files (x86)\Cypress\PSoC Creator\3.1\PSoC Creator\psoc\content\cycomponentlibrary\CyComponentLibrary.cylib\BLE_v1_20\Library\gccCyBLEStack_BLE_SOC_PERIPHERAL.a(ll_advertiser.o)
                0x00004988                ll_handle_set_adv_data

i.ll_handle_set_adv_parameters
                0x0000499c       0x84
 i.ll_handle_set_adv_parameters
                0x0000499c       0x84 C:\Program Files (x86)\Cypress\PSoC Creator\3.1\PSoC Creator\psoc\content\cycomponentlibrary\CyComponentLibrary.cylib\BLE_v1_20\Library\gccCyBLEStack_BLE_SOC_PERIPHERAL.a(ll_advertiser.o)
                0x0000499c                ll_handle_set_adv_parameters

i.ll_handle_set_advertise_enable
                0x00004a20       0x70
 i.ll_handle_set_advertise_enable
                0x00004a20       0x70 C:\Program Files (x86)\Cypress\PSoC Creator\3.1\PSoC Creator\psoc\content\cycomponentlibrary\CyComponentLibrary.cylib\BLE_v1_20\Library\gccCyBLEStack_BLE_SOC_PERIPHERAL.a(ll_advertiser.o)
                0x00004a20                ll_handle_set_advertise_enable

i.ll_handle_set_scan_resp_data
                0x00004a90       0x14
 i.ll_handle_set_scan_resp_data
                0x00004a90       0x14 C:\Program Files (x86)\Cypress\PSoC Creator\3.1\PSoC Creator\psoc\content\cycomponentlibrary\CyComponentLibrary.cylib\BLE_v1_20\Library\gccCyBLEStack_BLE_SOC_PERIPHERAL.a(ll_advertiser.o)
                0x00004a90                ll_handle_set_scan_resp_data

i.ll_init_advertiser
                0x00004aa4       0x68
 i.ll_init_advertiser
                0x00004aa4       0x68 C:\Program Files (x86)\Cypress\PSoC Creator\3.1\PSoC Creator\psoc\content\cycomponentlibrary\CyComponentLibrary.cylib\BLE_v1_20\Library\gccCyBLEStack_BLE_SOC_PERIPHERAL.a(ll_advertiser.o)
                0x00004aa4                ll_init_advertiser

i.is_le_connection_handle
                0x00004b0c       0x28
 i.is_le_connection_handle
                0x00004b0c       0x28 C:\Program Files (x86)\Cypress\PSoC Creator\3.1\PSoC Creator\psoc\content\cycomponentlibrary\CyComponentLibrary.cylib\BLE_v1_20\Library\gccCyBLEStack_BLE_SOC_PERIPHERAL.a(ll_connection.o)
                0x00004b0c                is_le_connection_handle

i.le_assign_connection_handle
                0x00004b34       0x28
 i.le_assign_connection_handle
                0x00004b34       0x28 C:\Program Files (x86)\Cypress\PSoC Creator\3.1\PSoC Creator\psoc\content\cycomponentlibrary\CyComponentLibrary.cylib\BLE_v1_20\Library\gccCyBLEStack_BLE_SOC_PERIPHERAL.a(ll_connection.o)
                0x00004b34                le_assign_connection_handle

i.le_get_connection_index
                0x00004b5c        0x6
 i.le_get_connection_index
                0x00004b5c        0x6 C:\Program Files (x86)\Cypress\PSoC Creator\3.1\PSoC Creator\psoc\content\cycomponentlibrary\CyComponentLibrary.cylib\BLE_v1_20\Library\gccCyBLEStack_BLE_SOC_PERIPHERAL.a(ll_connection.o)
                0x00004b5c                le_get_connection_index

i.ll_allocate_connection
                0x00004b64       0x44
 i.ll_allocate_connection
                0x00004b64       0x44 C:\Program Files (x86)\Cypress\PSoC Creator\3.1\PSoC Creator\psoc\content\cycomponentlibrary\CyComponentLibrary.cylib\BLE_v1_20\Library\gccCyBLEStack_BLE_SOC_PERIPHERAL.a(ll_connection.o)
                0x00004b64                ll_allocate_connection

i.ll_calculate_and_program_def_win_widen_drift
                0x00004ba8       0x14
 i.ll_calculate_and_program_def_win_widen_drift
                0x00004ba8       0x14 C:\Program Files (x86)\Cypress\PSoC Creator\3.1\PSoC Creator\psoc\content\cycomponentlibrary\CyComponentLibrary.cylib\BLE_v1_20\Library\gccCyBLEStack_BLE_SOC_PERIPHERAL.a(ll_connection.o)
                0x00004ba8                ll_calculate_and_program_def_win_widen_drift

i.ll_calculate_drift
                0x00004bbc       0x2c
 i.ll_calculate_drift
                0x00004bbc       0x2c C:\Program Files (x86)\Cypress\PSoC Creator\3.1\PSoC Creator\psoc\content\cycomponentlibrary\CyComponentLibrary.cylib\BLE_v1_20\Library\gccCyBLEStack_BLE_SOC_PERIPHERAL.a(ll_connection.o)
                0x00004bbc                ll_calculate_drift

i.ll_check_and_decrypt_ll_pdu
                0x00004be8       0x68
 i.ll_check_and_decrypt_ll_pdu
                0x00004be8       0x68 C:\Program Files (x86)\Cypress\PSoC Creator\3.1\PSoC Creator\psoc\content\cycomponentlibrary\CyComponentLibrary.cylib\BLE_v1_20\Library\gccCyBLEStack_BLE_SOC_PERIPHERAL.a(ll_connection.o)
                0x00004be8                ll_check_and_decrypt_ll_pdu

i.ll_check_and_decrypt_packet
                0x00004c50       0x6a
 i.ll_check_and_decrypt_packet
                0x00004c50       0x6a C:\Program Files (x86)\Cypress\PSoC Creator\3.1\PSoC Creator\psoc\content\cycomponentlibrary\CyComponentLibrary.cylib\BLE_v1_20\Library\gccCyBLEStack_BLE_SOC_PERIPHERAL.a(ll_connection.o)
                0x00004c50                ll_check_and_decrypt_packet

i.ll_check_and_encrypt_ll_pdu
                0x00004cba       0x72
 i.ll_check_and_encrypt_ll_pdu
                0x00004cba       0x72 C:\Program Files (x86)\Cypress\PSoC Creator\3.1\PSoC Creator\psoc\content\cycomponentlibrary\CyComponentLibrary.cylib\BLE_v1_20\Library\gccCyBLEStack_BLE_SOC_PERIPHERAL.a(ll_connection.o)
                0x00004cba                ll_check_and_encrypt_ll_pdu

i.ll_check_and_encrypt_packet
                0x00004d2c       0x8a
 i.ll_check_and_encrypt_packet
                0x00004d2c       0x8a C:\Program Files (x86)\Cypress\PSoC Creator\3.1\PSoC Creator\psoc\content\cycomponentlibrary\CyComponentLibrary.cylib\BLE_v1_20\Library\gccCyBLEStack_BLE_SOC_PERIPHERAL.a(ll_connection.o)
                0x00004d2c                ll_check_and_encrypt_packet

i.ll_check_for_allowing_incoming_connection_update
                0x00004db6       0x42
 i.ll_check_for_allowing_incoming_connection_update
                0x00004db6       0x42 C:\Program Files (x86)\Cypress\PSoC Creator\3.1\PSoC Creator\psoc\content\cycomponentlibrary\CyComponentLibrary.cylib\BLE_v1_20\Library\gccCyBLEStack_BLE_SOC_PERIPHERAL.a(ll_connection.o)
                0x00004db6                ll_check_for_allowing_incoming_connection_update

i.ll_check_if_pdu_is_loaded_to_hardware
                0x00004df8       0x1c
 i.ll_check_if_pdu_is_loaded_to_hardware
                0x00004df8       0x1c C:\Program Files (x86)\Cypress\PSoC Creator\3.1\PSoC Creator\psoc\content\cycomponentlibrary\CyComponentLibrary.cylib\BLE_v1_20\Library\gccCyBLEStack_BLE_SOC_PERIPHERAL.a(ll_connection.o)
                0x00004df8                ll_check_if_pdu_is_loaded_to_hardware

i.ll_check_random_address_in_use_by_initiator
                0x00004e14       0x30
 i.ll_check_random_address_in_use_by_initiator
                0x00004e14       0x30 C:\Program Files (x86)\Cypress\PSoC Creator\3.1\PSoC Creator\psoc\content\cycomponentlibrary\CyComponentLibrary.cylib\BLE_v1_20\Library\gccCyBLEStack_BLE_SOC_PERIPHERAL.a(ll_connection.o)
                0x00004e14                ll_check_random_address_in_use_by_initiator

i.ll_check_white_list_in_use_by_initiator
                0x00004e44       0x30
 i.ll_check_white_list_in_use_by_initiator
                0x00004e44       0x30 C:\Program Files (x86)\Cypress\PSoC Creator\3.1\PSoC Creator\psoc\content\cycomponentlibrary\CyComponentLibrary.cylib\BLE_v1_20\Library\gccCyBLEStack_BLE_SOC_PERIPHERAL.a(ll_connection.o)
                0x00004e44                ll_check_white_list_in_use_by_initiator

i.ll_conn_free_enc_txn_buffer
                0x00004e74       0x16
 i.ll_conn_free_enc_txn_buffer
                0x00004e74       0x16 C:\Program Files (x86)\Cypress\PSoC Creator\3.1\PSoC Creator\psoc\content\cycomponentlibrary\CyComponentLibrary.cylib\BLE_v1_20\Library\gccCyBLEStack_BLE_SOC_PERIPHERAL.a(ll_connection.o)
                0x00004e74                ll_conn_free_enc_txn_buffer

i.ll_conn_fsm_update_channel_state
                0x00004e8a        0x6
 i.ll_conn_fsm_update_channel_state
                0x00004e8a        0x6 C:\Program Files (x86)\Cypress\PSoC Creator\3.1\PSoC Creator\psoc\content\cycomponentlibrary\CyComponentLibrary.cylib\BLE_v1_20\Library\gccCyBLEStack_BLE_SOC_PERIPHERAL.a(ll_connection.o)
                0x00004e8a                ll_conn_fsm_update_channel_state

i.ll_conn_fsm_update_conn_update_state
                0x00004e90        0x6
 i.ll_conn_fsm_update_conn_update_state
                0x00004e90        0x6 C:\Program Files (x86)\Cypress\PSoC Creator\3.1\PSoC Creator\psoc\content\cycomponentlibrary\CyComponentLibrary.cylib\BLE_v1_20\Library\gccCyBLEStack_BLE_SOC_PERIPHERAL.a(ll_connection.o)
                0x00004e90                ll_conn_fsm_update_conn_update_state

i.ll_conn_fsm_update_enc_state
                0x00004e96        0x6
 i.ll_conn_fsm_update_enc_state
                0x00004e96        0x6 C:\Program Files (x86)\Cypress\PSoC Creator\3.1\PSoC Creator\psoc\content\cycomponentlibrary\CyComponentLibrary.cylib\BLE_v1_20\Library\gccCyBLEStack_BLE_SOC_PERIPHERAL.a(ll_connection.o)
                0x00004e96                ll_conn_fsm_update_enc_state

i.ll_conn_fsm_update_state
                0x00004e9c        0x4
 i.ll_conn_fsm_update_state
                0x00004e9c        0x4 C:\Program Files (x86)\Cypress\PSoC Creator\3.1\PSoC Creator\psoc\content\cycomponentlibrary\CyComponentLibrary.cylib\BLE_v1_20\Library\gccCyBLEStack_BLE_SOC_PERIPHERAL.a(ll_connection.o)
                0x00004e9c                ll_conn_fsm_update_state

i.ll_conn_handle_data_pdu_from_host_when_data_paused
                0x00004ea0        0x8
 i.ll_conn_handle_data_pdu_from_host_when_data_paused
                0x00004ea0        0x8 C:\Program Files (x86)\Cypress\PSoC Creator\3.1\PSoC Creator\psoc\content\cycomponentlibrary\CyComponentLibrary.cylib\BLE_v1_20\Library\gccCyBLEStack_BLE_SOC_PERIPHERAL.a(ll_connection.o)
                0x00004ea0                ll_conn_handle_data_pdu_from_host_when_data_paused

i.ll_conn_handle_direct_adv_timeout
                0x00004ea8       0x2a
 i.ll_conn_handle_direct_adv_timeout
                0x00004ea8       0x2a C:\Program Files (x86)\Cypress\PSoC Creator\3.1\PSoC Creator\psoc\content\cycomponentlibrary\CyComponentLibrary.cylib\BLE_v1_20\Library\gccCyBLEStack_BLE_SOC_PERIPHERAL.a(ll_connection.o)
                0x00004ea8                ll_conn_handle_direct_adv_timeout

i.ll_conn_handle_ping_timer_expired_interrupt
                0x00004ed4       0x1c
 i.ll_conn_handle_ping_timer_expired_interrupt
                0x00004ed4       0x1c C:\Program Files (x86)\Cypress\PSoC Creator\3.1\PSoC Creator\psoc\content\cycomponentlibrary\CyComponentLibrary.cylib\BLE_v1_20\Library\gccCyBLEStack_BLE_SOC_PERIPHERAL.a(ll_connection.o)
                0x00004ed4                ll_conn_handle_ping_timer_expired_interrupt

i.ll_conn_handle_ping_timer_nearly_expired_interrupt
                0x00004ef0       0x20
 i.ll_conn_handle_ping_timer_nearly_expired_interrupt
                0x00004ef0       0x20 C:\Program Files (x86)\Cypress\PSoC Creator\3.1\PSoC Creator\psoc\content\cycomponentlibrary\CyComponentLibrary.cylib\BLE_v1_20\Library\gccCyBLEStack_BLE_SOC_PERIPHERAL.a(ll_connection.o)
                0x00004ef0                ll_conn_handle_ping_timer_nearly_expired_interrupt

i.ll_conn_handle_stop_connectable_adv
                0x00004f10       0x12
 i.ll_conn_handle_stop_connectable_adv
                0x00004f10       0x12 C:\Program Files (x86)\Cypress\PSoC Creator\3.1\PSoC Creator\psoc\content\cycomponentlibrary\CyComponentLibrary.cylib\BLE_v1_20\Library\gccCyBLEStack_BLE_SOC_PERIPHERAL.a(ll_connection.o)
                0x00004f10                ll_conn_handle_stop_connectable_adv

i.ll_conn_process_pending_transactions
                0x00004f22        0x4
 i.ll_conn_process_pending_transactions
                0x00004f22        0x4 C:\Program Files (x86)\Cypress\PSoC Creator\3.1\PSoC Creator\psoc\content\cycomponentlibrary\CyComponentLibrary.cylib\BLE_v1_20\Library\gccCyBLEStack_BLE_SOC_PERIPHERAL.a(ll_connection.o)
                0x00004f22                ll_conn_process_pending_transactions

i.ll_conn_program_authenticated_payload_timer
                0x00004f28       0x50
 i.ll_conn_program_authenticated_payload_timer
                0x00004f28       0x50 C:\Program Files (x86)\Cypress\PSoC Creator\3.1\PSoC Creator\psoc\content\cycomponentlibrary\CyComponentLibrary.cylib\BLE_v1_20\Library\gccCyBLEStack_BLE_SOC_PERIPHERAL.a(ll_connection.o)
                0x00004f28                ll_conn_program_authenticated_payload_timer

i.ll_conn_read_data_pdu_from_hardware
                0x00004f78       0x14
 i.ll_conn_read_data_pdu_from_hardware
                0x00004f78       0x14 C:\Program Files (x86)\Cypress\PSoC Creator\3.1\PSoC Creator\psoc\content\cycomponentlibrary\CyComponentLibrary.cylib\BLE_v1_20\Library\gccCyBLEStack_BLE_SOC_PERIPHERAL.a(ll_connection.o)
                0x00004f78                ll_conn_read_data_pdu_from_hardware

i.ll_conn_send_ping_req_pdu
                0x00004f8c       0x40
 i.ll_conn_send_ping_req_pdu
                0x00004f8c       0x40 C:\Program Files (x86)\Cypress\PSoC Creator\3.1\PSoC Creator\psoc\content\cycomponentlibrary\CyComponentLibrary.cylib\BLE_v1_20\Library\gccCyBLEStack_BLE_SOC_PERIPHERAL.a(ll_connection.o)
                0x00004f8c                ll_conn_send_ping_req_pdu

i.ll_conn_store_pending_tx_pdu
                0x00004fcc       0x1a
 i.ll_conn_store_pending_tx_pdu
                0x00004fcc       0x1a C:\Program Files (x86)\Cypress\PSoC Creator\3.1\PSoC Creator\psoc\content\cycomponentlibrary\CyComponentLibrary.cylib\BLE_v1_20\Library\gccCyBLEStack_BLE_SOC_PERIPHERAL.a(ll_connection.o)
                0x00004fcc                ll_conn_store_pending_tx_pdu

i.ll_conn_update_rssi
                0x00004fe6       0x16
 i.ll_conn_update_rssi